Archive member included because of file (symbol)

/storage/apps/eclipse-avr/workspace/ArduinoCore-1.0.1/Mega2560/libArduinoCore-1.0.1.a(HardwareSerial.o)
                              ./src/main.o (Serial)
/storage/apps/eclipse-avr/workspace/ArduinoCore-1.0.1/Mega2560/libArduinoCore-1.0.1.a(IPAddress.o)
                              ./arduinolib/Ethernet/Dhcp.o (_ZTV9IPAddress)
/storage/apps/eclipse-avr/workspace/ArduinoCore-1.0.1/Mega2560/libArduinoCore-1.0.1.a(Print.o)
                              ./arduinolib/Wire/Wire.o (_ZN5Print5writeEPKhj)
/storage/apps/eclipse-avr/workspace/ArduinoCore-1.0.1/Mega2560/libArduinoCore-1.0.1.a(WMath.o)
                              ./arduinolib/Ethernet/Dhcp.o (_Z6randomll)
/storage/apps/eclipse-avr/workspace/ArduinoCore-1.0.1/Mega2560/libArduinoCore-1.0.1.a(WString.o)
                              ./src/main.o (_ZN6StringD2Ev)
/storage/apps/eclipse-avr/workspace/ArduinoCore-1.0.1/Mega2560/libArduinoCore-1.0.1.a(new.o)
                              ./arduinolib/Wire/Wire.o (__cxa_pure_virtual)
/storage/apps/eclipse-avr/workspace/ArduinoCore-1.0.1/Mega2560/libArduinoCore-1.0.1.a(wiring.o)
                              ./src/main.o (millis)
/storage/apps/eclipse-avr/workspace/ArduinoCore-1.0.1/Mega2560/libArduinoCore-1.0.1.a(wiring_analog.o)
                              ./src/main.o (analogRead)
/storage/apps/eclipse-avr/workspace/ArduinoCore-1.0.1/Mega2560/libArduinoCore-1.0.1.a(wiring_digital.o)
                              ./src/main.o (pinMode)
/usr/lib/gcc/avr/4.5.3/../../../avr/lib/avr6/libm.a(addsf3.o)
                              ./lib/DallasTemperature.o (__subsf3)
/usr/lib/gcc/avr/4.5.3/../../../avr/lib/avr6/libm.a(addsf3x.o)
                              /usr/lib/gcc/avr/4.5.3/../../../avr/lib/avr6/libm.a(addsf3.o) (__addsf3x)
/usr/lib/gcc/avr/4.5.3/../../../avr/lib/avr6/libm.a(cmpsf2.o)
                              /storage/apps/eclipse-avr/workspace/ArduinoCore-1.0.1/Mega2560/libArduinoCore-1.0.1.a(Print.o) (__ltsf2)
/usr/lib/gcc/avr/4.5.3/../../../avr/lib/avr6/libm.a(divsf3.o)
                              ./lib/Chronodot.o (__divsf3)
/usr/lib/gcc/avr/4.5.3/../../../avr/lib/avr6/libm.a(divsf3x.o)
                              /usr/lib/gcc/avr/4.5.3/../../../avr/lib/avr6/libm.a(divsf3.o) (__divsf3x)
/usr/lib/gcc/avr/4.5.3/../../../avr/lib/avr6/libm.a(fixsfsi.o)
                              ./lib/Chronodot.o (__fixsfsi)
/usr/lib/gcc/avr/4.5.3/../../../avr/lib/avr6/libm.a(fixunssfsi.o)
                              /storage/apps/eclipse-avr/workspace/ArduinoCore-1.0.1/Mega2560/libArduinoCore-1.0.1.a(Print.o) (__fixunssfsi)
/usr/lib/gcc/avr/4.5.3/../../../avr/lib/avr6/libm.a(floatsisf.o)
                              ./lib/DallasTemperature.o (__floatunsisf)
/usr/lib/gcc/avr/4.5.3/../../../avr/lib/avr6/libm.a(fp_cmp.o)
                              /usr/lib/gcc/avr/4.5.3/../../../avr/lib/avr6/libm.a(cmpsf2.o) (__fp_cmp)
/usr/lib/gcc/avr/4.5.3/../../../avr/lib/avr6/libm.a(fp_inf.o)
                              /usr/lib/gcc/avr/4.5.3/../../../avr/lib/avr6/libm.a(addsf3x.o) (__fp_inf)
/usr/lib/gcc/avr/4.5.3/../../../avr/lib/avr6/libm.a(fp_nan.o)
                              /usr/lib/gcc/avr/4.5.3/../../../avr/lib/avr6/libm.a(addsf3x.o) (__fp_nan)
/usr/lib/gcc/avr/4.5.3/../../../avr/lib/avr6/libm.a(fp_pscA.o)
                              /usr/lib/gcc/avr/4.5.3/../../../avr/lib/avr6/libm.a(addsf3x.o) (__fp_pscA)
/usr/lib/gcc/avr/4.5.3/../../../avr/lib/avr6/libm.a(fp_pscB.o)
                              /usr/lib/gcc/avr/4.5.3/../../../avr/lib/avr6/libm.a(addsf3x.o) (__fp_pscB)
/usr/lib/gcc/avr/4.5.3/../../../avr/lib/avr6/libm.a(fp_round.o)
                              /usr/lib/gcc/avr/4.5.3/../../../avr/lib/avr6/libm.a(addsf3.o) (__fp_round)
/usr/lib/gcc/avr/4.5.3/../../../avr/lib/avr6/libm.a(fp_split3.o)
                              /usr/lib/gcc/avr/4.5.3/../../../avr/lib/avr6/libm.a(addsf3x.o) (__fp_split3)
/usr/lib/gcc/avr/4.5.3/../../../avr/lib/avr6/libm.a(fp_zero.o)
                              /usr/lib/gcc/avr/4.5.3/../../../avr/lib/avr6/libm.a(addsf3x.o) (__fp_zero)
/usr/lib/gcc/avr/4.5.3/../../../avr/lib/avr6/libm.a(mulsf3.o)
                              ./lib/Chronodot.o (__mulsf3)
/usr/lib/gcc/avr/4.5.3/../../../avr/lib/avr6/libm.a(mulsf3x.o)
                              /usr/lib/gcc/avr/4.5.3/../../../avr/lib/avr6/libm.a(mulsf3.o) (__mulsf3x)
/usr/lib/gcc/avr/4.5.3/avr6/libgcc.a(_mulsi3.o)
                              ./src/main.o (__mulsi3)
/usr/lib/gcc/avr/4.5.3/avr6/libgcc.a(_udivmodqi4.o)
                              ./lib/Chronodot.o (__udivmodqi4)
/usr/lib/gcc/avr/4.5.3/avr6/libgcc.a(_udivmodhi4.o)
                              ./lib/Chronodot.o (__udivmodhi4)
/usr/lib/gcc/avr/4.5.3/avr6/libgcc.a(_divmodhi4.o)
                              /storage/apps/eclipse-avr/workspace/ArduinoCore-1.0.1/Mega2560/libArduinoCore-1.0.1.a(HardwareSerial.o) (__divmodhi4)
/usr/lib/gcc/avr/4.5.3/avr6/libgcc.a(_udivmodsi4.o)
[...]
Memory Configuration

Name             Origin             Length             Attributes
text             0x0000000000000000 0x0000000000100000 xr
data             0x0000000000800200 0x000000000000fe00 rw !x
eeprom           0x0000000000810000 0x0000000000010000 rw !x
fuse             0x0000000000820000 0x0000000000000400 rw !x
lock             0x0000000000830000 0x0000000000000400 rw !x
signature        0x0000000000840000 0x0000000000000400 rw !x
*default*        0x0000000000000000 0xffffffffffffffff

Linker script and memory map

Address of section .data set to 0x800200
LOAD /usr/lib/gcc/avr/4.5.3/../../../avr/lib/avr6/crtm2560.o
LOAD ./src/Configuration.o
LOAD ./src/Gateway.o
LOAD ./src/IpAddress.o
LOAD ./src/Netmask.o
LOAD ./src/main.o
LOAD ./lib/Chronodot.o
LOAD ./lib/DallasTemperature.o
LOAD ./lib/Event.o
LOAD ./lib/OneWire.o
LOAD ./lib/Timer.o
LOAD ./arduinolib/Wire/utility/twi.o
LOAD ./arduinolib/Wire/Wire.o
LOAD ./arduinolib/SPI/SPI.o
LOAD ./arduinolib/Ethernet/utility/socket.o
LOAD ./arduinolib/Ethernet/utility/w5100.o
LOAD ./arduinolib/Ethernet/Dhcp.o
LOAD ./arduinolib/Ethernet/Dns.o
LOAD ./arduinolib/Ethernet/Ethernet.o
LOAD ./arduinolib/Ethernet/EthernetClient.o
LOAD ./arduinolib/Ethernet/EthernetServer.o
LOAD ./arduinolib/Ethernet/EthernetUdp.o
LOAD ./arduinolib/EEPROM/EEPROM.o
LOAD /storage/apps/eclipse-avr/workspace/ArduinoCore-1.0.1/Mega2560/libArduinoCore-1.0.1.a
LOAD /usr/lib/gcc/avr/4.5.3/../../../avr/lib/avr6/libm.a
LOAD /usr/lib/gcc/avr/4.5.3/../../../avr/lib/avr6/libm.a
LOAD /usr/lib/gcc/avr/4.5.3/avr6/libgcc.a
LOAD /usr/lib/gcc/avr/4.5.3/../../../avr/lib/avr6/libc.a
LOAD /usr/lib/gcc/avr/4.5.3/avr6/libgcc.a

.hash
 *(.hash)

.dynsym
 *(.dynsym)

.dynstr
 *(.dynstr)

.gnu.version
 *(.gnu.version)

.gnu.version_d
 *(.gnu.version_d)

.gnu.version_r
 *(.gnu.version_r)

.rel.init
 *(.rel.init)

.rela.init
 *(.rela.init)

.rel.text
 *(.rel.text)
 *(.rel.text.*)
 *(.rel.gnu.linkonce.t*)

.rela.text
 *(.rela.text)
 *(.rela.text.*)
 *(.rela.gnu.linkonce.t*)

.rel.fini
 *(.rel.fini)

.rela.fini
 *(.rela.fini)

.rel.rodata
 *(.rel.rodata)
 *(.rel.rodata.*)
 *(.rel.gnu.linkonce.r*)

.rela.rodata
 *(.rela.rodata)
 *(.rela.rodata.*)
 *(.rela.gnu.linkonce.r*)

.rel.data
 *(.rel.data)
 *(.rel.data.*)
 *(.rel.gnu.linkonce.d*)

.rela.data
 *(.rela.data)
 *(.rela.data.*)
 *(.rela.gnu.linkonce.d*)

.rel.ctors
 *(.rel.ctors)

.rela.ctors
 *(.rela.ctors)

.rel.dtors
 *(.rel.dtors)

.rela.dtors
 *(.rela.dtors)

.rel.got
 *(.rel.got)

.rela.got
 *(.rela.got)

.rel.bss
 *(.rel.bss)

.rela.bss
 *(.rela.bss)

.rel.plt
 *(.rel.plt)

.rela.plt
 *(.rela.plt)

.text           0x0000000000000000    0x139c0
 *(.vectors)
 .vectors       0x0000000000000000       0xe4 /usr/lib/gcc/avr/4.5.3/../../../avr/lib/avr6/crtm2560.o
                0x0000000000000000                __vectors
                0x0000000000000000                __vector_default
 *(.vectors)
 *(.progmem.gcc*)
 .progmem.gcc_sw_table
                0x00000000000000e4      0x1f2 ./arduinolib/Wire/utility/twi.o
 *(.progmem*)
 .progmem.data  0x00000000000002d6        0xc ./lib/Chronodot.o
 .progmem.data  0x00000000000002e2      0x100 ./lib/OneWire.o
 .progmem.data  0x00000000000003e2      0x120 /storage/apps/eclipse-avr/workspace/ArduinoCore-1.0.1/Mega2560/libArduinoCore-1.0.1.a(wiring_digital.o)
                0x00000000000003e2                port_to_mode_PGM
                0x00000000000003fc                port_to_output_PGM
                0x0000000000000416                port_to_input_PGM
                0x0000000000000430                digital_pin_to_port_PGM
                0x0000000000000476                digital_pin_to_bit_mask_PGM
                0x00000000000004bc                digital_pin_to_timer_PGM
 .progmem.data  0x0000000000000502       0xfa /usr/lib/gcc/avr/4.5.3/../../../avr/lib/avr6/libc.a(ftoa_engine.o)
                0x00000000000005fc                . = ALIGN (0x2)
                0x00000000000005fc                __trampolines_start = .
 *(.trampolines)
 .trampolines   0x00000000000005fc        0x0 linker stubs
 *(.trampolines*)
                0x00000000000005fc                __trampolines_end = .
 *(.jumptables)
 *(.jumptables*)
 *(.lowtext)
 *(.lowtext*)
                0x00000000000005fc                __ctors_start = .
 *(.ctors)
 .ctors         0x00000000000005fc        0x2 ./src/main.o
 .ctors         0x00000000000005fe        0x2 ./arduinolib/Wire/Wire.o
 .ctors         0x0000000000000600        0x2 ./arduinolib/Ethernet/Dhcp.o
 .ctors         0x0000000000000602        0x2 ./arduinolib/Ethernet/Dns.o
 .ctors         0x0000000000000604        0x2 ./arduinolib/Ethernet/Ethernet.o
 .ctors         0x0000000000000606        0x2 ./arduinolib/Ethernet/EthernetClient.o
 .ctors         0x0000000000000608        0x2 ./arduinolib/Ethernet/EthernetServer.o
 .ctors         0x000000000000060a        0x2 ./arduinolib/Ethernet/EthernetUdp.o
 .ctors         0x000000000000060c        0x2 /storage/apps/eclipse-avr/workspace/ArduinoCore-1.0.1/Mega2560/libArduinoCore-1.0.1.a(HardwareSerial.o)
 .ctors         0x000000000000060e        0x2 /storage/apps/eclipse-avr/workspace/ArduinoCore-1.0.1/Mega2560/libArduinoCore-1.0.1.a(IPAddress.o)
                0x0000000000000610                __ctors_end = .
                0x0000000000000610                __dtors_start = .
 *(.dtors)
 .dtors         0x0000000000000610        0x2 ./src/main.o
                0x0000000000000612                __dtors_end = .
 SORT(*)(.ctors)
 SORT(*)(.dtors)
 *(.init0)
 .init0         0x0000000000000612        0x0 /usr/lib/gcc/avr/4.5.3/../../../avr/lib/avr6/crtm2560.o
                0x0000000000000612                __init
 *(.init0)
 *(.init1)
 *(.init1)
 *(.init2)
 .init2         0x0000000000000612       0x10 /usr/lib/gcc/avr/4.5.3/../../../avr/lib/avr6/crtm2560.o
 *(.init2)
 *(.init3)
 *(.init3)
 *(.init4)
 .init4         0x0000000000000622       0x1a /usr/lib/gcc/avr/4.5.3/avr6/libgcc.a(_copy_data.o)
                0x0000000000000622                __do_copy_data
 .init4         0x000000000000063c       0x10 /usr/lib/gcc/avr/4.5.3/avr6/libgcc.a(_clear_bss.o)
                0x000000000000063c                __do_clear_bss
 *(.init4)
 *(.init5)
 *(.init5)
 *(.init6)
 .init6         0x000000000000064c       0x20 /usr/lib/gcc/avr/4.5.3/avr6/libgcc.a(_ctors.o)
                0x000000000000064c                __do_global_ctors
 *(.init6)
 *(.init7)
 *(.init7)
 *(.init8)
 *(.init8)
 *(.init9)
 .init9         0x000000000000066c        0x8 /usr/lib/gcc/avr/4.5.3/../../../avr/lib/avr6/crtm2560.o
 *(.init9)
 *(.text)
 .text          0x0000000000000674        0x4 /usr/lib/gcc/avr/4.5.3/../../../avr/lib/avr6/crtm2560.o
                0x0000000000000674                __vector_38
                0x0000000000000674                __vector_22
                0x0000000000000674                __vector_28
                0x0000000000000674                __vector_1
                0x0000000000000674                __vector_32
                0x0000000000000674                __vector_34
                0x0000000000000674                __vector_24
                0x0000000000000674                __vector_12
                0x0000000000000674                __vector_46
                0x0000000000000674                __bad_interrupt
                0x0000000000000674                __vector_6
                0x0000000000000674                __vector_31
                0x0000000000000674                __vector_35
                0x0000000000000674                __vector_3
                0x0000000000000674                __vector_30
                0x0000000000000674                __vector_45
                0x0000000000000674                __vector_11
                0x0000000000000674                __vector_13
                0x0000000000000674                __vector_17
                0x0000000000000674                __vector_19
                0x0000000000000674                __vector_56
                0x0000000000000674                __vector_7
                0x0000000000000674                __vector_49
                0x0000000000000674                __vector_41
                0x0000000000000674                __vector_43
                0x0000000000000674                __vector_27
                0x0000000000000674                __vector_5
                0x0000000000000674                __vector_33
                0x0000000000000674                __vector_47
                0x0000000000000674                __vector_4
                0x0000000000000674                __vector_44
                0x0000000000000674                __vector_9
                0x0000000000000674                __vector_2
                0x0000000000000674                __vector_21
                0x0000000000000674                __vector_15
                0x0000000000000674                __vector_29
                0x0000000000000674                __vector_40
                0x0000000000000674                __vector_8
                0x0000000000000674                __vector_48
                0x0000000000000674                __vector_14
                0x0000000000000674                __vector_53
                0x0000000000000674                __vector_10
                0x0000000000000674                __vector_50
                0x0000000000000674                __vector_16
                0x0000000000000674                __vector_18
                0x0000000000000674                __vector_20
                0x0000000000000674                __vector_42
 .text          0x0000000000000678        0x0 ./src/Configuration.o
 .text          0x0000000000000678        0x0 ./src/Gateway.o
 .text          0x0000000000000678        0x0 ./src/IpAddress.o
 .text          0x0000000000000678        0x0 ./src/Netmask.o
 .text          0x0000000000000678        0x0 ./src/main.o
 .text          0x0000000000000678        0x0 ./lib/Chronodot.o
 .text          0x0000000000000678        0x0 ./lib/DallasTemperature.o
 .text          0x0000000000000678        0x0 ./lib/Event.o
 .text          0x0000000000000678        0x0 ./lib/OneWire.o
 .text          0x0000000000000678        0x0 ./lib/Timer.o
 .text          0x0000000000000678        0x0 ./arduinolib/Wire/utility/twi.o
 .text          0x0000000000000678        0x0 ./arduinolib/Wire/Wire.o
 .text          0x0000000000000678        0x0 ./arduinolib/SPI/SPI.o
 .text          0x0000000000000678        0x0 ./arduinolib/Ethernet/utility/socket.o
 .text          0x0000000000000678        0x0 ./arduinolib/Ethernet/utility/w5100.o
 .text          0x0000000000000678        0x0 ./arduinolib/Ethernet/Dhcp.o
 .text          0x0000000000000678        0x0 ./arduinolib/Ethernet/Dns.o
 .text          0x0000000000000678        0x0 ./arduinolib/Ethernet/Ethernet.o
 .text          0x0000000000000678        0x0 ./arduinolib/Ethernet/EthernetClient.o
 .text          0x0000000000000678        0x0 ./arduinolib/Ethernet/EthernetServer.o
 .text          0x0000000000000678        0x0 ./arduinolib/Ethernet/EthernetUdp.o
 .text          0x0000000000000678        0x0 ./arduinolib/EEPROM/EEPROM.o
 .text          0x0000000000000678        0x0 /storage/apps/eclipse-avr/workspace/ArduinoCore-1.0.1/Mega2560/libArduinoCore-1.0.1.a(HardwareSerial.o)
 .text          0x0000000000000678        0x0 /storage/apps/eclipse-avr/workspace/ArduinoCore-1.0.1/Mega2560/libArduinoCore-1.0.1.a(IPAddress.o)
 .text          0x0000000000000678        0x0 /storage/apps/eclipse-avr/workspace/ArduinoCore-1.0.1/Mega2560/libArduinoCore-1.0.1.a(Print.o)
 .text          0x0000000000000678        0x0 /storage/apps/eclipse-avr/workspace/ArduinoCore-1.0.1/Mega2560/libArduinoCore-1.0.1.a(WMath.o)
 .text          0x0000000000000678        0x0 /storage/apps/eclipse-avr/workspace/ArduinoCore-1.0.1/Mega2560/libArduinoCore-1.0.1.a(WString.o)
 .text          0x0000000000000678        0x0 /storage/apps/eclipse-avr/workspace/ArduinoCore-1.0.1/Mega2560/libArduinoCore-1.0.1.a(new.o)
 .text          0x0000000000000678        0x0 /storage/apps/eclipse-avr/workspace/ArduinoCore-1.0.1/Mega2560/libArduinoCore-1.0.1.a(wiring.o)
 .text          0x0000000000000678        0x0 /storage/apps/eclipse-avr/workspace/ArduinoCore-1.0.1/Mega2560/libArduinoCore-1.0.1.a(wiring_analog.o)
 .text          0x0000000000000678        0x0 /storage/apps/eclipse-avr/workspace/ArduinoCore-1.0.1/Mega2560/libArduinoCore-1.0.1.a(wiring_digital.o)
 .text          0x0000000000000678        0x0 /usr/lib/gcc/avr/4.5.3/../../../avr/lib/avr6/libm.a(addsf3.o)
 .text          0x0000000000000678        0x0 /usr/lib/gcc/avr/4.5.3/../../../avr/lib/avr6/libm.a(addsf3x.o)
 .text          0x0000000000000678        0x0 /usr/lib/gcc/avr/4.5.3/../../../avr/lib/avr6/libm.a(cmpsf2.o)
 .text          0x0000000000000678        0x0 /usr/lib/gcc/avr/4.5.3/../../../avr/lib/avr6/libm.a(divsf3.o)
 .text          0x0000000000000678        0x0 /usr/lib/gcc/avr/4.5.3/../../../avr/lib/avr6/libm.a(divsf3x.o)
 .text          0x0000000000000678        0x0 /usr/lib/gcc/avr/4.5.3/../../../avr/lib/avr6/libm.a(fixsfsi.o)
 .text          0x0000000000000678        0x0 /usr/lib/gcc/avr/4.5.3/../../../avr/lib/avr6/libm.a(fixunssfsi.o)
 .text          0x0000000000000678        0x0 /usr/lib/gcc/avr/4.5.3/../../../avr/lib/avr6/libm.a(floatsisf.o)
 .text          0x0000000000000678        0x0 /usr/lib/gcc/avr/4.5.3/../../../avr/lib/avr6/libm.a(fp_cmp.o)
 .text          0x0000000000000678        0x0 /usr/lib/gcc/avr/4.5.3/../../../avr/lib/avr6/libm.a(fp_inf.o)
 .text          0x0000000000000678        0x0 /usr/lib/gcc/avr/4.5.3/../../../avr/lib/avr6/libm.a(fp_nan.o)
 .text          0x0000000000000678        0x0 /usr/lib/gcc/avr/4.5.3/../../../avr/lib/avr6/libm.a(fp_pscA.o)
 .text          0x0000000000000678        0x0 /usr/lib/gcc/avr/4.5.3/../../../avr/lib/avr6/libm.a(fp_pscB.o)
 .text          0x0000000000000678        0x0 /usr/lib/gcc/avr/4.5.3/../../../avr/lib/avr6/libm.a(fp_round.o)
 .text          0x0000000000000678        0x0 /usr/lib/gcc/avr/4.5.3/../../../avr/lib/avr6/libm.a(fp_split3.o)
 .text          0x0000000000000678        0x0 /usr/lib/gcc/avr/4.5.3/../../../avr/lib/avr6/libm.a(fp_zero.o)
 .text          0x0000000000000678        0x0 /usr/lib/gcc/avr/4.5.3/../../../avr/lib/avr6/libm.a(mulsf3.o)
 .text          0x0000000000000678        0x0 /usr/lib/gcc/avr/4.5.3/../../../avr/lib/avr6/libm.a(mulsf3x.o)
 .text          0x0000000000000678        0x0 /usr/lib/gcc/avr/4.5.3/avr6/libgcc.a(_mulsi3.o)
 .text          0x0000000000000678        0x0 /usr/lib/gcc/avr/4.5.3/avr6/libgcc.a(_udivmodqi4.o)
 .text          0x0000000000000678        0x0 /usr/lib/gcc/avr/4.5.3/avr6/libgcc.a(_udivmodhi4.o)
 .text          0x0000000000000678        0x0 /usr/lib/gcc/avr/4.5.3/avr6/libgcc.a(_divmodhi4.o)
 .text          0x0000000000000678        0x0 /usr/lib/gcc/avr/4.5.3/avr6/libgcc.a(_udivmodsi4.o)
 .text          0x0000000000000678        0x0 /usr/lib/gcc/avr/4.5.3/avr6/libgcc.a(_divmodsi4.o)
 .text          0x0000000000000678        0x0 /usr/lib/gcc/avr/4.5.3/avr6/libgcc.a(_exit.o)
 .text          0x0000000000000678        0x0 /usr/lib/gcc/avr/4.5.3/avr6/libgcc.a(_copy_data.o)
 .text          0x0000000000000678        0x0 /usr/lib/gcc/avr/4.5.3/avr6/libgcc.a(_clear_bss.o)
 .text          0x0000000000000678        0x0 /usr/lib/gcc/avr/4.5.3/avr6/libgcc.a(_ctors.o)
 .text          0x0000000000000678        0x0 /usr/lib/gcc/avr/4.5.3/avr6/libgcc.a(_dtors.o)
 .text          0x0000000000000678        0x0 /usr/lib/gcc/avr/4.5.3/avr6/libgcc.a(_tablejump_elpm.o)
 .text          0x0000000000000678        0x0 /usr/lib/gcc/avr/4.5.3/../../../avr/lib/avr6/libc.a(dtostrf.o)
 .text          0x0000000000000678        0x0 /usr/lib/gcc/avr/4.5.3/../../../avr/lib/avr6/libc.a(malloc.o)
 .text          0x0000000000000678        0x0 /usr/lib/gcc/avr/4.5.3/../../../avr/lib/avr6/libc.a(random.o)
 .text          0x0000000000000678        0x0 /usr/lib/gcc/avr/4.5.3/../../../avr/lib/avr6/libc.a(realloc.o)
 .text          0x0000000000000678        0x0 /usr/lib/gcc/avr/4.5.3/../../../avr/lib/avr6/libc.a(atoi.o)
 .text          0x0000000000000678        0x0 /usr/lib/gcc/avr/4.5.3/../../../avr/lib/avr6/libc.a(atol.o)
 .text          0x0000000000000678        0x0 /usr/lib/gcc/avr/4.5.3/../../../avr/lib/avr6/libc.a(isspace.o)
 .text          0x0000000000000678        0x0 /usr/lib/gcc/avr/4.5.3/../../../avr/lib/avr6/libc.a(tolower.o)
 .text          0x0000000000000678        0x0 /usr/lib/gcc/avr/4.5.3/../../../avr/lib/avr6/libc.a(toupper.o)
 .text          0x0000000000000678        0x0 /usr/lib/gcc/avr/4.5.3/../../../avr/lib/avr6/libc.a(strtok.o)
 .text          0x0000000000000678        0x0 /usr/lib/gcc/avr/4.5.3/../../../avr/lib/avr6/libc.a(memcmp.o)
 .text          0x0000000000000678        0x0 /usr/lib/gcc/avr/4.5.3/../../../avr/lib/avr6/libc.a(memcpy.o)
 .text          0x0000000000000678        0x0 /usr/lib/gcc/avr/4.5.3/../../../avr/lib/avr6/libc.a(memmove.o)
 .text          0x0000000000000678        0x0 /usr/lib/gcc/avr/4.5.3/../../../avr/lib/avr6/libc.a(memset.o)
 .text          0x0000000000000678        0x0 /usr/lib/gcc/avr/4.5.3/../../../avr/lib/avr6/libc.a(strchr.o)
 .text          0x0000000000000678        0x0 /usr/lib/gcc/avr/4.5.3/../../../avr/lib/avr6/libc.a(strcmp.o)
 .text          0x0000000000000678        0x0 /usr/lib/gcc/avr/4.5.3/../../../avr/lib/avr6/libc.a(strcpy.o)
 .text          0x0000000000000678        0x0 /usr/lib/gcc/avr/4.5.3/../../../avr/lib/avr6/libc.a(strncmp.o)
 .text          0x0000000000000678        0x0 /usr/lib/gcc/avr/4.5.3/../../../avr/lib/avr6/libc.a(strncpy.o)
 .text          0x0000000000000678        0x0 /usr/lib/gcc/avr/4.5.3/../../../avr/lib/avr6/libc.a(strrchr.o)
 .text          0x0000000000000678        0x0 /usr/lib/gcc/avr/4.5.3/../../../avr/lib/avr6/libc.a(strstr.o)
 .text          0x0000000000000678        0x0 /usr/lib/gcc/avr/4.5.3/../../../avr/lib/avr6/libc.a(strtok_r.o)
 .text          0x0000000000000678        0x0 /usr/lib/gcc/avr/4.5.3/../../../avr/lib/avr6/libc.a(itoa.o)
 .text          0x0000000000000678        0x0 /usr/lib/gcc/avr/4.5.3/../../../avr/lib/avr6/libc.a(ltoa.o)
 .text          0x0000000000000678        0x0 /usr/lib/gcc/avr/4.5.3/../../../avr/lib/avr6/libc.a(mulsi10.o)
 .text          0x0000000000000678        0x0 /usr/lib/gcc/avr/4.5.3/../../../avr/lib/avr6/libc.a(mul10.o)
 .text          0x0000000000000678        0x0 /usr/lib/gcc/avr/4.5.3/../../../avr/lib/avr6/libc.a(ultoa.o)
 .text          0x0000000000000678        0x0 /usr/lib/gcc/avr/4.5.3/../../../avr/lib/avr6/libc.a(utoa.o)
 .text          0x0000000000000678        0x0 /usr/lib/gcc/avr/4.5.3/../../../avr/lib/avr6/libc.a(sprintf.o)
 .text          0x0000000000000678        0x0 /usr/lib/gcc/avr/4.5.3/../../../avr/lib/avr6/libc.a(vfprintf_std.o)
 .text          0x0000000000000678        0x0 /usr/lib/gcc/avr/4.5.3/../../../avr/lib/avr6/libc.a(eerd_byte_atmega2560.o)
 .text          0x0000000000000678        0x0 /usr/lib/gcc/avr/4.5.3/../../../avr/lib/avr6/libc.a(eewr_byte_atmega2560.o)
 .text          0x0000000000000678        0x0 /usr/lib/gcc/avr/4.5.3/../../../avr/lib/avr6/libc.a(dtoa_prf.o)
 .text          0x0000000000000678        0x0 /usr/lib/gcc/avr/4.5.3/../../../avr/lib/avr6/libc.a(ftoa_engine.o)
 .text          0x0000000000000678        0x0 /usr/lib/gcc/avr/4.5.3/../../../avr/lib/avr6/libc.a(cty_isfalse.o)
 .text          0x0000000000000678        0x0 /usr/lib/gcc/avr/4.5.3/../../../avr/lib/avr6/libc.a(strnlen_P.o)
 .text          0x0000000000000678        0x0 /usr/lib/gcc/avr/4.5.3/../../../avr/lib/avr6/libc.a(strnlen.o)
 .text          0x0000000000000678        0x0 /usr/lib/gcc/avr/4.5.3/../../../avr/lib/avr6/libc.a(strrev.o)
 .text          0x0000000000000678        0x0 /usr/lib/gcc/avr/4.5.3/../../../avr/lib/avr6/libc.a(fputc.o)
 .text          0x0000000000000678        0x0 /usr/lib/gcc/avr/4.5.3/../../../avr/lib/avr6/libc.a(ultoa_invert.o)
                0x0000000000000678                . = ALIGN (0x2)
 *(.text.*)
 .text._ZN13ConfigurationC2Ev
                0x0000000000000678       0x22 ./src/Configuration.o
                0x0000000000000678                _ZN13ConfigurationC1Ev
                0x0000000000000678                _ZN13ConfigurationC2Ev
 .text._ZN13Configuration4loadEv
                0x000000000000069a      0x31c ./src/Configuration.o
                0x000000000000069a                _ZN13Configuration4loadEv
 .text._ZN13Configuration4readEih
                0x00000000000009b6       0x6c ./src/Configuration.o
                0x00000000000009b6                _ZN13Configuration4readEih
 .text._ZN13Configuration25isAutoWaterChangesEnabledEv
                0x0000000000000a22       0x22 ./src/Configuration.o
                0x0000000000000a22                _ZN13Configuration25isAutoWaterChangesEnabledEv
 .text._ZN13Configuration26isAutoFillReservoirEnabledEv
                0x0000000000000a44       0x22 ./src/Configuration.o
                0x0000000000000a44                _ZN13Configuration26isAutoFillReservoirEnabledEv
 .text._ZN13Configuration24isAutoCirculationEnabledEv
                0x0000000000000a66       0x22 ./src/Configuration.o
                0x0000000000000a66                _ZN13Configuration24isAutoCirculationEnabledEv
 .text._ZN13Configuration27getReservoirPowerheadOutletEv
                0x0000000000000a88       0x24 ./src/Configuration.o
                0x0000000000000a88                _ZN13Configuration27getReservoirPowerheadOutletEv
 .text._ZN13Configuration25getAquariumFillPumpOutletEv
                0x0000000000000aac       0x24 ./src/Configuration.o
                0x0000000000000aac                _ZN13Configuration25getAquariumFillPumpOutletEv
 .text._ZN13Configuration24getDrainMinutesPerGallonEv
                0x0000000000000ad0       0x24 ./src/Configuration.o
                0x0000000000000ad0                _ZN13Configuration24getDrainMinutesPerGallonEv
 .text._ZN13Configuration24getDrainSecondsPerGallonEv
                0x0000000000000af4       0x24 ./src/Configuration.o
                0x0000000000000af4                _ZN13Configuration24getDrainSecondsPerGallonEv
 .text._ZN13Configuration23getFillMinutesPerGallonEv
                0x0000000000000b18       0x24 ./src/Configuration.o
                0x0000000000000b18                _ZN13Configuration23getFillMinutesPerGallonEv
 .text._ZN13Configuration23getFillSecondsPerGallonEv
                0x0000000000000b3c       0x24 ./src/Configuration.o
                0x0000000000000b3c                _ZN13Configuration23getFillSecondsPerGallonEv
 .text._ZN13Configuration22getAutoWaterChangeHourEv
                0x0000000000000b60       0x24 ./src/Configuration.o
                0x0000000000000b60                _ZN13Configuration22getAutoWaterChangeHourEv
 .text._ZN13Configuration25getAutoWaterChangeMinutesEv
                0x0000000000000b84       0x24 ./src/Configuration.o
                0x0000000000000b84                _ZN13Configuration25getAutoWaterChangeMinutesEv
 .text._ZN13Configuration25getAutoWaterChangeGallonsEv
                0x0000000000000ba8       0x24 ./src/Configuration.o
                0x0000000000000ba8                _ZN13Configuration25getAutoWaterChangeGallonsEv
 .text._ZN13Configuration24getAutoFillReservoirHourEv
                0x0000000000000bcc       0x24 ./src/Configuration.o
                0x0000000000000bcc                _ZN13Configuration24getAutoFillReservoirHourEv
 .text._ZN13Configuration27getAutoFillReservoirMinutesEv
                0x0000000000000bf0       0x24 ./src/Configuration.o
                0x0000000000000bf0                _ZN13Configuration27getAutoFillReservoirMinutesEv
 .text._ZN13Configuration19isAutoTopOffEnabledEv
                0x0000000000000c14       0x22 ./src/Configuration.o
                0x0000000000000c14                _ZN13Configuration19isAutoTopOffEnabledEv
 .text._ZN13Configuration20getAutoTopOffMinutesEv
                0x0000000000000c36       0x24 ./src/Configuration.o
                0x0000000000000c36                _ZN13Configuration20getAutoTopOffMinutesEv
 .text._ZN13Configuration13setPinOutlet1Ei
                0x0000000000000c5a       0x40 ./src/Configuration.o
                0x0000000000000c5a                _ZN13Configuration13setPinOutlet1Ei
 .text._ZN13Configuration13getPinOutlet1Ev
                0x0000000000000c9a       0x24 ./src/Configuration.o
                0x0000000000000c9a                _ZN13Configuration13getPinOutlet1Ev
 .text._ZN13Configuration13setPinOutlet2Ei
                0x0000000000000cbe       0x40 ./src/Configuration.o
                0x0000000000000cbe                _ZN13Configuration13setPinOutlet2Ei
 .text._ZN13Configuration13getPinOutlet2Ev
                0x0000000000000cfe       0x24 ./src/Configuration.o
                0x0000000000000cfe                _ZN13Configuration13getPinOutlet2Ev
 .text._ZN13Configuration13setPinOutlet3Ei
                0x0000000000000d22       0x40 ./src/Configuration.o
                0x0000000000000d22                _ZN13Configuration13setPinOutlet3Ei
 .text._ZN13Configuration13getPinOutlet3Ev
                0x0000000000000d62       0x24 ./src/Configuration.o
                0x0000000000000d62                _ZN13Configuration13getPinOutlet3Ev
 .text._ZN13Configuration13setPinOutlet4Ei
                0x0000000000000d86       0x40 ./src/Configuration.o
                0x0000000000000d86                _ZN13Configuration13setPinOutlet4Ei
 .text._ZN13Configuration13getPinOutlet4Ev
                0x0000000000000dc6       0x24 ./src/Configuration.o
                0x0000000000000dc6                _ZN13Configuration13getPinOutlet4Ev
 .text._ZN13Configuration13setPinOutlet5Ei
                0x0000000000000dea       0x40 ./src/Configuration.o
                0x0000000000000dea                _ZN13Configuration13setPinOutlet5Ei
 .text._ZN13Configuration13getPinOutlet5Ev
                0x0000000000000e2a       0x24 ./src/Configuration.o
                0x0000000000000e2a                _ZN13Configuration13getPinOutlet5Ev
 .text._ZN13Configuration13setPinOutlet6Ei
                0x0000000000000e4e       0x40 ./src/Configuration.o
                0x0000000000000e4e                _ZN13Configuration13setPinOutlet6Ei
 .text._ZN13Configuration13getPinOutlet6Ev
                0x0000000000000e8e       0x24 ./src/Configuration.o
                0x0000000000000e8e                _ZN13Configuration13getPinOutlet6Ev
 .text._ZN13Configuration13setPinOutlet7Ei
                0x0000000000000eb2       0x40 ./src/Configuration.o
                0x0000000000000eb2                _ZN13Configuration13setPinOutlet7Ei
 .text._ZN13Configuration13getPinOutlet7Ev
                0x0000000000000ef2       0x24 ./src/Configuration.o
                0x0000000000000ef2                _ZN13Configuration13getPinOutlet7Ev
 .text._ZN13Configuration13setPinOutlet8Ei
                0x0000000000000f16       0x40 ./src/Configuration.o
                0x0000000000000f16                _ZN13Configuration13setPinOutlet8Ei
 .text._ZN13Configuration13getPinOutlet8Ev
                0x0000000000000f56       0x24 ./src/Configuration.o
                0x0000000000000f56                _ZN13Configuration13getPinOutlet8Ev
 .text._ZN13Configuration26setPinRodiAquariumSolenoidEi
                0x0000000000000f7a       0x40 ./src/Configuration.o
                0x0000000000000f7a                _ZN13Configuration26setPinRodiAquariumSolenoidEi
 .text._ZN13Configuration26getPinRodiAquariumSolenoidEv
                0x0000000000000fba       0x24 ./src/Configuration.o
                0x0000000000000fba                _ZN13Configuration26getPinRodiAquariumSolenoidEv
 .text._ZN13Configuration27setPinRodiReservoirSolenoidEi
                0x0000000000000fde       0x40 ./src/Configuration.o
                0x0000000000000fde                _ZN13Configuration27setPinRodiReservoirSolenoidEi
 .text._ZN13Configuration27getPinRodiReservoirSolenoidEv
                0x000000000000101e       0x24 ./src/Configuration.o
                0x000000000000101e                _ZN13Configuration27getPinRodiReservoirSolenoidEv
 .text._ZN13Configuration27setPinAquariumDrainSolenoidEi
                0x0000000000001042       0x40 ./src/Configuration.o
                0x0000000000001042                _ZN13Configuration27setPinAquariumDrainSolenoidEi
 .text._ZN13Configuration27getPinAquariumDrainSolenoidEv
                0x0000000000001082       0x24 ./src/Configuration.o
                0x0000000000001082                _ZN13Configuration27getPinAquariumDrainSolenoidEv
 .text._ZN13Configuration30setPinReservoirUpperFloatValveEi
                0x00000000000010a6       0x40 ./src/Configuration.o
                0x00000000000010a6                _ZN13Configuration30setPinReservoirUpperFloatValveEi
 .text._ZN13Configuration30getPinReservoirUpperFloatValveEv
                0x00000000000010e6       0x24 ./src/Configuration.o
                0x00000000000010e6                _ZN13Configuration30getPinReservoirUpperFloatValveEv
 .text._ZN13Configuration30setPinReservoirLowerFloatValveEi
                0x000000000000110a       0x40 ./src/Configuration.o
                0x000000000000110a                _ZN13Configuration30setPinReservoirLowerFloatValveEi
 .text._ZN13Configuration30getPinReservoirLowerFloatValveEv
                0x000000000000114a       0x24 ./src/Configuration.o
                0x000000000000114a                _ZN13Configuration30getPinReservoirLowerFloatValveEv
 .text._ZN13Configuration5eraseEv
                0x000000000000116e       0x54 ./src/Configuration.o
                0x000000000000116e                _ZN13Configuration5eraseEv
 .text._ZN7GatewayC2Ev
                0x00000000000011c2      0x1bc ./src/Gateway.o
                0x00000000000011c2                _ZN7GatewayC2Ev
                0x00000000000011c2                _ZN7GatewayC1Ev
 .text._ZN7GatewayD2Ev
                0x000000000000137e       0x24 ./src/Gateway.o
                0x000000000000137e                _ZN7GatewayD1Ev
                0x000000000000137e                _ZN7GatewayD2Ev
 .text._ZN7Gateway3setEhhhh
                0x00000000000013a2      0x17a ./src/Gateway.o
                0x00000000000013a2                _ZN7Gateway3setEhhhh
 .text._ZN7Gateway8getBytesEv
                0x000000000000151c       0x60 ./src/Gateway.o
                0x000000000000151c                _ZN7Gateway8getBytesEv
 .text._ZN7Gateway5eraseEv
                0x000000000000157c       0x52 ./src/Gateway.o
                0x000000000000157c                _ZN7Gateway5eraseEv
 .text._ZN7Gateway8toStringEv
                0x00000000000015ce       0x38 ./src/Gateway.o
                0x00000000000015ce                _ZN7Gateway8toStringEv
 .text._ZN9IpAddressC2Ev
                0x0000000000001606      0x1bc ./src/IpAddress.o
                0x0000000000001606                _ZN9IpAddressC2Ev
                0x0000000000001606                _ZN9IpAddressC1Ev
 .text._ZN9IpAddressD2Ev
                0x00000000000017c2       0x24 ./src/IpAddress.o
                0x00000000000017c2                _ZN9IpAddressD1Ev
                0x00000000000017c2                _ZN9IpAddressD2Ev
 .text._ZN9IpAddress3setEhhhh
                0x00000000000017e6      0x17a ./src/IpAddress.o
                0x00000000000017e6                _ZN9IpAddress3setEhhhh
 .text._ZN9IpAddress8getBytesEv
                0x0000000000001960       0x60 ./src/IpAddress.o
                0x0000000000001960                _ZN9IpAddress8getBytesEv
 .text._ZN9IpAddress5eraseEv
                0x00000000000019c0       0x52 ./src/IpAddress.o
                0x00000000000019c0                _ZN9IpAddress5eraseEv
 .text._ZN9IpAddress8toStringEv
                0x0000000000001a12       0x38 ./src/IpAddress.o
                0x0000000000001a12                _ZN9IpAddress8toStringEv
 .text._ZN7NetmaskC2Ev
                0x0000000000001a4a      0x1ba ./src/Netmask.o
                0x0000000000001a4a                _ZN7NetmaskC1Ev
                0x0000000000001a4a                _ZN7NetmaskC2Ev
 .text._ZN7NetmaskD2Ev
                0x0000000000001c04       0x24 ./src/Netmask.o
                0x0000000000001c04                _ZN7NetmaskD2Ev
                0x0000000000001c04                _ZN7NetmaskD1Ev
 .text._ZN7Netmask3setEhhhh
                0x0000000000001c28      0x17a ./src/Netmask.o
                0x0000000000001c28                _ZN7Netmask3setEhhhh
 .text._ZN7Netmask8getBytesEv
                0x0000000000001da2       0x60 ./src/Netmask.o
                0x0000000000001da2                _ZN7Netmask8getBytesEv
 .text._ZN7Netmask5eraseEv
                0x0000000000001e02       0x52 ./src/Netmask.o
                0x0000000000001e02                _ZN7Netmask5eraseEv
 .text._ZN7Netmask8toStringEv
                0x0000000000001e54       0x38 ./src/Netmask.o
                0x0000000000001e54                _ZN7Netmask8toStringEv
 .text._ZN6StringpLERKS_
                0x0000000000001e8c       0x34 ./src/main.o
                0x0000000000001e8c                _ZN6StringpLERKS_
 .text._ZN6StringpLEPKc
                0x0000000000001ec0       0x34 ./src/main.o
                0x0000000000001ec0                _ZN6StringpLEPKc
 .text._ZNK6String11toCharArrayEPcjj
                0x0000000000001ef4       0x4a ./src/main.o
                0x0000000000001ef4                _ZNK6String11toCharArrayEPcjj
 .text._ZN15StringSumHelperC1ERK6String
                0x0000000000001f3e       0x30 ./src/main.o
                0x0000000000001f3e                _ZN15StringSumHelperC1ERK6String
 .text._ZN15StringSumHelperC1EPKc
                0x0000000000001f6e       0x30 ./src/main.o
                0x0000000000001f6e                _ZN15StringSumHelperC1EPKc
 .text._ZNK8DateTime4yearEv
                0x0000000000001f9e       0x2a ./src/main.o
                0x0000000000001f9e                _ZNK8DateTime4yearEv
 .text._ZNK8DateTime5monthEv
                0x0000000000001fc8       0x22 ./src/main.o
                0x0000000000001fc8                _ZNK8DateTime5monthEv
 .text._ZNK8DateTime3dayEv
                0x0000000000001fea       0x22 ./src/main.o
                0x0000000000001fea                _ZNK8DateTime3dayEv
 .text._ZNK8DateTime4hourEv
                0x000000000000200c       0x22 ./src/main.o
                0x000000000000200c                _ZNK8DateTime4hourEv
 .text._ZNK8DateTime6minuteEv
                0x000000000000202e       0x22 ./src/main.o
                0x000000000000202e                _ZNK8DateTime6minuteEv
 .text._ZNK8DateTime6secondEv
                0x0000000000002050       0x22 ./src/main.o
                0x0000000000002050                _ZNK8DateTime6secondEv
 .text._ZNK8DateTime5tempFEv
                0x0000000000002072       0x24 ./src/main.o
                0x0000000000002072                _ZNK8DateTime5tempFEv
 .text.main     0x0000000000002096       0x16 ./src/main.o
                0x0000000000002096                main
 .text.setup    0x00000000000020ac      0x228 ./src/main.o
                0x00000000000020ac                setup
 .text._Z5debug6String
                0x00000000000022d4       0x52 ./src/main.o
                0x00000000000022d4                _Z5debug6String
 .text._Z14sendHtmlHeaderv
                0x0000000000002326       0x1c ./src/main.o
                0x0000000000002326                _Z14sendHtmlHeaderv
 .text._Z7send404v
                0x0000000000002342       0x52 ./src/main.o
                0x0000000000002342                _Z7send404v
 .text._Z5replyi6StringS_
                0x0000000000002394       0x9c ./src/main.o
                0x0000000000002394                _Z5replyi6StringS_
 .text._Z16sendNotification6StringS_
                0x0000000000002430      0x192 ./src/main.o
                0x0000000000002430                _Z16sendNotification6StringS_
 .text._Z17stopAquariumDrainv
                0x00000000000025c2       0xda ./src/main.o
                0x00000000000025c2                _Z17stopAquariumDrainv
 .text._Z20stopAquariumFillPumpv
                0x000000000000269c       0xda ./src/main.o
                0x000000000000269c                _Z20stopAquariumFillPumpv
 .text._Z16stopAquariumRoDiv
                0x0000000000002776       0x1c ./src/main.o
                0x0000000000002776                _Z16stopAquariumRoDiv
 .text._Z17startAquariumRoDiv
                0x0000000000002792       0x1c ./src/main.o
                0x0000000000002792                _Z17startAquariumRoDiv
 .text._Z23startReservoirPowerheadv
                0x00000000000027ae       0x1c ./src/main.o
                0x00000000000027ae                _Z23startReservoirPowerheadv
 .text._Z22stopReservoirPowerheadv
                0x00000000000027ca       0x1c ./src/main.o
                0x00000000000027ca                _Z22stopReservoirPowerheadv
 .text._Z18startReservoirRoDiv
                0x00000000000027e6       0x1c ./src/main.o
                0x00000000000027e6                _Z18startReservoirRoDiv
 .text._Z17stopReservoirRoDiv
                0x0000000000002802       0x1c ./src/main.o
                0x0000000000002802                _Z17stopReservoirRoDiv
 .text._Z14stopAutoTopOffv
                0x000000000000281e       0xcc ./src/main.o
                0x000000000000281e                _Z14stopAutoTopOffv
 .text._Z15startAutoTopOffv
                0x00000000000028ea      0x146 ./src/main.o
                0x00000000000028ea                _Z15startAutoTopOffv
 .text._Z16startWaterChangeii
                0x0000000000002a30      0x344 ./src/main.o
                0x0000000000002a30                _Z16startWaterChangeii
 .text._Z20startAutoWaterChangev
                0x0000000000002d74       0x60 ./src/main.o
                0x0000000000002d74                _Z20startAutoWaterChangev
 .text._Z25updateWaterChangeCountersv
                0x0000000000002dd4      0x1b2 ./src/main.o
                0x0000000000002dd4                _Z25updateWaterChangeCountersv
 .text._Z15availableMemoryv
                0x0000000000002f86       0x86 ./src/main.o
                0x0000000000002f86                _Z15availableMemoryv
 .text._Z12factoryResetv
                0x000000000000300c       0x64 ./src/main.o
                0x000000000000300c                _Z12factoryResetv
 .text._Z24checkUpperReservoirLevelv
                0x0000000000003070      0x16c ./src/main.o
                0x0000000000003070                _Z24checkUpperReservoirLevelv
 .text._Z24checkLowerReservoirLevelv
                0x00000000000031dc      0x188 ./src/main.o
                0x00000000000031dc                _Z24checkLowerReservoirLevelv
 .text._ZN15StringSumHelperD1Ev
                0x0000000000003364       0x22 ./src/main.o
                0x0000000000003364                _ZN15StringSumHelperD1Ev
 .text._ZN5PrintaSERKS_
                0x0000000000003386       0x3a ./src/main.o
                0x0000000000003386                _ZN5PrintaSERKS_
 .text._ZN6StreamaSERKS_
                0x00000000000033c0       0x6c ./src/main.o
                0x00000000000033c0                _ZN6StreamaSERKS_
 .text._ZN6ClientaSERKS_
                0x000000000000342c       0x34 ./src/main.o
                0x000000000000342c                _ZN6ClientaSERKS_
 .text._ZN14EthernetClientaSERKS_
                0x0000000000003460       0x44 ./src/main.o
                0x0000000000003460                _ZN14EthernetClientaSERKS_
 .text.loop     0x00000000000034a4     0x2906 ./src/main.o
                0x00000000000034a4                loop
 .text._Z41__static_initialization_and_destruction_0ii
                0x0000000000005daa      0x13e ./src/main.o
 .text._GLOBAL__I_apiKey
                0x0000000000005ee8       0x1a ./src/main.o
 .text._GLOBAL__D_apiKey
                0x0000000000005f02       0x1a ./src/main.o
 .text._ZNK8DateTime4yearEv
                0x0000000000005f1c       0x2a ./lib/Chronodot.o
 .text._ZNK8DateTime5monthEv
                0x0000000000005f46       0x22 ./lib/Chronodot.o
 .text._ZNK8DateTime3dayEv
                0x0000000000005f68       0x22 ./lib/Chronodot.o
 .text._ZNK8DateTime4hourEv
                0x0000000000005f8a       0x22 ./lib/Chronodot.o
 .text._ZNK8DateTime6minuteEv
                0x0000000000005fac       0x22 ./lib/Chronodot.o
 .text._ZNK8DateTime6secondEv
                0x0000000000005fce       0x22 ./lib/Chronodot.o
 .text._ZL9date2daysjhh
                0x0000000000005ff0       0xea ./lib/Chronodot.o
 .text._ZL9time2longjhhh
                0x00000000000060da       0xa8 ./lib/Chronodot.o
 .text._ZN8DateTimeC2Em
                0x0000000000006182      0x21a ./lib/Chronodot.o
                0x0000000000006182                _ZN8DateTimeC1Em
                0x0000000000006182                _ZN8DateTimeC2Em
 .text._ZN8DateTimeC2Ejhhhhhif
                0x000000000000639c       0xc8 ./lib/Chronodot.o
                0x000000000000639c                _ZN8DateTimeC1Ejhhhhhif
                0x000000000000639c                _ZN8DateTimeC2Ejhhhhhif
 .text._ZL6conv2dPKc
                0x0000000000006464       0x64 ./lib/Chronodot.o
 .text._ZN8DateTimeC2EPKcS1_
                0x00000000000064c8      0x19e ./lib/Chronodot.o
                0x00000000000064c8                _ZN8DateTimeC2EPKcS1_
                0x00000000000064c8                _ZN8DateTimeC1EPKcS1_
 .text._ZNK8DateTime9dayOfWeekEv
                0x0000000000006666       0x56 ./lib/Chronodot.o
                0x0000000000006666                _ZNK8DateTime9dayOfWeekEv
 .text._ZNK8DateTime11secondstimeEv
                0x00000000000066bc       0x8e ./lib/Chronodot.o
                0x00000000000066bc                _ZNK8DateTime11secondstimeEv
 .text._ZNK8DateTime8unixtimeEv
                0x000000000000674a       0xa6 ./lib/Chronodot.o
                0x000000000000674a                _ZNK8DateTime8unixtimeEv
 .text._ZL7bcd2binh
                0x00000000000067f0       0x3c ./lib/Chronodot.o
 .text._ZL7bin2bcdh
                0x000000000000682c       0x2e ./lib/Chronodot.o
 .text._ZN9Chronodot5beginEv
                0x000000000000685a       0x10 ./lib/Chronodot.o
                0x000000000000685a                _ZN9Chronodot5beginEv
 .text._ZN9Chronodot9isrunningEv
                0x000000000000686a       0x6a ./lib/Chronodot.o
                0x000000000000686a                _ZN9Chronodot9isrunningEv
 .text._ZN9Chronodot6adjustERK8DateTime
                0x00000000000068d4      0x142 ./lib/Chronodot.o
                0x00000000000068d4                _ZN9Chronodot6adjustERK8DateTime
 .text._ZN9Chronodot3nowEv
                0x0000000000006a16      0x22a ./lib/Chronodot.o
                0x0000000000006a16                _ZN9Chronodot3nowEv
 .text._ZN10RTC_Millis6adjustERK8DateTime
                0x0000000000006c40       0x72 ./lib/Chronodot.o
                0x0000000000006c40                _ZN10RTC_Millis6adjustERK8DateTime
 .text._ZN10RTC_Millis3nowEv
                0x0000000000006cb2       0x54 ./lib/Chronodot.o
                0x0000000000006cb2                _ZN10RTC_Millis3nowEv
 .text._ZN17DallasTemperatureC2EP7OneWire
                0x0000000000006d06       0x6c ./lib/DallasTemperature.o
                0x0000000000006d06                _ZN17DallasTemperatureC2EP7OneWire
                0x0000000000006d06                _ZN17DallasTemperatureC1EP7OneWire
 .text._ZN17DallasTemperature5beginEv
                0x0000000000006d72      0x126 ./lib/DallasTemperature.o
                0x0000000000006d72                _ZN17DallasTemperature5beginEv
 .text._ZN17DallasTemperature14getDeviceCountEv
                0x0000000000006e98       0x22 ./lib/DallasTemperature.o
                0x0000000000006e98                _ZN17DallasTemperature14getDeviceCountEv
 .text._ZN17DallasTemperature12validAddressEPh
                0x0000000000006eba       0x40 ./lib/DallasTemperature.o
                0x0000000000006eba                _ZN17DallasTemperature12validAddressEPh
 .text._ZN17DallasTemperature10getAddressEPhh
                0x0000000000006efa       0x94 ./lib/DallasTemperature.o
                0x0000000000006efa                _ZN17DallasTemperature10getAddressEPhh
 .text._ZN17DallasTemperature11isConnectedEPh
                0x0000000000006f8e       0x44 ./lib/DallasTemperature.o
                0x0000000000006f8e                _ZN17DallasTemperature11isConnectedEPh
 .text._ZN17DallasTemperature11isConnectedEPhS0_
                0x0000000000006fd2       0x5c ./lib/DallasTemperature.o
                0x0000000000006fd2                _ZN17DallasTemperature11isConnectedEPhS0_
 .text._ZN17DallasTemperature14readScratchPadEPhS0_
                0x000000000000702e      0x16c ./lib/DallasTemperature.o
                0x000000000000702e                _ZN17DallasTemperature14readScratchPadEPhS0_
 .text._ZN17DallasTemperature15writeScratchPadEPhPKh
                0x000000000000719a      0x112 ./lib/DallasTemperature.o
                0x000000000000719a                _ZN17DallasTemperature15writeScratchPadEPhPKh
 .text._ZN17DallasTemperature15readPowerSupplyEPh
                0x00000000000072ac       0x8c ./lib/DallasTemperature.o
                0x00000000000072ac                _ZN17DallasTemperature15readPowerSupplyEPh
 .text._ZN17DallasTemperature13setResolutionEh
                0x0000000000007338       0x9e ./lib/DallasTemperature.o
                0x0000000000007338                _ZN17DallasTemperature13setResolutionEh
 .text._ZN17DallasTemperature13setResolutionEPhh
                0x00000000000073d6       0xa8 ./lib/DallasTemperature.o
                0x00000000000073d6                _ZN17DallasTemperature13setResolutionEPhh
 .text._ZN17DallasTemperature13getResolutionEv
                0x000000000000747e       0x22 ./lib/DallasTemperature.o
                0x000000000000747e                _ZN17DallasTemperature13getResolutionEv
 .text._ZN17DallasTemperature13getResolutionEPh
                0x00000000000074a0       0x90 ./lib/DallasTemperature.o
                0x00000000000074a0                _ZN17DallasTemperature13getResolutionEPh
 .text._ZN17DallasTemperature20setWaitForConversionEb
                0x0000000000007530       0x26 ./lib/DallasTemperature.o
                0x0000000000007530                _ZN17DallasTemperature20setWaitForConversionEb
 .text._ZN17DallasTemperature20getWaitForConversionEv
                0x0000000000007556       0x22 ./lib/DallasTemperature.o
                0x0000000000007556                _ZN17DallasTemperature20getWaitForConversionEv
 .text._ZN17DallasTemperature21setCheckForConversionEb
                0x0000000000007578       0x26 ./lib/DallasTemperature.o
                0x0000000000007578                _ZN17DallasTemperature21setCheckForConversionEb
 .text._ZN17DallasTemperature21getCheckForConversionEv
                0x000000000000759e       0x22 ./lib/DallasTemperature.o
                0x000000000000759e                _ZN17DallasTemperature21getCheckForConversionEv
 .text._ZN17DallasTemperature21isConversionAvailableEPh
                0x00000000000075c0       0x4e ./lib/DallasTemperature.o
                0x00000000000075c0                _ZN17DallasTemperature21isConversionAvailableEPh
 .text._ZN17DallasTemperature19requestTemperaturesEv
                0x000000000000760e       0x7e ./lib/DallasTemperature.o
                0x000000000000760e                _ZN17DallasTemperature19requestTemperaturesEv
 .text._ZN17DallasTemperature28requestTemperaturesByAddressEPh
                0x000000000000768c       0xca ./lib/DallasTemperature.o
                0x000000000000768c                _ZN17DallasTemperature28requestTemperaturesByAddressEPh
 .text._ZN17DallasTemperature27blockTillConversionCompleteEPhS0_
                0x0000000000007756      0x128 ./lib/DallasTemperature.o
                0x0000000000007756                _ZN17DallasTemperature27blockTillConversionCompleteEPhS0_
 .text._ZN17DallasTemperature26requestTemperaturesByIndexEh
                0x000000000000787e       0x4e ./lib/DallasTemperature.o
                0x000000000000787e                _ZN17DallasTemperature26requestTemperaturesByIndexEh
 .text._ZN17DallasTemperature15getTempCByIndexEh
                0x00000000000078cc       0x56 ./lib/DallasTemperature.o
                0x00000000000078cc                _ZN17DallasTemperature15getTempCByIndexEh
 .text._ZN17DallasTemperature15getTempFByIndexEh
                0x0000000000007922       0x3a ./lib/DallasTemperature.o
                0x0000000000007922                _ZN17DallasTemperature15getTempFByIndexEh
 .text._ZN17DallasTemperature20calculateTemperatureEPhS0_
                0x000000000000795c      0x24e ./lib/DallasTemperature.o
                0x000000000000795c                _ZN17DallasTemperature20calculateTemperatureEPhS0_
 .text._ZN17DallasTemperature8getTempCEPh
                0x0000000000007baa       0x70 ./lib/DallasTemperature.o
                0x0000000000007baa                _ZN17DallasTemperature8getTempCEPh
 .text._ZN17DallasTemperature8getTempFEPh
                0x0000000000007c1a       0x44 ./lib/DallasTemperature.o
                0x0000000000007c1a                _ZN17DallasTemperature8getTempFEPh
 .text._ZN17DallasTemperature19isParasitePowerModeEv
                0x0000000000007c5e       0x22 ./lib/DallasTemperature.o
                0x0000000000007c5e                _ZN17DallasTemperature19isParasitePowerModeEv
 .text._ZN17DallasTemperature16setHighAlarmTempEPhc
                0x0000000000007c80       0x7a ./lib/DallasTemperature.o
                0x0000000000007c80                _ZN17DallasTemperature16setHighAlarmTempEPhc
 .text._ZN17DallasTemperature15setLowAlarmTempEPhc
                0x0000000000007cfa       0x7a ./lib/DallasTemperature.o
                0x0000000000007cfa                _ZN17DallasTemperature15setLowAlarmTempEPhc
 .text._ZN17DallasTemperature16getHighAlarmTempEPh
                0x0000000000007d74       0x4e ./lib/DallasTemperature.o
                0x0000000000007d74                _ZN17DallasTemperature16getHighAlarmTempEPh
 .text._ZN17DallasTemperature15getLowAlarmTempEPh
                0x0000000000007dc2       0x4e ./lib/DallasTemperature.o
                0x0000000000007dc2                _ZN17DallasTemperature15getLowAlarmTempEPh
 .text._ZN17DallasTemperature16resetAlarmSearchEv
                0x0000000000007e10       0x58 ./lib/DallasTemperature.o
                0x0000000000007e10                _ZN17DallasTemperature16resetAlarmSearchEv
 .text._ZN17DallasTemperature11alarmSearchEPh
                0x0000000000007e68      0x246 ./lib/DallasTemperature.o
                0x0000000000007e68                _ZN17DallasTemperature11alarmSearchEPh
 .text._ZN17DallasTemperature8hasAlarmEPh
                0x00000000000080ae       0xa4 ./lib/DallasTemperature.o
                0x00000000000080ae                _ZN17DallasTemperature8hasAlarmEPh
 .text._ZN17DallasTemperature8hasAlarmEv
                0x0000000000008152       0x42 ./lib/DallasTemperature.o
                0x0000000000008152                _ZN17DallasTemperature8hasAlarmEv
 .text._ZN17DallasTemperature13processAlarmsEv
                0x0000000000008194       0x6e ./lib/DallasTemperature.o
                0x0000000000008194                _ZN17DallasTemperature13processAlarmsEv
 .text._ZN17DallasTemperature15setAlarmHandlerEPFvPhE
                0x0000000000008202       0x30 ./lib/DallasTemperature.o
                0x0000000000008202                _ZN17DallasTemperature15setAlarmHandlerEPFvPhE
 .text._ZN17DallasTemperature19defaultAlarmHandlerEPh
                0x0000000000008232       0x1a ./lib/DallasTemperature.o
                0x0000000000008232                _ZN17DallasTemperature19defaultAlarmHandlerEPh
 .text._ZN17DallasTemperature12toFahrenheitEf
                0x000000000000824c       0x52 ./lib/DallasTemperature.o
                0x000000000000824c                _ZN17DallasTemperature12toFahrenheitEf
 .text._ZN17DallasTemperature9toCelsiusEf
                0x000000000000829e       0x52 ./lib/DallasTemperature.o
                0x000000000000829e                _ZN17DallasTemperature9toCelsiusEf
 .text._ZN5EventC2Ev
                0x00000000000082f0       0x24 ./lib/Event.o
                0x00000000000082f0                _ZN5EventC1Ev
                0x00000000000082f0                _ZN5EventC2Ev
 .text._ZN5Event6updateEv
                0x0000000000008314      0x13c ./lib/Event.o
                0x0000000000008314                _ZN5Event6updateEv
 .text._ZN7OneWireC2Eh
                0x0000000000008450       0xbe ./lib/OneWire.o
                0x0000000000008450                _ZN7OneWireC2Eh
                0x0000000000008450                _ZN7OneWireC1Eh
 .text._ZN7OneWire5resetEv
                0x000000000000850e      0x12e ./lib/OneWire.o
                0x000000000000850e                _ZN7OneWire5resetEv
 .text._ZN7OneWire9write_bitEh
                0x000000000000863c      0x118 ./lib/OneWire.o
                0x000000000000863c                _ZN7OneWire9write_bitEh
 .text._ZN7OneWire8read_bitEv
                0x0000000000008754       0xc6 ./lib/OneWire.o
                0x0000000000008754                _ZN7OneWire8read_bitEv
 .text._ZN7OneWire5writeEhh
                0x000000000000881a       0xc4 ./lib/OneWire.o
                0x000000000000881a                _ZN7OneWire5writeEhh
 .text._ZN7OneWire11write_bytesEPKhjb
                0x00000000000088de       0xe4 ./lib/OneWire.o
                0x00000000000088de                _ZN7OneWire11write_bytesEPKhjb
 .text._ZN7OneWire4readEv
                0x00000000000089c2       0x5a ./lib/OneWire.o
                0x00000000000089c2                _ZN7OneWire4readEv
 .text._ZN7OneWire10read_bytesEPhj
                0x0000000000008a1c       0x7a ./lib/OneWire.o
                0x0000000000008a1c                _ZN7OneWire10read_bytesEPhj
 .text._ZN7OneWire6selectEPh
                0x0000000000008a96       0x70 ./lib/OneWire.o
                0x0000000000008a96                _ZN7OneWire6selectEPh
 .text._ZN7OneWire4skipEv
                0x0000000000008b06       0x26 ./lib/OneWire.o
                0x0000000000008b06                _ZN7OneWire4skipEv
 .text._ZN7OneWire7depowerEv
                0x0000000000008b2c       0x4e ./lib/OneWire.o
                0x0000000000008b2c                _ZN7OneWire7depowerEv
 .text._ZN7OneWire12reset_searchEv
                0x0000000000008b7a       0x66 ./lib/OneWire.o
                0x0000000000008b7a                _ZN7OneWire12reset_searchEv
 .text._ZN7OneWire6searchEPh
                0x0000000000008be0      0x25c ./lib/OneWire.o
                0x0000000000008be0                _ZN7OneWire6searchEPh
 .text._ZN7OneWire4crc8EPhh
                0x0000000000008e3c       0x7a ./lib/OneWire.o
                0x0000000000008e3c                _ZN7OneWire4crc8EPhh
 .text._ZN7OneWire11check_crc16EPhjS0_
                0x0000000000008eb6       0x84 ./lib/OneWire.o
                0x0000000000008eb6                _ZN7OneWire11check_crc16EPhjS0_
 .text._ZN7OneWire5crc16EPhj
                0x0000000000008f3a      0x11a ./lib/OneWire.o
                0x0000000000008f3a                _ZN7OneWire5crc16EPhj
 .text._ZN5TimerC2Ev
                0x0000000000009054       0x5e ./lib/Timer.o
                0x0000000000009054                _ZN5TimerC1Ev
                0x0000000000009054                _ZN5TimerC2Ev
 .text._ZN5Timer5everyElPFvvEi
                0x00000000000090b2      0x18a ./lib/Timer.o
                0x00000000000090b2                _ZN5Timer5everyElPFvvEi
 .text._ZN5Timer5everyElPFvvE
                0x000000000000923c       0x5c ./lib/Timer.o
                0x000000000000923c                _ZN5Timer5everyElPFvvE
 .text._ZN5Timer5afterElPFvvE
                0x0000000000009298       0x5c ./lib/Timer.o
                0x0000000000009298                _ZN5Timer5afterElPFvvE
 .text._ZN5Timer9oscillateEilii
                0x00000000000092f4      0x1d4 ./lib/Timer.o
                0x00000000000092f4                _ZN5Timer9oscillateEilii
 .text._ZN5Timer9oscillateEili
                0x00000000000094c8       0x6a ./lib/Timer.o
                0x00000000000094c8                _ZN5Timer9oscillateEili
 .text._ZN5Timer5pulseEili
                0x0000000000009532       0x6a ./lib/Timer.o
                0x0000000000009532                _ZN5Timer5pulseEili
 .text._ZN5Timer4stopEi
                0x000000000000959c       0x4a ./lib/Timer.o
                0x000000000000959c                _ZN5Timer4stopEi
 .text._ZN5Timer6updateEv
                0x00000000000095e6       0x92 ./lib/Timer.o
                0x00000000000095e6                _ZN5Timer6updateEv
 .text._ZN5Timer18findFreeEventIndexEv
                0x0000000000009678       0x76 ./lib/Timer.o
                0x0000000000009678                _ZN5Timer18findFreeEventIndexEv
 .text._Z8twi_initv
                0x00000000000096ee       0x62 ./arduinolib/Wire/utility/twi.o
                0x00000000000096ee                _Z8twi_initv
 .text._Z14twi_setAddressh
                0x0000000000009750       0x20 ./arduinolib/Wire/utility/twi.o
                0x0000000000009750                _Z14twi_setAddressh
 .text._Z12twi_readFromhPhhh
                0x0000000000009770      0x11c ./arduinolib/Wire/utility/twi.o
                0x0000000000009770                _Z12twi_readFromhPhhh
 .text._Z11twi_writeTohPhhhh
                0x000000000000988c      0x152 ./arduinolib/Wire/utility/twi.o
                0x000000000000988c                _Z11twi_writeTohPhhhh
 .text._Z12twi_transmitPKhh
                0x00000000000099de       0x80 ./arduinolib/Wire/utility/twi.o
                0x00000000000099de                _Z12twi_transmitPKhh
 .text._Z22twi_attachSlaveRxEventPFvPhiE
                0x0000000000009a5e       0x26 ./arduinolib/Wire/utility/twi.o
                0x0000000000009a5e                _Z22twi_attachSlaveRxEventPFvPhiE
 .text._Z22twi_attachSlaveTxEventPFvvE
                0x0000000000009a84       0x26 ./arduinolib/Wire/utility/twi.o
                0x0000000000009a84                _Z22twi_attachSlaveTxEventPFvvE
 .text._Z9twi_replyh
                0x0000000000009aaa       0x30 ./arduinolib/Wire/utility/twi.o
                0x0000000000009aaa                _Z9twi_replyh
 .text._Z8twi_stopv
                0x0000000000009ada       0x3c ./arduinolib/Wire/utility/twi.o
                0x0000000000009ada                _Z8twi_stopv
 .text._Z14twi_releaseBusv
                0x0000000000009b16       0x1c ./arduinolib/Wire/utility/twi.o
                0x0000000000009b16                _Z14twi_releaseBusv
 .text.__vector_39
                0x0000000000009b32      0x300 ./arduinolib/Wire/utility/twi.o
                0x0000000000009b32                __vector_39
 .text._ZN5Print13setWriteErrorEi
                0x0000000000009e32       0x30 ./arduinolib/Wire/Wire.o
                0x0000000000009e32                _ZN5Print13setWriteErrorEi
 .text._ZN5PrintC2Ev
                0x0000000000009e62       0x32 ./arduinolib/Wire/Wire.o
                0x0000000000009e62                _ZN5PrintC2Ev
 .text._ZN6StreamC2Ev
                0x0000000000009e94       0x46 ./arduinolib/Wire/Wire.o
                0x0000000000009e94                _ZN6StreamC2Ev
 .text._ZN7TwoWireC2Ev
                0x0000000000009eda       0x30 ./arduinolib/Wire/Wire.o
                0x0000000000009eda                _ZN7TwoWireC2Ev
                0x0000000000009eda                _ZN7TwoWireC1Ev
 .text._ZN7TwoWire5beginEv
                0x0000000000009f0a       0x2e ./arduinolib/Wire/Wire.o
                0x0000000000009f0a                _ZN7TwoWire5beginEv
 .text._ZN7TwoWire5beginEh
                0x0000000000009f38       0x3a ./arduinolib/Wire/Wire.o
                0x0000000000009f38                _ZN7TwoWire5beginEh
 .text._ZN7TwoWire5beginEi
                0x0000000000009f72       0x2e ./arduinolib/Wire/Wire.o
                0x0000000000009f72                _ZN7TwoWire5beginEi
 .text._ZN7TwoWire11requestFromEhhh
                0x0000000000009fa0       0x50 ./arduinolib/Wire/Wire.o
                0x0000000000009fa0                _ZN7TwoWire11requestFromEhhh
 .text._ZN7TwoWire11requestFromEhh
                0x0000000000009ff0       0x30 ./arduinolib/Wire/Wire.o
                0x0000000000009ff0                _ZN7TwoWire11requestFromEhh
 .text._ZN7TwoWire11requestFromEii
                0x000000000000a020       0x3c ./arduinolib/Wire/Wire.o
                0x000000000000a020                _ZN7TwoWire11requestFromEii
 .text._ZN7TwoWire11requestFromEiii
                0x000000000000a05c       0x48 ./arduinolib/Wire/Wire.o
                0x000000000000a05c                _ZN7TwoWire11requestFromEiii
 .text._ZN7TwoWire17beginTransmissionEh
                0x000000000000a0a4       0x30 ./arduinolib/Wire/Wire.o
                0x000000000000a0a4                _ZN7TwoWire17beginTransmissionEh
 .text._ZN7TwoWire17beginTransmissionEi
                0x000000000000a0d4       0x2e ./arduinolib/Wire/Wire.o
                0x000000000000a0d4                _ZN7TwoWire17beginTransmissionEi
 .text._ZN7TwoWire15endTransmissionEh
                0x000000000000a102       0x4c ./arduinolib/Wire/Wire.o
                0x000000000000a102                _ZN7TwoWire15endTransmissionEh
 .text._ZN7TwoWire15endTransmissionEv
                0x000000000000a14e       0x24 ./arduinolib/Wire/Wire.o
                0x000000000000a14e                _ZN7TwoWire15endTransmissionEv
 .text._ZN7TwoWire5writeEh
                0x000000000000a172       0x72 ./arduinolib/Wire/Wire.o
                0x000000000000a172                _ZN7TwoWire5writeEh
 .text._ZN7TwoWire5writeEPKhj
                0x000000000000a1e4       0x9c ./arduinolib/Wire/Wire.o
                0x000000000000a1e4                _ZN7TwoWire5writeEPKhj
 .text._ZN7TwoWire9availableEv
                0x000000000000a280       0x32 ./arduinolib/Wire/Wire.o
                0x000000000000a280                _ZN7TwoWire9availableEv
 .text._ZN7TwoWire4readEv
                0x000000000000a2b2       0x58 ./arduinolib/Wire/Wire.o
                0x000000000000a2b2                _ZN7TwoWire4readEv
 .text._ZN7TwoWire4peekEv
                0x000000000000a30a       0x4e ./arduinolib/Wire/Wire.o
                0x000000000000a30a                _ZN7TwoWire4peekEv
 .text._ZN7TwoWire5flushEv
                0x000000000000a358       0x1a ./arduinolib/Wire/Wire.o
                0x000000000000a358                _ZN7TwoWire5flushEv
 .text._ZN7TwoWire16onReceiveServiceEPhi
                0x000000000000a372       0xa2 ./arduinolib/Wire/Wire.o
                0x000000000000a372                _ZN7TwoWire16onReceiveServiceEPhi
 .text._ZN7TwoWire16onRequestServiceEv
                0x000000000000a414       0x32 ./arduinolib/Wire/Wire.o
                0x000000000000a414                _ZN7TwoWire16onRequestServiceEv
 .text._ZN7TwoWire9onReceiveEPFviE
                0x000000000000a446       0x2e ./arduinolib/Wire/Wire.o
                0x000000000000a446                _ZN7TwoWire9onReceiveEPFviE
 .text._ZN7TwoWire9onRequestEPFvvE
                0x000000000000a474       0x2e ./arduinolib/Wire/Wire.o
                0x000000000000a474                _ZN7TwoWire9onRequestEPFvvE
 .text._Z41__static_initialization_and_destruction_0ii
                0x000000000000a4a2       0x40 ./arduinolib/Wire/Wire.o
 .text._GLOBAL__I__ZN7TwoWire8rxBufferE
                0x000000000000a4e2       0x1a ./arduinolib/Wire/Wire.o
 .text._ZN8SPIClass5beginEv
                0x000000000000a4fc       0x62 ./arduinolib/SPI/SPI.o
                0x000000000000a4fc                _ZN8SPIClass5beginEv
 .text._ZN8SPIClass3endEv
                0x000000000000a55e       0x20 ./arduinolib/SPI/SPI.o
                0x000000000000a55e                _ZN8SPIClass3endEv
 .text._ZN8SPIClass11setBitOrderEh
                0x000000000000a57e       0x40 ./arduinolib/SPI/SPI.o
                0x000000000000a57e                _ZN8SPIClass11setBitOrderEh
 .text._ZN8SPIClass11setDataModeEh
                0x000000000000a5be       0x2c ./arduinolib/SPI/SPI.o
                0x000000000000a5be                _ZN8SPIClass11setDataModeEh
 .text._ZN8SPIClass15setClockDividerEh
                0x000000000000a5ea       0x54 ./arduinolib/SPI/SPI.o
                0x000000000000a5ea                _ZN8SPIClass15setClockDividerEh
 .text._ZN10W5100Class9writeSnMREhh
                0x000000000000a63e       0x26 ./arduinolib/Ethernet/utility/socket.o
                0x000000000000a63e                _ZN10W5100Class9writeSnMREhh
 .text._ZN10W5100Class8readSnMREh
                0x000000000000a664       0x1e ./arduinolib/Ethernet/utility/socket.o
                0x000000000000a664                _ZN10W5100Class8readSnMREh
 .text._ZN10W5100Class9writeSnIREhh
                0x000000000000a682       0x26 ./arduinolib/Ethernet/utility/socket.o
                0x000000000000a682                _ZN10W5100Class9writeSnIREhh
 .text._ZN10W5100Class8readSnIREh
                0x000000000000a6a8       0x1e ./arduinolib/Ethernet/utility/socket.o
                0x000000000000a6a8                _ZN10W5100Class8readSnIREh
 .text._ZN10W5100Class8readSnSREh
                0x000000000000a6c6       0x1e ./arduinolib/Ethernet/utility/socket.o
                0x000000000000a6c6                _ZN10W5100Class8readSnSREh
 .text._ZN10W5100Class11writeSnPORTEhj
                0x000000000000a6e4       0x40 ./arduinolib/Ethernet/utility/socket.o
                0x000000000000a6e4                _ZN10W5100Class11writeSnPORTEhj
 .text._ZN10W5100Class11writeSnDIPREhPh
                0x000000000000a724       0x30 ./arduinolib/Ethernet/utility/socket.o
                0x000000000000a724                _ZN10W5100Class11writeSnDIPREhPh
 .text._ZN10W5100Class12writeSnDPORTEhj
                0x000000000000a754       0x40 ./arduinolib/Ethernet/utility/socket.o
                0x000000000000a754                _ZN10W5100Class12writeSnDPORTEhj
 .text._ZN10W5100Class12writeSnRX_RDEhj
                0x000000000000a794       0x40 ./arduinolib/Ethernet/utility/socket.o
                0x000000000000a794                _ZN10W5100Class12writeSnRX_RDEhj
 .text._ZN10W5100Class11readSnRX_RDEh
                0x000000000000a7d4       0x54 ./arduinolib/Ethernet/utility/socket.o
                0x000000000000a7d4                _ZN10W5100Class11readSnRX_RDEh
 .text._ZN10W5100Class6readSnEhj
                0x000000000000a828       0x34 ./arduinolib/Ethernet/utility/socket.o
                0x000000000000a828                _ZN10W5100Class6readSnEhj
 .text._ZN10W5100Class7writeSnEhjh
                0x000000000000a85c       0x3c ./arduinolib/Ethernet/utility/socket.o
                0x000000000000a85c                _ZN10W5100Class7writeSnEhjh
 .text._ZN10W5100Class7writeSnEhjPhj
                0x000000000000a898       0x58 ./arduinolib/Ethernet/utility/socket.o
                0x000000000000a898                _ZN10W5100Class7writeSnEhjPhj
 .text._Z6sockethhjh
                0x000000000000a8f0       0xa6 ./arduinolib/Ethernet/utility/socket.o
                0x000000000000a8f0                _Z6sockethhjh
 .text._Z5closeh
                0x000000000000a996       0x2a ./arduinolib/Ethernet/utility/socket.o
                0x000000000000a996                _Z5closeh
 .text._Z6listenh
                0x000000000000a9c0       0x3c ./arduinolib/Ethernet/utility/socket.o
                0x000000000000a9c0                _Z6listenh
 .text._Z7connecthPhj
                0x000000000000a9fc       0xc8 ./arduinolib/Ethernet/utility/socket.o
                0x000000000000a9fc                _Z7connecthPhj
 .text._Z10disconnecth
                0x000000000000aac4       0x22 ./arduinolib/Ethernet/utility/socket.o
                0x000000000000aac4                _Z10disconnecth
 .text._Z4sendhPKhj
                0x000000000000aae6       0xfe ./arduinolib/Ethernet/utility/socket.o
                0x000000000000aae6                _Z4sendhPKhj
 .text._Z4recvhPhj
                0x000000000000abe4       0xb8 ./arduinolib/Ethernet/utility/socket.o
                0x000000000000abe4                _Z4recvhPhj
 .text._Z4peekhPh
                0x000000000000ac9c       0x3a ./arduinolib/Ethernet/utility/socket.o
                0x000000000000ac9c                _Z4peekhPh
 .text._Z6sendtohPKhjPhj
                0x000000000000acd6      0x136 ./arduinolib/Ethernet/utility/socket.o
                0x000000000000acd6                _Z6sendtohPKhjPhj
 .text._Z8recvfromhPhjS_Pj
                0x000000000000ae0c      0x28e ./arduinolib/Ethernet/utility/socket.o
                0x000000000000ae0c                _Z8recvfromhPhjS_Pj
 .text._Z8igmpsendhPKhj
                0x000000000000b09a       0xd8 ./arduinolib/Ethernet/utility/socket.o
                0x000000000000b09a                _Z8igmpsendhPKhj
 .text._Z10bufferDatahjPKhj
                0x000000000000b172       0x92 ./arduinolib/Ethernet/utility/socket.o
                0x000000000000b172                _Z10bufferDatahjPKhj
 .text._Z8startUDPhPhj
                0x000000000000b204       0x88 ./arduinolib/Ethernet/utility/socket.o
                0x000000000000b204                _Z8startUDPhPhj
 .text._Z7sendUDPh
                0x000000000000b28c       0x72 ./arduinolib/Ethernet/utility/socket.o
                0x000000000000b28c                _Z7sendUDPh
 .text._ZN8SPIClass8transferEh
                0x000000000000b2fe       0x3c ./arduinolib/Ethernet/utility/w5100.o
                0x000000000000b2fe                _ZN8SPIClass8transferEh
 .text._ZN10W5100Class7writeMREh
                0x000000000000b33a       0x1e ./arduinolib/Ethernet/utility/w5100.o
                0x000000000000b33a                _ZN10W5100Class7writeMREh
 .text._ZN10W5100Class9writeRMSREh
                0x000000000000b358       0x1e ./arduinolib/Ethernet/utility/w5100.o
                0x000000000000b358                _ZN10W5100Class9writeRMSREh
 .text._ZN10W5100Class9writeTMSREh
                0x000000000000b376       0x1e ./arduinolib/Ethernet/utility/w5100.o
                0x000000000000b376                _ZN10W5100Class9writeTMSREh
 .text._ZN10W5100Class9writeSnCREhh
                0x000000000000b394       0x26 ./arduinolib/Ethernet/utility/w5100.o
                0x000000000000b394                _ZN10W5100Class9writeSnCREhh
 .text._ZN10W5100Class8readSnCREh
                0x000000000000b3ba       0x1e ./arduinolib/Ethernet/utility/w5100.o
                0x000000000000b3ba                _ZN10W5100Class8readSnCREh
 .text._ZN10W5100Class12readSnTX_FSREh
                0x000000000000b3d8       0x54 ./arduinolib/Ethernet/utility/w5100.o
                0x000000000000b3d8                _ZN10W5100Class12readSnTX_FSREh
 .text._ZN10W5100Class12writeSnTX_WREhj
                0x000000000000b42c       0x40 ./arduinolib/Ethernet/utility/w5100.o
                0x000000000000b42c                _ZN10W5100Class12writeSnTX_WREhj
 .text._ZN10W5100Class11readSnTX_WREh
                0x000000000000b46c       0x54 ./arduinolib/Ethernet/utility/w5100.o
                0x000000000000b46c                _ZN10W5100Class11readSnTX_WREh
 .text._ZN10W5100Class12readSnRX_RSREh
                0x000000000000b4c0       0x54 ./arduinolib/Ethernet/utility/w5100.o
                0x000000000000b4c0                _ZN10W5100Class12readSnRX_RSREh
 .text._ZN10W5100Class12writeSnRX_RDEhj
                0x000000000000b514       0x40 ./arduinolib/Ethernet/utility/w5100.o
 .text._ZN10W5100Class11readSnRX_RDEh
                0x000000000000b554       0x54 ./arduinolib/Ethernet/utility/w5100.o
 .text._ZN10W5100Class6initSSEv
                0x000000000000b5a8       0x20 ./arduinolib/Ethernet/utility/w5100.o
                0x000000000000b5a8                _ZN10W5100Class6initSSEv
 .text._ZN10W5100Class5setSSEv
                0x000000000000b5c8       0x20 ./arduinolib/Ethernet/utility/w5100.o
                0x000000000000b5c8                _ZN10W5100Class5setSSEv
 .text._ZN10W5100Class7resetSSEv
                0x000000000000b5e8       0x20 ./arduinolib/Ethernet/utility/w5100.o
                0x000000000000b5e8                _ZN10W5100Class7resetSSEv
 .text._ZN10W5100Class6readSnEhj
                0x000000000000b608       0x34 ./arduinolib/Ethernet/utility/w5100.o
 .text._ZN10W5100Class7writeSnEhjh
                0x000000000000b63c       0x3c ./arduinolib/Ethernet/utility/w5100.o
 .text._ZN10W5100Class4initEv
                0x000000000000b678       0xb8 ./arduinolib/Ethernet/utility/w5100.o
                0x000000000000b678                _ZN10W5100Class4initEv
 .text._ZN10W5100Class13getTXFreeSizeEh
                0x000000000000b730       0x6a ./arduinolib/Ethernet/utility/w5100.o
                0x000000000000b730                _ZN10W5100Class13getTXFreeSizeEh
 .text._ZN10W5100Class17getRXReceivedSizeEh
                0x000000000000b79a       0x6a ./arduinolib/Ethernet/utility/w5100.o
                0x000000000000b79a                _ZN10W5100Class17getRXReceivedSizeEh
 .text._ZN10W5100Class20send_data_processingEhPKhj
                0x000000000000b804       0x54 ./arduinolib/Ethernet/utility/w5100.o
                0x000000000000b804                _ZN10W5100Class20send_data_processingEhPKhj
 .text._ZN10W5100Class27send_data_processing_offsetEhjPKhj
                0x000000000000b858      0x132 ./arduinolib/Ethernet/utility/w5100.o
                0x000000000000b858                _ZN10W5100Class27send_data_processing_offsetEhjPKhj
 .text._ZN10W5100Class20recv_data_processingEhPhjh
                0x000000000000b98a       0x82 ./arduinolib/Ethernet/utility/w5100.o
                0x000000000000b98a                _ZN10W5100Class20recv_data_processingEhPhjh
 .text._ZN10W5100Class9read_dataEhPVhS1_j
                0x000000000000ba0c      0x108 ./arduinolib/Ethernet/utility/w5100.o
                0x000000000000ba0c                _ZN10W5100Class9read_dataEhPVhS1_j
 .text._ZN10W5100Class5writeEjh
                0x000000000000bb14       0x44 ./arduinolib/Ethernet/utility/w5100.o
                0x000000000000bb14                _ZN10W5100Class5writeEjh
 .text._ZN10W5100Class5writeEjPKhj
                0x000000000000bb58       0x9a ./arduinolib/Ethernet/utility/w5100.o
                0x000000000000bb58                _ZN10W5100Class5writeEjPKhj
 .text._ZN10W5100Class4readEj
                0x000000000000bbf2       0x44 ./arduinolib/Ethernet/utility/w5100.o
                0x000000000000bbf2                _ZN10W5100Class4readEj
 .text._ZN10W5100Class4readEjPhj
                0x000000000000bc36       0xa6 ./arduinolib/Ethernet/utility/w5100.o
                0x000000000000bc36                _ZN10W5100Class4readEjPhj
 .text._ZN10W5100Class9execCmdSnEh7SockCMD
                0x000000000000bcdc       0x48 ./arduinolib/Ethernet/utility/w5100.o
                0x000000000000bcdc                _ZN10W5100Class9execCmdSnEh7SockCMD
 .text._ZN9IPAddresseqERKS_
                0x000000000000bd24       0x52 ./arduinolib/Ethernet/Dhcp.o
                0x000000000000bd24                _ZN9IPAddresseqERKS_
 .text._ZN9PrintableC2ERKS_
                0x000000000000bd76       0x30 ./arduinolib/Ethernet/Dhcp.o
                0x000000000000bd76                _ZN9PrintableC2ERKS_
 .text._ZN9IPAddressC1ERKS_
                0x000000000000bda6       0x5a ./arduinolib/Ethernet/Dhcp.o
                0x000000000000bda6                _ZN9IPAddressC1ERKS_
 .text._ZN11EthernetUDP8remoteIPEv
                0x000000000000be00       0x38 ./arduinolib/Ethernet/Dhcp.o
                0x000000000000be00                _ZN11EthernetUDP8remoteIPEv
 .text._ZN11EthernetUDP10remotePortEv
                0x000000000000be38       0x24 ./arduinolib/Ethernet/Dhcp.o
                0x000000000000be38                _ZN11EthernetUDP10remotePortEv
 .text._ZN9DhcpClass13beginWithDHCPEPhmm
                0x000000000000be5c      0x2be ./arduinolib/Ethernet/Dhcp.o
                0x000000000000be5c                _ZN9DhcpClass13beginWithDHCPEPhmm
 .text._ZN9DhcpClass12presend_DHCPEv
                0x000000000000c11a       0x1a ./arduinolib/Ethernet/Dhcp.o
                0x000000000000c11a                _ZN9DhcpClass12presend_DHCPEv
 .text._ZN9DhcpClass17send_DHCP_MESSAGEEhj
                0x000000000000c134      0x35c ./arduinolib/Ethernet/Dhcp.o
                0x000000000000c134                _ZN9DhcpClass17send_DHCP_MESSAGEEhj
 .text._ZN9DhcpClass17parseDHCPResponseEmRm
                0x000000000000c490      0x47e ./arduinolib/Ethernet/Dhcp.o
                0x000000000000c490                _ZN9DhcpClass17parseDHCPResponseEmRm
 .text._ZN9DhcpClass10getLocalIpEv
                0x000000000000c90e       0x38 ./arduinolib/Ethernet/Dhcp.o
                0x000000000000c90e                _ZN9DhcpClass10getLocalIpEv
 .text._ZN9DhcpClass13getSubnetMaskEv
                0x000000000000c946       0x38 ./arduinolib/Ethernet/Dhcp.o
                0x000000000000c946                _ZN9DhcpClass13getSubnetMaskEv
 .text._ZN9DhcpClass12getGatewayIpEv
                0x000000000000c97e       0x38 ./arduinolib/Ethernet/Dhcp.o
                0x000000000000c97e                _ZN9DhcpClass12getGatewayIpEv
 .text._ZN9DhcpClass15getDhcpServerIpEv
                0x000000000000c9b6       0x38 ./arduinolib/Ethernet/Dhcp.o
                0x000000000000c9b6                _ZN9DhcpClass15getDhcpServerIpEv
 .text._ZN9DhcpClass14getDnsServerIpEv
                0x000000000000c9ee       0x38 ./arduinolib/Ethernet/Dhcp.o
                0x000000000000c9ee                _ZN9DhcpClass14getDnsServerIpEv
 .text._Z41__static_initialization_and_destruction_0ii
                0x000000000000ca26       0x4c ./arduinolib/Ethernet/Dhcp.o
 .text._GLOBAL__I__ZN9DhcpClass13beginWithDHCPEPhmm
                0x000000000000ca72       0x1a ./arduinolib/Ethernet/Dhcp.o
 .text._ZN9IPAddress11raw_addressEv
                0x000000000000ca8c       0x20 ./arduinolib/Ethernet/Dns.o
                0x000000000000ca8c                _ZN9IPAddress11raw_addressEv
 .text._ZN9IPAddresscvmEv
                0x000000000000caac       0x2e ./arduinolib/Ethernet/Dns.o
                0x000000000000caac                _ZN9IPAddresscvmEv
 .text._ZN9IPAddresseqERKS_
                0x000000000000cada       0x52 ./arduinolib/Ethernet/Dns.o
 .text._ZN9IPAddressixEi
                0x000000000000cb2c       0x30 ./arduinolib/Ethernet/Dns.o
                0x000000000000cb2c                _ZN9IPAddressixEi
 .text._ZN9PrintableC2ERKS_
                0x000000000000cb5c       0x30 ./arduinolib/Ethernet/Dns.o
 .text._ZN9IPAddressC1ERKS_
                0x000000000000cb8c       0x5a ./arduinolib/Ethernet/Dns.o
 .text._ZN11EthernetUDP8remoteIPEv
                0x000000000000cbe6       0x38 ./arduinolib/Ethernet/Dns.o
 .text._ZN11EthernetUDP10remotePortEv
                0x000000000000cc1e       0x24 ./arduinolib/Ethernet/Dns.o
 .text._ZN9PrintableaSERKS_
                0x000000000000cc42       0x26 ./arduinolib/Ethernet/Dns.o
                0x000000000000cc42                _ZN9PrintableaSERKS_
 .text._ZN9IPAddressaSERKS_
                0x000000000000cc68       0x50 ./arduinolib/Ethernet/Dns.o
                0x000000000000cc68                _ZN9IPAddressaSERKS_
 .text._ZN9DNSClient5beginERK9IPAddress
                0x000000000000ccb8       0x3a ./arduinolib/Ethernet/Dns.o
                0x000000000000ccb8                _ZN9DNSClient5beginERK9IPAddress
 .text._ZN9DNSClient9inet_atonEPKcR9IPAddress
                0x000000000000ccf2      0x176 ./arduinolib/Ethernet/Dns.o
                0x000000000000ccf2                _ZN9DNSClient9inet_atonEPKcR9IPAddress
 .text._ZN9DNSClient13getHostByNameEPKcR9IPAddress
                0x000000000000ce68      0x182 ./arduinolib/Ethernet/Dns.o
                0x000000000000ce68                _ZN9DNSClient13getHostByNameEPKcR9IPAddress
 .text._ZN9DNSClient12BuildRequestEPKc
                0x000000000000cfea      0x1fc ./arduinolib/Ethernet/Dns.o
                0x000000000000cfea                _ZN9DNSClient12BuildRequestEPKc
 .text._ZN9DNSClient15ProcessResponseEjR9IPAddress
                0x000000000000d1e6      0x424 ./arduinolib/Ethernet/Dns.o
                0x000000000000d1e6                _ZN9DNSClient15ProcessResponseEjR9IPAddress
 .text._Z41__static_initialization_and_destruction_0ii
                0x000000000000d60a       0x4c ./arduinolib/Ethernet/Dns.o
 .text._GLOBAL__I__ZN9DNSClient5beginERK9IPAddress
                0x000000000000d656       0x1a ./arduinolib/Ethernet/Dns.o
 .text._ZN10W5100Class8writeGAREPh
                0x000000000000d670       0x2c ./arduinolib/Ethernet/Ethernet.o
                0x000000000000d670                _ZN10W5100Class8writeGAREPh
 .text._ZN10W5100Class7readGAREPh
                0x000000000000d69c       0x2c ./arduinolib/Ethernet/Ethernet.o
                0x000000000000d69c                _ZN10W5100Class7readGAREPh
 .text._ZN10W5100Class9writeSUBREPh
                0x000000000000d6c8       0x2c ./arduinolib/Ethernet/Ethernet.o
                0x000000000000d6c8                _ZN10W5100Class9writeSUBREPh
 .text._ZN10W5100Class8readSUBREPh
                0x000000000000d6f4       0x2c ./arduinolib/Ethernet/Ethernet.o
                0x000000000000d6f4                _ZN10W5100Class8readSUBREPh
 .text._ZN10W5100Class9writeSHAREPh
                0x000000000000d720       0x2c ./arduinolib/Ethernet/Ethernet.o
                0x000000000000d720                _ZN10W5100Class9writeSHAREPh
 .text._ZN10W5100Class9writeSIPREPh
                0x000000000000d74c       0x2c ./arduinolib/Ethernet/Ethernet.o
                0x000000000000d74c                _ZN10W5100Class9writeSIPREPh
 .text._ZN10W5100Class8readSIPREPh
                0x000000000000d778       0x2c ./arduinolib/Ethernet/Ethernet.o
                0x000000000000d778                _ZN10W5100Class8readSIPREPh
 .text._ZN10W5100Class12getGatewayIpEPh
                0x000000000000d7a4       0x2a ./arduinolib/Ethernet/Ethernet.o
                0x000000000000d7a4                _ZN10W5100Class12getGatewayIpEPh
 .text._ZN10W5100Class12setGatewayIpEPh
                0x000000000000d7ce       0x2a ./arduinolib/Ethernet/Ethernet.o
                0x000000000000d7ce                _ZN10W5100Class12setGatewayIpEPh
 .text._ZN10W5100Class13getSubnetMaskEPh
                0x000000000000d7f8       0x2a ./arduinolib/Ethernet/Ethernet.o
                0x000000000000d7f8                _ZN10W5100Class13getSubnetMaskEPh
 .text._ZN10W5100Class13setSubnetMaskEPh
                0x000000000000d822       0x2a ./arduinolib/Ethernet/Ethernet.o
                0x000000000000d822                _ZN10W5100Class13setSubnetMaskEPh
 .text._ZN10W5100Class13setMACAddressEPh
                0x000000000000d84c       0x2a ./arduinolib/Ethernet/Ethernet.o
                0x000000000000d84c                _ZN10W5100Class13setMACAddressEPh
 .text._ZN10W5100Class12getIPAddressEPh
                0x000000000000d876       0x2a ./arduinolib/Ethernet/Ethernet.o
                0x000000000000d876                _ZN10W5100Class12getIPAddressEPh
 .text._ZN10W5100Class12setIPAddressEPh
                0x000000000000d8a0       0x2a ./arduinolib/Ethernet/Ethernet.o
                0x000000000000d8a0                _ZN10W5100Class12setIPAddressEPh
 .text._ZN9IPAddress11raw_addressEv
                0x000000000000d8ca       0x20 ./arduinolib/Ethernet/Ethernet.o
 .text._ZN9IPAddressixEi
                0x000000000000d8ea       0x30 ./arduinolib/Ethernet/Ethernet.o
 .text._ZN9PrintableC2ERKS_
                0x000000000000d91a       0x30 ./arduinolib/Ethernet/Ethernet.o
 .text._ZN9IPAddressC1ERKS_
                0x000000000000d94a       0x5a ./arduinolib/Ethernet/Ethernet.o
 .text._ZN9DhcpClassC1Ev
                0x000000000000d9a4       0x24 ./arduinolib/Ethernet/Ethernet.o
                0x000000000000d9a4                _ZN9DhcpClassC1Ev
 .text._ZN9PrintableaSERKS_
                0x000000000000d9c8       0x26 ./arduinolib/Ethernet/Ethernet.o
 .text._ZN9IPAddressaSERKS_
                0x000000000000d9ee       0x50 ./arduinolib/Ethernet/Ethernet.o
 .text._ZN13EthernetClass5beginEPh
                0x000000000000da3e      0x178 ./arduinolib/Ethernet/Ethernet.o
                0x000000000000da3e                _ZN13EthernetClass5beginEPh
 .text._ZN13EthernetClass5beginEPh9IPAddress
                0x000000000000dbb6       0x8c ./arduinolib/Ethernet/Ethernet.o
                0x000000000000dbb6                _ZN13EthernetClass5beginEPh9IPAddress
 .text._ZN13EthernetClass5beginEPh9IPAddressS1_
                0x000000000000dc42       0xa8 ./arduinolib/Ethernet/Ethernet.o
                0x000000000000dc42                _ZN13EthernetClass5beginEPh9IPAddressS1_
 .text._ZN13EthernetClass5beginEPh9IPAddressS1_S1_
                0x000000000000dcea       0xb8 ./arduinolib/Ethernet/Ethernet.o
                0x000000000000dcea                _ZN13EthernetClass5beginEPh9IPAddressS1_S1_
 .text._ZN13EthernetClass5beginEPh9IPAddressS1_S1_S1_
                0x000000000000dda2       0xae ./arduinolib/Ethernet/Ethernet.o
                0x000000000000dda2                _ZN13EthernetClass5beginEPh9IPAddressS1_S1_S1_
 .text._ZN13EthernetClass7localIPEv
                0x000000000000de50       0x50 ./arduinolib/Ethernet/Ethernet.o
                0x000000000000de50                _ZN13EthernetClass7localIPEv
 .text._ZN13EthernetClass10subnetMaskEv
                0x000000000000dea0       0x50 ./arduinolib/Ethernet/Ethernet.o
                0x000000000000dea0                _ZN13EthernetClass10subnetMaskEv
 .text._ZN13EthernetClass9gatewayIPEv
                0x000000000000def0       0x50 ./arduinolib/Ethernet/Ethernet.o
                0x000000000000def0                _ZN13EthernetClass9gatewayIPEv
 .text._ZN13EthernetClass11dnsServerIPEv
                0x000000000000df40       0x34 ./arduinolib/Ethernet/Ethernet.o
                0x000000000000df40                _ZN13EthernetClass11dnsServerIPEv
 .text._ZN13EthernetClassC1Ev
                0x000000000000df74       0x22 ./arduinolib/Ethernet/Ethernet.o
                0x000000000000df74                _ZN13EthernetClassC1Ev
 .text._Z41__static_initialization_and_destruction_0ii
                0x000000000000df96       0x54 ./arduinolib/Ethernet/Ethernet.o
 .text._GLOBAL__I__ZN13EthernetClass6_stateE
                0x000000000000dfea       0x1a ./arduinolib/Ethernet/Ethernet.o
 .text._ZN5Print13setWriteErrorEi
                0x000000000000e004       0x30 ./arduinolib/Ethernet/EthernetClient.o
 .text._ZN5PrintC2Ev
                0x000000000000e034       0x32 ./arduinolib/Ethernet/EthernetClient.o
 .text._ZN6StreamC2Ev
                0x000000000000e066       0x46 ./arduinolib/Ethernet/EthernetClient.o
 .text._ZN10W5100Class8readSnSREh
                0x000000000000e0ac       0x1e ./arduinolib/Ethernet/EthernetClient.o
 .text._ZN10W5100Class6readSnEhj
                0x000000000000e0ca       0x34 ./arduinolib/Ethernet/EthernetClient.o
 .text._ZN9IPAddress11raw_addressEv
                0x000000000000e0fe       0x20 ./arduinolib/Ethernet/EthernetClient.o
 .text._ZN6Client12rawIPAddressER9IPAddress
                0x000000000000e11e       0x2a ./arduinolib/Ethernet/EthernetClient.o
                0x000000000000e11e                _ZN6Client12rawIPAddressER9IPAddress
 .text._ZN9PrintableC2ERKS_
                0x000000000000e148       0x30 ./arduinolib/Ethernet/EthernetClient.o
 .text._ZN9IPAddressC1ERKS_
                0x000000000000e178       0x5a ./arduinolib/Ethernet/EthernetClient.o
 .text._ZN6ClientC2Ev
                0x000000000000e1d2       0x30 ./arduinolib/Ethernet/EthernetClient.o
                0x000000000000e1d2                _ZN6ClientC2Ev
 .text._ZN14EthernetClientC2Ev
                0x000000000000e202       0x3a ./arduinolib/Ethernet/EthernetClient.o
                0x000000000000e202                _ZN14EthernetClientC1Ev
                0x000000000000e202                _ZN14EthernetClientC2Ev
 .text._ZN14EthernetClientC2Eh
                0x000000000000e23c       0x3c ./arduinolib/Ethernet/EthernetClient.o
                0x000000000000e23c                _ZN14EthernetClientC2Eh
                0x000000000000e23c                _ZN14EthernetClientC1Eh
 .text._ZN9DNSClientC1Ev
                0x000000000000e278       0x2c ./arduinolib/Ethernet/EthernetClient.o
                0x000000000000e278                _ZN9DNSClientC1Ev
 .text._ZN14EthernetClient7connectEPKcj
                0x000000000000e2a4       0xce ./arduinolib/Ethernet/EthernetClient.o
                0x000000000000e2a4                _ZN14EthernetClient7connectEPKcj
 .text._ZN14EthernetClient7connectE9IPAddressj
                0x000000000000e372      0x172 ./arduinolib/Ethernet/EthernetClient.o
                0x000000000000e372                _ZN14EthernetClient7connectE9IPAddressj
 .text._ZN14EthernetClient5writeEh
                0x000000000000e4e4       0x42 ./arduinolib/Ethernet/EthernetClient.o
                0x000000000000e4e4                _ZN14EthernetClient5writeEh
 .text._ZN14EthernetClient5writeEPKhj
                0x000000000000e526       0x82 ./arduinolib/Ethernet/EthernetClient.o
                0x000000000000e526                _ZN14EthernetClient5writeEPKhj
 .text._ZN14EthernetClient9availableEv
                0x000000000000e5a8       0x3e ./arduinolib/Ethernet/EthernetClient.o
                0x000000000000e5a8                _ZN14EthernetClient9availableEv
 .text._ZN14EthernetClient4readEv
                0x000000000000e5e6       0x4a ./arduinolib/Ethernet/EthernetClient.o
                0x000000000000e5e6                _ZN14EthernetClient4readEv
 .text._ZN14EthernetClient4readEPhj
                0x000000000000e630       0x42 ./arduinolib/Ethernet/EthernetClient.o
                0x000000000000e630                _ZN14EthernetClient4readEPhj
 .text._ZN14EthernetClient4peekEv
                0x000000000000e672       0x60 ./arduinolib/Ethernet/EthernetClient.o
                0x000000000000e672                _ZN14EthernetClient4peekEv
 .text._ZN14EthernetClient5flushEv
                0x000000000000e6d2       0x5c ./arduinolib/Ethernet/EthernetClient.o
                0x000000000000e6d2                _ZN14EthernetClient5flushEv
 .text._ZN14EthernetClient4stopEv
                0x000000000000e72e       0xfa ./arduinolib/Ethernet/EthernetClient.o
                0x000000000000e72e                _ZN14EthernetClient4stopEv
 .text._ZN14EthernetClient9connectedEv
                0x000000000000e828       0x70 ./arduinolib/Ethernet/EthernetClient.o
                0x000000000000e828                _ZN14EthernetClient9connectedEv
 .text._ZN14EthernetClient6statusEv
                0x000000000000e898       0x36 ./arduinolib/Ethernet/EthernetClient.o
                0x000000000000e898                _ZN14EthernetClient6statusEv
 .text._ZN14EthernetClientcvbEv
                0x000000000000e8ce       0x2a ./arduinolib/Ethernet/EthernetClient.o
                0x000000000000e8ce                _ZN14EthernetClientcvbEv
 .text._Z41__static_initialization_and_destruction_0ii
                0x000000000000e8f8       0x4c ./arduinolib/Ethernet/EthernetClient.o
 .text._GLOBAL__I__ZN14EthernetClient8_srcportE
                0x000000000000e944       0x1a ./arduinolib/Ethernet/EthernetClient.o
 .text._ZN5PrintC2Ev
                0x000000000000e95e       0x32 ./arduinolib/Ethernet/EthernetServer.o
 .text._ZN6ServerC2Ev
                0x000000000000e990       0x30 ./arduinolib/Ethernet/EthernetServer.o
                0x000000000000e990                _ZN6ServerC2Ev
 .text._ZN14EthernetServerC2Ej
                0x000000000000e9c0       0x46 ./arduinolib/Ethernet/EthernetServer.o
                0x000000000000e9c0                _ZN14EthernetServerC2Ej
                0x000000000000e9c0                _ZN14EthernetServerC1Ej
 .text._ZN14EthernetServer5beginEv
                0x000000000000ea06       0xaa ./arduinolib/Ethernet/EthernetServer.o
                0x000000000000ea06                _ZN14EthernetServer5beginEv
 .text._ZN14EthernetServer6acceptEv
                0x000000000000eab0       0xec ./arduinolib/Ethernet/EthernetServer.o
                0x000000000000eab0                _ZN14EthernetServer6acceptEv
 .text._ZN5PrintC2ERKS_
                0x000000000000eb9c       0x44 ./arduinolib/Ethernet/EthernetServer.o
                0x000000000000eb9c                _ZN5PrintC2ERKS_
 .text._ZN6StreamC2ERKS_
                0x000000000000ebe0       0x76 ./arduinolib/Ethernet/EthernetServer.o
                0x000000000000ebe0                _ZN6StreamC2ERKS_
 .text._ZN6ClientC2ERKS_
                0x000000000000ec56       0x3e ./arduinolib/Ethernet/EthernetServer.o
                0x000000000000ec56                _ZN6ClientC2ERKS_
 .text._ZN14EthernetClientC1ERKS_
                0x000000000000ec94       0x4e ./arduinolib/Ethernet/EthernetServer.o
                0x000000000000ec94                _ZN14EthernetClientC1ERKS_
 .text._ZN14EthernetServer9availableEv
                0x000000000000ece2       0xe0 ./arduinolib/Ethernet/EthernetServer.o
                0x000000000000ece2                _ZN14EthernetServer9availableEv
 .text._ZN14EthernetServer5writeEh
                0x000000000000edc2       0x42 ./arduinolib/Ethernet/EthernetServer.o
                0x000000000000edc2                _ZN14EthernetServer5writeEh
 .text._ZN14EthernetServer5writeEPKhj
                0x000000000000ee04       0xca ./arduinolib/Ethernet/EthernetServer.o
                0x000000000000ee04                _ZN14EthernetServer5writeEPKhj
 .text._Z41__static_initialization_and_destruction_0ii
                0x000000000000eece       0x4c ./arduinolib/Ethernet/EthernetServer.o
 .text._GLOBAL__I__ZN14EthernetServerC2Ej
                0x000000000000ef1a       0x1a ./arduinolib/Ethernet/EthernetServer.o
 .text._ZN5PrintC2Ev
                0x000000000000ef34       0x32 ./arduinolib/Ethernet/EthernetUdp.o
 .text._ZN6StreamC2Ev
                0x000000000000ef66       0x46 ./arduinolib/Ethernet/EthernetUdp.o
 .text._ZN10W5100Class8readSnSREh
                0x000000000000efac       0x1e ./arduinolib/Ethernet/EthernetUdp.o
 .text._ZN10W5100Class6readSnEhj
                0x000000000000efca       0x34 ./arduinolib/Ethernet/EthernetUdp.o
 .text._ZN9IPAddress11raw_addressEv
                0x000000000000effe       0x20 ./arduinolib/Ethernet/EthernetUdp.o
 .text._ZN3UDP12rawIPAddressER9IPAddress
                0x000000000000f01e       0x2a ./arduinolib/Ethernet/EthernetUdp.o
                0x000000000000f01e                _ZN3UDP12rawIPAddressER9IPAddress
 .text._ZN11EthernetUDP4readEPcj