Archive member included because of file (symbol)

/storage/apps/eclipse-avr/workspace/ArduinoCore-1.0/Mega2560/libArduinoCore-1.0.a(IPAddress.o)
                              ./arduinolib/Ethernet/Dhcp.o (vtable for IPAddress)
/storage/apps/eclipse-avr/workspace/ArduinoCore-1.0/Mega2560/libArduinoCore-1.0.a(Print.o)
                              ./arduinolib/Ethernet/EthernetClient.o (Print::write(unsigned char const*, unsigned int))
/storage/apps/eclipse-avr/workspace/ArduinoCore-1.0/Mega2560/libArduinoCore-1.0.a(WMath.o)
                              ./arduinolib/Ethernet/Dhcp.o (random(long, long))
/storage/apps/eclipse-avr/workspace/ArduinoCore-1.0/Mega2560/libArduinoCore-1.0.a(WString.o)
                              /storage/apps/eclipse-avr/workspace/ArduinoCore-1.0/Mega2560/libArduinoCore-1.0.a(Print.o) (String::operator[](unsigned int) const)
/storage/apps/eclipse-avr/workspace/ArduinoCore-1.0/Mega2560/libArduinoCore-1.0.a(new.o)
                              ./arduinolib/Ethernet/Dhcp.o (__cxa_pure_virtual)
/storage/apps/eclipse-avr/workspace/ArduinoCore-1.0/Mega2560/libArduinoCore-1.0.a(wiring.o)
                              ./src/main.o (millis)
/storage/apps/eclipse-avr/workspace/ArduinoCore-1.0/Mega2560/libArduinoCore-1.0.a(wiring_analog.o)
                              ./src/main.o (analogRead)
/storage/apps/eclipse-avr/workspace/ArduinoCore-1.0/Mega2560/libArduinoCore-1.0.a(wiring_digital.o)
                              ./src/main.o (pinMode)
/usr/lib/gcc/avr/4.3.5/avr6/libgcc.a(_mulsi3.o)
                              /storage/apps/eclipse-avr/workspace/ArduinoCore-1.0/Mega2560/libArduinoCore-1.0.a(Print.o) (__mulsi3)
/usr/lib/gcc/avr/4.3.5/avr6/libgcc.a(_udivmodsi4.o)
                              ./arduinolib/Ethernet/Dhcp.o (__udivmodsi4)
/usr/lib/gcc/avr/4.3.5/avr6/libgcc.a(_divmodsi4.o)
                              /storage/apps/eclipse-avr/workspace/ArduinoCore-1.0/Mega2560/libArduinoCore-1.0.a(WMath.o) (__divmodsi4)
/usr/lib/gcc/avr/4.3.5/avr6/libgcc.a(_exit.o)
                              /usr/lib/gcc/avr/4.3.5/../../../avr/lib/avr6/crtm2560.o (exit)
/usr/lib/gcc/avr/4.3.5/avr6/libgcc.a(_clear_bss.o)
                              ./src/main.o (__do_clear_bss)
/usr/lib/gcc/avr/4.3.5/avr6/libgcc.a(_ctors.o)
                              ./src/main.o (__do_global_ctors)
/usr/lib/gcc/avr/4.3.5/avr6/libgcc.a(_dtors.o)
                              ./src/main.o (__do_global_dtors)
/usr/lib/gcc/avr/4.3.5/avr6/libgcc.a(_fixunssfsi.o)
                              ./lib/DallasTemperature.o (__fixunssfsi)
/usr/lib/gcc/avr/4.3.5/avr6/libgcc.a(_addsub_sf.o)
                              ./lib/DallasTemperature.o (__subsf3)
/usr/lib/gcc/avr/4.3.5/avr6/libgcc.a(_mul_sf.o)
                              ./lib/DallasTemperature.o (__mulsf3)
/usr/lib/gcc/avr/4.3.5/avr6/libgcc.a(_div_sf.o)
                              ./lib/DallasTemperature.o (__divsf3)
/usr/lib/gcc/avr/4.3.5/avr6/libgcc.a(_ge_sf.o)
                              /usr/lib/gcc/avr/4.3.5/avr6/libgcc.a(_fixunssfsi.o) (__gesf2)
/usr/lib/gcc/avr/4.3.5/avr6/libgcc.a(_lt_sf.o)
                              /storage/apps/eclipse-avr/workspace/ArduinoCore-1.0/Mega2560/libArduinoCore-1.0.a(Print.o) (__ltsf2)
/usr/lib/gcc/avr/4.3.5/avr6/libgcc.a(_si_to_sf.o)
                              ./lib/DallasTemperature.o (__floatsisf)
/usr/lib/gcc/avr/4.3.5/avr6/libgcc.a(_sf_to_si.o)
                              /storage/apps/eclipse-avr/workspace/ArduinoCore-1.0/Mega2560/libArduinoCore-1.0.a(Print.o) (__fixsfsi)
/usr/lib/gcc/avr/4.3.5/avr6/libgcc.a(_thenan_sf.o)
                              /usr/lib/gcc/avr/4.3.5/avr6/libgcc.a(_addsub_sf.o) (__thenan_sf)
/usr/lib/gcc/avr/4.3.5/avr6/libgcc.a(_usi_to_sf.o)
                              ./lib/DallasTemperature.o (__floatunsisf)
/usr/lib/gcc/avr/4.3.5/avr6/libgcc.a(_prologue.o)
                              /usr/lib/gcc/avr/4.3.5/avr6/libgcc.a(_addsub_sf.o) (__prologue_saves__)
/usr/lib/gcc/avr/4.3.5/avr6/libgcc.a(_epilogue.o)
                              /usr/lib/gcc/avr/4.3.5/avr6/libgcc.a(_addsub_sf.o) (__epilogue_restores__)
/usr/lib/gcc/avr/4.3.5/avr6/libgcc.a(_tablejump.o)
                              /usr/lib/gcc/avr/4.3.5/avr6/libgcc.a(_ctors.o) (__tablejump__)
/usr/lib/gcc/avr/4.3.5/avr6/libgcc.a(_clzsi2.o)
                              /usr/lib/gcc/avr/4.3.5/avr6/libgcc.a(_si_to_sf.o) (__clzsi2)
/usr/lib/gcc/avr/4.3.5/avr6/libgcc.a(_pack_sf.o)
                              /usr/lib/gcc/avr/4.3.5/avr6/libgcc.a(_addsub_sf.o) (__pack_f)
/usr/lib/gcc/avr/4.3.5/avr6/libgcc.a(_unpack_sf.o)
                              /usr/lib/gcc/avr/4.3.5/avr6/libgcc.a(_addsub_sf.o) (__unpack_f)
/usr/lib/gcc/avr/4.3.5/avr6/libgcc.a(_fpcmp_parts_sf.o)
                              /usr/lib/gcc/avr/4.3.5/avr6/libgcc.a(_ge_sf.o) (__fpcmp_parts_f)
/usr/lib/gcc/avr/4.3.5/avr6/libgcc.a(_clz.o)
                              /usr/lib/gcc/avr/4.3.5/avr6/libgcc.a(_clzsi2.o) (__clz_tab)
[...]
Memory Configuration

Name             Origin             Length             Attributes
text             0x0000000000000000 0x0000000000100000 xr
data             0x0000000000800200 0x000000000000fe00 rw !x
eeprom           0x0000000000810000 0x0000000000010000 rw !x
fuse             0x0000000000820000 0x0000000000000400 rw !x
lock             0x0000000000830000 0x0000000000000400 rw !x
signature        0x0000000000840000 0x0000000000000400 rw !x
*default*        0x0000000000000000 0xffffffffffffffff

Linker script and memory map

Address of section .data set to 0x800200
LOAD /usr/lib/gcc/avr/4.3.5/../../../avr/lib/avr6/crtm2560.o
LOAD ./src/Configuration.o
LOAD ./src/IpAddress.o
LOAD ./src/main.o
LOAD ./lib/DallasTemperature.o
LOAD ./lib/OneWire.o
LOAD ./lib/SimpleTimer.o
LOAD ./arduinolib/SPI/SPI.o
LOAD ./arduinolib/Ethernet/utility/socket.o
LOAD ./arduinolib/Ethernet/utility/w5100.o
LOAD ./arduinolib/Ethernet/Dhcp.o
LOAD ./arduinolib/Ethernet/Dns.o
LOAD ./arduinolib/Ethernet/Ethernet.o
LOAD ./arduinolib/Ethernet/EthernetClient.o
LOAD ./arduinolib/Ethernet/EthernetServer.o
LOAD ./arduinolib/Ethernet/EthernetUdp.o
LOAD ./arduinolib/EEPROM/EEPROM.o
LOAD /storage/apps/eclipse-avr/workspace/ArduinoCore-1.0/Mega2560/libArduinoCore-1.0.a
LOAD /usr/lib/gcc/avr/4.3.5/avr6/libgcc.a
LOAD /usr/lib/gcc/avr/4.3.5/../../../avr/lib/avr6/libm.a
LOAD /usr/lib/gcc/avr/4.3.5/avr6/libgcc.a
LOAD /usr/lib/gcc/avr/4.3.5/../../../avr/lib/avr6/libc.a
LOAD /usr/lib/gcc/avr/4.3.5/avr6/libgcc.a

.hash
 *(.hash)

.dynsym
 *(.dynsym)

.dynstr
 *(.dynstr)

.gnu.version
 *(.gnu.version)

.gnu.version_d
 *(.gnu.version_d)

.gnu.version_r
 *(.gnu.version_r)

.rel.init
 *(.rel.init)

.rela.init
 *(.rela.init)

.rel.text
 *(.rel.text)
 *(.rel.text.*)
 *(.rel.gnu.linkonce.t*)

.rela.text
 *(.rela.text)
 *(.rela.text.*)
 *(.rela.gnu.linkonce.t*)

.rel.fini
 *(.rel.fini)

.rela.fini
 *(.rela.fini)

.rel.rodata
 *(.rel.rodata)
 *(.rel.rodata.*)
 *(.rel.gnu.linkonce.r*)

.rela.rodata
 *(.rela.rodata)
 *(.rela.rodata.*)
 *(.rela.gnu.linkonce.r*)

.rel.data
 *(.rel.data)
 *(.rel.data.*)
 *(.rel.gnu.linkonce.d*)

.rela.data
 *(.rela.data)
 *(.rela.data.*)
 *(.rela.gnu.linkonce.d*)

.rel.ctors
 *(.rel.ctors)

.rela.ctors
 *(.rela.ctors)

.rel.dtors
 *(.rel.dtors)

.rela.dtors
 *(.rela.dtors)

.rel.got
 *(.rel.got)

.rela.got
 *(.rela.got)

.rel.bss
 *(.rel.bss)

.rela.bss
 *(.rela.bss)

.rel.plt
 *(.rel.plt)

.rela.plt
 *(.rela.plt)

.text           0x0000000000000000     0xf742
 *(.vectors)
 .vectors       0x0000000000000000       0xe4 /usr/lib/gcc/avr/4.3.5/../../../avr/lib/avr6/crtm2560.o
                0x0000000000000000                __vectors
                0x0000000000000000                __vector_default
 *(.vectors)
 *(.progmem.gcc*)
 *(.progmem*)
 .progmem.data  0x00000000000000e4      0x100 ./lib/OneWire.o
 .progmem.data  0x00000000000001e4      0x120 /storage/apps/eclipse-avr/workspace/ArduinoCore-1.0/Mega2560/libArduinoCore-1.0.a(wiring_digital.o)
                0x00000000000001e4                port_to_mode_PGM
                0x00000000000001fe                port_to_output_PGM
                0x0000000000000218                port_to_input_PGM
                0x0000000000000232                digital_pin_to_port_PGM
                0x0000000000000278                digital_pin_to_bit_mask_PGM
                0x00000000000002be                digital_pin_to_timer_PGM
 .progmem.data  0x0000000000000304       0xfa /usr/lib/gcc/avr/4.3.5/../../../avr/lib/avr6/libc.a(ftoa_engine.o)
                0x00000000000003fe                . = ALIGN (0x2)
                0x00000000000003fe                __trampolines_start = .
 *(.trampolines)
 .trampolines   0x00000000000003fe        0x0 linker stubs
 *(.trampolines*)
                0x00000000000003fe                __trampolines_end = .
 *(.jumptables)
 *(.jumptables*)
 *(.lowtext)
 *(.lowtext*)
                0x00000000000003fe                __ctors_start = .
 *(.ctors)
 .ctors         0x00000000000003fe        0x2 ./src/main.o
 .ctors         0x0000000000000400        0x2 ./arduinolib/Ethernet/Dhcp.o
 .ctors         0x0000000000000402        0x2 ./arduinolib/Ethernet/Dns.o
 .ctors         0x0000000000000404        0x2 ./arduinolib/Ethernet/Ethernet.o
 .ctors         0x0000000000000406        0x2 ./arduinolib/Ethernet/EthernetClient.o
 .ctors         0x0000000000000408        0x2 ./arduinolib/Ethernet/EthernetServer.o
 .ctors         0x000000000000040a        0x2 ./arduinolib/Ethernet/EthernetUdp.o
 .ctors         0x000000000000040c        0x2 /storage/apps/eclipse-avr/workspace/ArduinoCore-1.0/Mega2560/libArduinoCore-1.0.a(IPAddress.o)
                0x000000000000040e                __ctors_end = .
                0x000000000000040e                __dtors_start = .
 *(.dtors)
 .dtors         0x000000000000040e        0x2 ./src/main.o
                0x0000000000000410                __dtors_end = .
 SORT(*)(.ctors)
 SORT(*)(.dtors)
 *(.init0)
 .init0         0x0000000000000410        0x0 /usr/lib/gcc/avr/4.3.5/../../../avr/lib/avr6/crtm2560.o
                0x0000000000000410                __init
 *(.init0)
 *(.init1)
 *(.init1)
 *(.init2)
 .init2         0x0000000000000410       0x10 /usr/lib/gcc/avr/4.3.5/../../../avr/lib/avr6/crtm2560.o
 *(.init2)
 *(.init3)
 *(.init3)
 *(.init4)
 .init4         0x0000000000000420       0x1a /usr/lib/gcc/avr/4.3.5/../../../avr/lib/avr6/crtm2560.o
                0x0000000000000420                __do_copy_data
 .init4         0x000000000000043a       0x10 /usr/lib/gcc/avr/4.3.5/avr6/libgcc.a(_clear_bss.o)
                0x000000000000043a                __do_clear_bss
 *(.init4)
 *(.init5)
 *(.init5)
 *(.init6)
 .init6         0x000000000000044a       0x16 /usr/lib/gcc/avr/4.3.5/avr6/libgcc.a(_ctors.o)
                0x000000000000044a                __do_global_ctors
 *(.init6)
 *(.init7)
 *(.init7)
 *(.init8)
 *(.init8)
 *(.init9)
 .init9         0x0000000000000460        0x8 /usr/lib/gcc/avr/4.3.5/../../../avr/lib/avr6/crtm2560.o
 *(.init9)
 *(.text)
 .text          0x0000000000000468        0x4 /usr/lib/gcc/avr/4.3.5/../../../avr/lib/avr6/crtm2560.o
                0x0000000000000468                __vector_38
                0x0000000000000468                __vector_22
                0x0000000000000468                __vector_28
                0x0000000000000468                __vector_1
                0x0000000000000468                __vector_32
                0x0000000000000468                __vector_34
                0x0000000000000468                __vector_24
                0x0000000000000468                __vector_12
                0x0000000000000468                __vector_55
                0x0000000000000468                __vector_46
                0x0000000000000468                __bad_interrupt
                0x0000000000000468                __vector_6
                0x0000000000000468                __vector_31
                0x0000000000000468                __vector_35
                0x0000000000000468                __vector_39
                0x0000000000000468                __vector_3
                0x0000000000000468                __vector_30
                0x0000000000000468                __vector_45
                0x0000000000000468                __vector_25
                0x0000000000000468                __vector_11
                0x0000000000000468                __vector_54
                0x0000000000000468                __vector_13
                0x0000000000000468                __vector_17
                0x0000000000000468                __vector_19
                0x0000000000000468                __vector_56
                0x0000000000000468                __vector_7
                0x0000000000000468                __vector_49
                0x0000000000000468                __vector_41
                0x0000000000000468                __vector_43
                0x0000000000000468                __vector_27
                0x0000000000000468                __vector_5
                0x0000000000000468                __vector_33
                0x0000000000000468                __vector_47
                0x0000000000000468                __vector_52
                0x0000000000000468                __vector_37
                0x0000000000000468                __vector_4
                0x0000000000000468                __vector_44
                0x0000000000000468                __vector_51
                0x0000000000000468                __vector_9
                0x0000000000000468                __vector_2
                0x0000000000000468                __vector_21
                0x0000000000000468                __vector_15
                0x0000000000000468                __vector_36
                0x0000000000000468                __vector_29
                0x0000000000000468                __vector_40
                0x0000000000000468                __vector_8
                0x0000000000000468                __vector_26
                0x0000000000000468                __vector_48
                0x0000000000000468                __vector_14
                0x0000000000000468                __vector_53
                0x0000000000000468                __vector_10
                0x0000000000000468                __vector_50
                0x0000000000000468                __vector_16
                0x0000000000000468                __vector_18
                0x0000000000000468                __vector_20
                0x0000000000000468                __vector_42
 .text          0x000000000000046c      0x556 ./src/Configuration.o
                0x000000000000046c                Configuration::isDailyWaterChangesEnabled()
                0x000000000000049a                Configuration::isAutoFillReservoirEnabled()
                0x00000000000004c8                Configuration::isAutoCirculationEnabled()
                0x00000000000004f6                Configuration::getReservoirPowerheadOutlet()
                0x000000000000051a                Configuration::getAquariumFillPumpOutlet()
                0x000000000000053e                Configuration::getDrainMillisPerGallon()
                0x0000000000000568                Configuration::getFillMillisPerGallon()
                0x0000000000000592                Configuration::erase()
                0x000000000000060e                Configuration::Configuration()
                0x00000000000007e8                Configuration::Configuration()
 .text          0x00000000000009c2      0x3b2 ./src/IpAddress.o
                0x00000000000009c2                IpAddress::~IpAddress()
                0x00000000000009dc                IpAddress::~IpAddress()
                0x00000000000009f6                IpAddress::getBytes()
                0x0000000000000a46                IpAddress::toString()
                0x0000000000000adc                IpAddress::erase()
                0x0000000000000b2e                IpAddress::set(unsigned char, unsigned char, unsigned char, unsigned char)
                0x0000000000000be4                IpAddress::IpAddress()
                0x0000000000000cac                IpAddress::IpAddress()
 .text          0x0000000000000d74     0x2302 ./src/main.o
                0x0000000000000d74                availableMemory()
                0x0000000000000dc6                Print::operator=(Print const&)
                0x0000000000000dfc                Stream::operator=(Stream const&)
                0x0000000000000e60                Client::operator=(Client const&)
                0x0000000000000e94                EthernetClient::operator=(EthernetClient const&)
                0x0000000000000fca                sendHtmlHeader()
                0x0000000000000fe6                send404()
                0x0000000000001038                checkLowerReservoirLevel()
                0x000000000000111c                checkUpperReservoirLevel()
                0x00000000000011fe                String::toCharArray(char*, unsigned int, unsigned int) const
                0x000000000000124c                StringSumHelper::StringSumHelper(char const*)
                0x000000000000127c                String::operator+=(String const&)
                0x00000000000012b0                StringSumHelper::~StringSumHelper()
                0x00000000000012d2                String::operator+=(char const*)
                0x0000000000001306                factoryReset()
                0x0000000000001324                stopWaterChange()
                0x000000000000138a                startWaterChange(int, int, unsigned char)
                0x0000000000001448                updateWaterChangeCounters()
                0x00000000000014ea                turnOffAquariumFillPump()
                0x000000000000151c                turnOffAquariumDrain()
                0x000000000000154e                reply(int, String, String)
                0x00000000000015ea                loop
                0x0000000000002fec                setup
                0x0000000000003060                main
 .text          0x0000000000003076     0x1658 ./lib/DallasTemperature.o
                0x0000000000003076                DallasTemperature::DallasTemperature(OneWire*)
                0x00000000000030d4                DallasTemperature::DallasTemperature(OneWire*)
                0x0000000000003132                DallasTemperature::getDeviceCount()
                0x0000000000003152                DallasTemperature::getResolution()
                0x0000000000003172                DallasTemperature::setWaitForConversion(bool)
                0x0000000000003196                DallasTemperature::getWaitForConversion()
                0x00000000000031b6                DallasTemperature::setCheckForConversion(bool)
                0x00000000000031da                DallasTemperature::getCheckForConversion()
                0x00000000000031fa                DallasTemperature::calculateTemperature(unsigned char*, unsigned char*)
                0x00000000000034a6                DallasTemperature::isParasitePowerMode()
                0x00000000000034c6                DallasTemperature::resetAlarmSearch()
                0x0000000000003512                DallasTemperature::setAlarmHandler(void (*)(unsigned char*))
                0x0000000000003540                DallasTemperature::defaultAlarmHandler(unsigned char*)
                0x000000000000355a                DallasTemperature::toFahrenheit(float)
                0x00000000000035ac                DallasTemperature::toCelsius(float)
                0x00000000000035fe                DallasTemperature::alarmSearch(unsigned char*)
                0x000000000000380c                DallasTemperature::hasAlarm()
                0x000000000000384e                DallasTemperature::readPowerSupply(unsigned char*)
                0x00000000000038d2                DallasTemperature::writeScratchPad(unsigned char*, unsigned char const*)
                0x00000000000039ce                DallasTemperature::readScratchPad(unsigned char*, unsigned char*)
                0x0000000000003b1c                DallasTemperature::isConversionAvailable(unsigned char*)
                0x0000000000003b70                DallasTemperature::blockTillConversionComplete(unsigned char*, unsigned char*)
                0x0000000000003c90                DallasTemperature::requestTemperatures()
                0x0000000000003d00                DallasTemperature::isConnected(unsigned char*, unsigned char*)
                0x0000000000003d66                DallasTemperature::hasAlarm(unsigned char*)
                0x0000000000003e0c                DallasTemperature::getLowAlarmTemp(unsigned char*)
                0x0000000000003e60                DallasTemperature::getHighAlarmTemp(unsigned char*)
                0x0000000000003eb4                DallasTemperature::setLowAlarmTemp(unsigned char*, char)
                0x0000000000003f22                DallasTemperature::setHighAlarmTemp(unsigned char*, char)
                0x0000000000003f90                DallasTemperature::getTempC(unsigned char*)
                0x0000000000004018                DallasTemperature::getTempF(unsigned char*)
                0x000000000000405c                DallasTemperature::getResolution(unsigned char*)
                0x000000000000410e                DallasTemperature::requestTemperaturesByAddress(unsigned char*)
                0x00000000000041d4                DallasTemperature::setResolution(unsigned char*, unsigned char)
                0x0000000000004290                DallasTemperature::isConnected(unsigned char*)
                0x00000000000042d4                DallasTemperature::validAddress(unsigned char*)
                0x000000000000431c                DallasTemperature::processAlarms()
                0x0000000000004388                DallasTemperature::getAddress(unsigned char*, unsigned char)
                0x0000000000004432                DallasTemperature::getTempCByIndex(unsigned char)
                0x0000000000004488                DallasTemperature::getTempFByIndex(unsigned char)
                0x00000000000044c2                DallasTemperature::requestTemperaturesByIndex(unsigned char)
                0x0000000000004510                DallasTemperature::setResolution(unsigned char)
                0x00000000000045aa                DallasTemperature::begin()
 .text          0x00000000000046ce      0xc26 ./lib/OneWire.o
                0x00000000000046ce                OneWire::depower()
                0x0000000000004714                OneWire::reset_search()
                0x0000000000004772                OneWire::crc8(unsigned char*, unsigned char)
                0x00000000000047f0                OneWire::crc16(unsigned char*, unsigned int)
                0x0000000000004902                OneWire::check_crc16(unsigned char*, unsigned int, unsigned char*)
                0x0000000000004988                OneWire::read_bit()
                0x0000000000004a58                OneWire::read()
                0x0000000000004ab2                OneWire::read_bytes(unsigned char*, unsigned int)
                0x0000000000004b24                OneWire::write_bit(unsigned char)
                0x0000000000004c2c                OneWire::write(unsigned char, unsigned char)
                0x0000000000004ce4                OneWire::skip()
                0x0000000000004d0a                OneWire::select(unsigned char*)
                0x0000000000004d72                OneWire::write_bytes(unsigned char const*, unsigned int, bool)
                0x0000000000004e3e                OneWire::reset()
                0x0000000000004f7c                OneWire::search(unsigned char*)
                0x00000000000051b4                OneWire::OneWire(unsigned char)
                0x0000000000005254                OneWire::OneWire(unsigned char)
 .text          0x00000000000052f4      0x98a ./lib/SimpleTimer.o
                0x00000000000052f4                SimpleTimer::findFirstFreeSlot()
                0x0000000000005380                SimpleTimer::deleteTimer(int)
                0x0000000000005448                SimpleTimer::isEnabled(int)
                0x0000000000005494                SimpleTimer::enable(int)
                0x00000000000054d6                SimpleTimer::disable(int)
                0x0000000000005516                SimpleTimer::toggle(int)
                0x000000000000558a                SimpleTimer::getNumTimers()
                0x00000000000055b2                SimpleTimer::restartTimer(int)
                0x000000000000560e                SimpleTimer::setTimer(long, void (*)(), int)
                0x000000000000573a                SimpleTimer::setTimeout(long, void (*)())
                0x0000000000005796                SimpleTimer::setInterval(long, void (*)())
                0x00000000000057f2                SimpleTimer::run()
                0x0000000000005ae6                SimpleTimer::SimpleTimer()
                0x0000000000005bb2                SimpleTimer::SimpleTimer()
 .text          0x0000000000005c7e      0x122 ./arduinolib/SPI/SPI.o
                0x0000000000005c7e                SPIClass::end()
                0x0000000000005c9a                SPIClass::setBitOrder(unsigned char)
                0x0000000000005cd2                SPIClass::setDataMode(unsigned char)
                0x0000000000005cfa                SPIClass::setClockDivider(unsigned char)
                0x0000000000005d46                SPIClass::begin()
 .text          0x0000000000005da0      0xd32 ./arduinolib/Ethernet/utility/socket.o
                0x0000000000005da0                disconnect(unsigned char)
                0x0000000000005dc0                W5100Class::readSn(unsigned char, unsigned int)
                0x0000000000005df4                W5100Class::readSnIR(unsigned char)
                0x0000000000005e12                W5100Class::readSnSR(unsigned char)
                0x0000000000005e30                listen(unsigned char)
                0x0000000000005e74                W5100Class::readSnRX_RD(unsigned char)
                0x0000000000005ec8                W5100Class::readSnMR(unsigned char)
                0x0000000000005ee6                W5100Class::writeSn(unsigned char, unsigned int, unsigned char)
                0x0000000000005f22                W5100Class::writeSnIR(unsigned char, unsigned char)
                0x0000000000005f48                sendUDP(unsigned char)
                0x0000000000005fd4                close(unsigned char)
                0x0000000000005ffc                W5100Class::writeSnDPORT(unsigned char, unsigned int)
                0x000000000000603c                W5100Class::writeSnRX_RD(unsigned char, unsigned int)
                0x000000000000607c                W5100Class::writeSnMR(unsigned char, unsigned char)
                0x00000000000060a2                W5100Class::writeSnPORT(unsigned char, unsigned int)
                0x00000000000060e2                socket(unsigned char, unsigned char, unsigned int, unsigned char)
                0x000000000000618a                W5100Class::writeSn(unsigned char, unsigned int, unsigned char*, unsigned int)
                0x00000000000061e0                W5100Class::writeSnDIPR(unsigned char, unsigned char*)
                0x0000000000006210                startUDP(unsigned char, unsigned char*, unsigned int)
                0x00000000000062a6                connect(unsigned char, unsigned char*, unsigned int)
                0x000000000000636c                bufferData(unsigned char, unsigned int, unsigned char const*, unsigned int)
                0x0000000000006406                igmpsend(unsigned char, unsigned char const*, unsigned int)
                0x00000000000064f0                sendto(unsigned char, unsigned char const*, unsigned int, unsigned char*, unsigned int)
                0x0000000000006636                send(unsigned char, unsigned char const*, unsigned int)
                0x000000000000673c                recvfrom(unsigned char, unsigned char*, unsigned int, unsigned char*, unsigned int*)
                0x00000000000069de                peek(unsigned char, unsigned char*)
                0x0000000000006a18                recv(unsigned char, unsigned char*, unsigned int)
 .text          0x0000000000006ad2      0x9ee ./arduinolib/Ethernet/utility/w5100.o
                0x0000000000006ad2                SPIClass::transfer(unsigned char)
                0x0000000000006b0e                W5100Class::initSS()
                0x0000000000006b2a                W5100Class::setSS()
                0x0000000000006b46                W5100Class::resetSS()
                0x0000000000006b62                W5100Class::write(unsigned int, unsigned char)
                0x0000000000006be2                W5100Class::writeSnCR(unsigned char, unsigned char)
                0x0000000000006c48                W5100Class::writeSnTX_WR(unsigned char, unsigned int)
                0x0000000000006c88                W5100Class::writeMR(unsigned char)
                0x0000000000006ca6                W5100Class::writeTMSR(unsigned char)
                0x0000000000006cc4                W5100Class::writeRMSR(unsigned char)
                0x0000000000006ce2                W5100Class::write(unsigned int, unsigned char const*, unsigned int)
                0x0000000000006d74                W5100Class::read(unsigned int)
                0x0000000000006dec                W5100Class::readSnCR(unsigned char)
                0x0000000000006e5e                W5100Class::readSnTX_WR(unsigned char)
                0x0000000000006eb2                W5100Class::send_data_processing_offset(unsigned char, unsigned int, unsigned char const*, unsigned int)
                0x0000000000006fe0                W5100Class::send_data_processing(unsigned char, unsigned char const*, unsigned int)
                0x0000000000007034                W5100Class::readSnRX_RSR(unsigned char)
                0x0000000000007088                W5100Class::getRXReceivedSize(unsigned char)
                0x00000000000070ea                W5100Class::readSnTX_FSR(unsigned char)
                0x000000000000713e                W5100Class::getTXFreeSize(unsigned char)
                0x00000000000071a0                W5100Class::read(unsigned int, unsigned char*, unsigned int)
                0x000000000000723e                W5100Class::read_data(unsigned char, unsigned char volatile*, unsigned char volatile*, unsigned int)
                0x0000000000007340                W5100Class::recv_data_processing(unsigned char, unsigned char*, unsigned int, unsigned char)
                0x00000000000073c6                W5100Class::execCmdSn(unsigned char, SockCMD)
                0x000000000000740c                W5100Class::init()
 .text          0x00000000000074c0      0xe1c ./arduinolib/Ethernet/Dhcp.o
                0x00000000000074c0                IPAddress::operator==(IPAddress const&)
                0x0000000000007518                Printable::Printable(Printable const&)
                0x0000000000007546                IPAddress::IPAddress(IPAddress const&)
                0x000000000000759a                EthernetUDP::remoteIP()
                0x00000000000075d6                EthernetUDP::remotePort()
                0x00000000000075f8                DhcpClass::presend_DHCP()
                0x0000000000007678                DhcpClass::getDnsServerIp()
                0x00000000000076b4                DhcpClass::getDhcpServerIp()
                0x00000000000076f0                DhcpClass::getGatewayIp()
                0x000000000000772c                DhcpClass::getSubnetMask()
                0x0000000000007768                DhcpClass::getLocalIp()
                0x00000000000077a4                DhcpClass::parseDHCPResponse(unsigned long, unsigned long&)
                0x0000000000007cf6                DhcpClass::send_DHCP_MESSAGE(unsigned char, unsigned int)
                0x000000000000802c                DhcpClass::beginWithDHCP(unsigned char*, unsigned long, unsigned long)
 .text          0x00000000000082dc      0xc5e ./arduinolib/Ethernet/Dns.o
                0x00000000000082dc                IPAddress::raw_address()
                0x00000000000082fc                IPAddress::operator unsigned long()
                0x0000000000008382                IPAddress::operator[](int)
                0x0000000000008496                Printable::operator=(Printable const&)
                0x00000000000084bc                IPAddress::operator=(IPAddress const&)
                0x0000000000008508                DNSClient::begin(IPAddress const&)
                0x0000000000008540                DNSClient::inet_aton(char const*, IPAddress&)
                0x0000000000008700                DNSClient::ProcessResponse(unsigned int, IPAddress&)
                0x0000000000008bc8                DNSClient::BuildRequest(char const*)
                0x0000000000008db0                DNSClient::getHostByName(char const*, IPAddress&)
 .text          0x0000000000008f3a      0x984 ./arduinolib/Ethernet/Ethernet.o
                0x0000000000009082                EthernetClass::dnsServerIP()
                0x00000000000090b6                EthernetClass::EthernetClass()
                0x0000000000009146                W5100Class::readGAR(unsigned char*)
                0x0000000000009172                W5100Class::getGatewayIp(unsigned char*)
                0x000000000000919c                EthernetClass::gatewayIP()
                0x00000000000091ec                W5100Class::readSUBR(unsigned char*)
                0x0000000000009218                W5100Class::getSubnetMask(unsigned char*)
                0x0000000000009242                EthernetClass::subnetMask()
                0x0000000000009292                W5100Class::readSIPR(unsigned char*)
                0x00000000000092be                W5100Class::getIPAddress(unsigned char*)
                0x00000000000092e8                EthernetClass::localIP()
                0x0000000000009338                W5100Class::writeSHAR(unsigned char*)
                0x0000000000009364                W5100Class::setMACAddress(unsigned char*)
                0x000000000000938e                W5100Class::writeSIPR(unsigned char*)
                0x00000000000093ba                W5100Class::setIPAddress(unsigned char*)
                0x00000000000093e4                W5100Class::writeGAR(unsigned char*)
                0x0000000000009410                W5100Class::setGatewayIp(unsigned char*)
                0x000000000000943a                W5100Class::writeSUBR(unsigned char*)
                0x0000000000009466                W5100Class::setSubnetMask(unsigned char*)
                0x0000000000009490                EthernetClass::begin(unsigned char*, IPAddress, IPAddress, IPAddress, IPAddress)
                0x000000000000953e                EthernetClass::begin(unsigned char*, IPAddress, IPAddress, IPAddress)
                0x00000000000095f8                EthernetClass::begin(unsigned char*, IPAddress, IPAddress)
                0x00000000000096a2                EthernetClass::begin(unsigned char*, IPAddress)
                0x000000000000972c                DhcpClass::DhcpClass()
                0x0000000000009750                EthernetClass::begin(unsigned char*)
 .text          0x00000000000098be      0x9d8 ./arduinolib/Ethernet/EthernetClient.o
                0x00000000000098be                Print::setWriteError(int)
                0x00000000000098ec                Print::Print()
                0x000000000000991a                Stream::Stream()
                0x000000000000997c                Client::rawIPAddress(IPAddress&)
                0x0000000000009a28                Client::Client()
                0x0000000000009a56                EthernetClient::EthernetClient()
                0x0000000000009a8c                EthernetClient::EthernetClient()
                0x0000000000009ac2                EthernetClient::EthernetClient(unsigned char)
                0x0000000000009afa                EthernetClient::EthernetClient(unsigned char)
                0x0000000000009b32                EthernetClient::write(unsigned char)
                0x0000000000009b72                EthernetClient::flush()
                0x0000000000009bce                EthernetClient::operator bool()
                0x0000000000009cb2                EthernetClient::status()
                0x0000000000009ce8                EthernetClient::connected()
                0x0000000000009d64                EthernetClient::stop()
                0x0000000000009e48                EthernetClient::peek()
                0x0000000000009ebc                EthernetClient::read(unsigned char*, unsigned int)
                0x0000000000009efa                EthernetClient::read()
                0x0000000000009f5a                EthernetClient::available()
                0x0000000000009fa0                EthernetClient::write(unsigned char const*, unsigned int)
                0x000000000000a030                EthernetClient::connect(IPAddress, unsigned int)
                0x000000000000a196                DNSClient::DNSClient()
                0x000000000000a1c2                EthernetClient::connect(char const*, unsigned int)
 .text          0x000000000000a296      0x5da ./arduinolib/Ethernet/EthernetServer.o
                0x000000000000a2c4                Server::Server()
                0x000000000000a2f2                EthernetServer::EthernetServer(unsigned int)
                0x000000000000a334                EthernetServer::EthernetServer(unsigned int)
                0x000000000000a376                Print::Print(Print const&)
                0x000000000000a3b4                Stream::Stream(Stream const&)
                0x000000000000a420                Client::Client(Client const&)
                0x000000000000a45c                EthernetClient::EthernetClient(EthernetClient const&)
                0x000000000000a4a4                EthernetServer::write(unsigned char)
                0x000000000000a54a                EthernetServer::accept()
                0x000000000000a630                EthernetServer::write(unsigned char const*, unsigned int)
                0x000000000000a6f2                EthernetServer::available()
                0x000000000000a7d2                EthernetServer::begin()
 .text          0x000000000000a870      0x8f4 ./arduinolib/Ethernet/EthernetUdp.o
                0x000000000000a900                UDP::rawIPAddress(IPAddress&)
                0x000000000000a92a                EthernetUDP::read(char*, unsigned int)
                0x000000000000aa56                UDP::UDP()
                0x000000000000aa84                EthernetUDP::write(unsigned char)
                0x000000000000aac4                EthernetUDP::flush()
                0x000000000000ab86                EthernetUDP::peek()
                0x000000000000abfa                EthernetUDP::read(unsigned char*, unsigned int)
                0x000000000000ac38                EthernetUDP::read()
                0x000000000000ac98                EthernetUDP::parsePacket()
                0x000000000000ad82                EthernetUDP::write(unsigned char const*, unsigned int)
                0x000000000000adf2                EthernetUDP::endPacket()
                0x000000000000ae16                EthernetUDP::beginPacket(IPAddress, unsigned int)
                0x000000000000ae6e                EthernetUDP::EthernetUDP()
                0x000000000000aeda                EthernetUDP::EthernetUDP()
                0x000000000000af1a                EthernetUDP::beginPacket(char const*, unsigned int)
                0x000000000000afee                EthernetUDP::stop()
                0x000000000000b03c                EthernetUDP::available()
                0x000000000000b0b8                EthernetUDP::begin(unsigned int)
 .text          0x000000000000b164       0x5c ./arduinolib/EEPROM/EEPROM.o
                0x000000000000b164                EEPROMClass::write(int, unsigned char)
                0x000000000000b196                EEPROMClass::read(int)
 .text          0x000000000000b1c0        0x0 /storage/apps/eclipse-avr/workspace/ArduinoCore-1.0/Mega2560/libArduinoCore-1.0.a(IPAddress.o)
 .text          0x000000000000b1c0        0x0 /storage/apps/eclipse-avr/workspace/ArduinoCore-1.0/Mega2560/libArduinoCore-1.0.a(Print.o)
 .text          0x000000000000b1c0        0x0 /storage/apps/eclipse-avr/workspace/ArduinoCore-1.0/Mega2560/libArduinoCore-1.0.a(WMath.o)
 .text          0x000000000000b1c0        0x0 /storage/apps/eclipse-avr/workspace/ArduinoCore-1.0/Mega2560/libArduinoCore-1.0.a(WString.o)
 .text          0x000000000000b1c0        0x0 /storage/apps/eclipse-avr/workspace/ArduinoCore-1.0/Mega2560/libArduinoCore-1.0.a(new.o)
 .text          0x000000000000b1c0        0x0 /storage/apps/eclipse-avr/workspace/ArduinoCore-1.0/Mega2560/libArduinoCore-1.0.a(wiring.o)
 .text          0x000000000000b1c0        0x0 /storage/apps/eclipse-avr/workspace/ArduinoCore-1.0/Mega2560/libArduinoCore-1.0.a(wiring_analog.o)
 .text          0x000000000000b1c0        0x0 /storage/apps/eclipse-avr/workspace/ArduinoCore-1.0/Mega2560/libArduinoCore-1.0.a(wiring_digital.o)
 .text          0x000000000000b1c0        0x0 /usr/lib/gcc/avr/4.3.5/avr6/libgcc.a(_mulsi3.o)
 .text          0x000000000000b1c0        0x0 /usr/lib/gcc/avr/4.3.5/avr6/libgcc.a(_udivmodsi4.o)
 .text          0x000000000000b1c0        0x0 /usr/lib/gcc/avr/4.3.5/avr6/libgcc.a(_divmodsi4.o)
 .text          0x000000000000b1c0        0x0 /usr/lib/gcc/avr/4.3.5/avr6/libgcc.a(_exit.o)
 .text          0x000000000000b1c0        0x0 /usr/lib/gcc/avr/4.3.5/avr6/libgcc.a(_clear_bss.o)
 .text          0x000000000000b1c0        0x0 /usr/lib/gcc/avr/4.3.5/avr6/libgcc.a(_ctors.o)
 .text          0x000000000000b1c0        0x0 /usr/lib/gcc/avr/4.3.5/avr6/libgcc.a(_dtors.o)
 .text          0x000000000000b1c0       0x58 /usr/lib/gcc/avr/4.3.5/avr6/libgcc.a(_fixunssfsi.o)
                0x000000000000b1c0                __fixunssfsi
 .text          0x000000000000b218      0x354 /usr/lib/gcc/avr/4.3.5/avr6/libgcc.a(_addsub_sf.o)
                0x000000000000b4b0                __subsf3
                0x000000000000b512                __addsf3
 .text          0x000000000000b56c      0x1f4 /usr/lib/gcc/avr/4.3.5/avr6/libgcc.a(_mul_sf.o)
                0x000000000000b56c                __mulsf3
 .text          0x000000000000b760      0x158 /usr/lib/gcc/avr/4.3.5/avr6/libgcc.a(_div_sf.o)
                0x000000000000b760                __divsf3
 .text          0x000000000000b8b8       0x60 /usr/lib/gcc/avr/4.3.5/avr6/libgcc.a(_ge_sf.o)
                0x000000000000b8b8                __gesf2
 .text          0x000000000000b918       0x60 /usr/lib/gcc/avr/4.3.5/avr6/libgcc.a(_lt_sf.o)
                0x000000000000b918                __ltsf2
 .text          0x000000000000b978       0xbc /usr/lib/gcc/avr/4.3.5/avr6/libgcc.a(_si_to_sf.o)
                0x000000000000b978                __floatsisf
 .text          0x000000000000ba34       0xa8 /usr/lib/gcc/avr/4.3.5/avr6/libgcc.a(_sf_to_si.o)
                0x000000000000ba34                __fixsfsi
 .text          0x000000000000badc        0x0 /usr/lib/gcc/avr/4.3.5/avr6/libgcc.a(_thenan_sf.o)
 .text          0x000000000000badc       0xf2 /usr/lib/gcc/avr/4.3.5/avr6/libgcc.a(_usi_to_sf.o)
                0x000000000000badc                __floatunsisf
 .text          0x000000000000bbce        0x0 /usr/lib/gcc/avr/4.3.5/avr6/libgcc.a(_prologue.o)
 .text          0x000000000000bbce        0x0 /usr/lib/gcc/avr/4.3.5/avr6/libgcc.a(_epilogue.o)
 .text          0x000000000000bbce        0x0 /usr/lib/gcc/avr/4.3.5/avr6/libgcc.a(_tablejump.o)
 .text          0x000000000000bbce       0x9e /usr/lib/gcc/avr/4.3.5/avr6/libgcc.a(_clzsi2.o)
                0x000000000000bbce                __clzsi2
 .text          0x000000000000bc6c      0x1ac /usr/lib/gcc/avr/4.3.5/avr6/libgcc.a(_pack_sf.o)
                0x000000000000bc6c                __pack_f
 .text          0x000000000000be18       0xf0 /usr/lib/gcc/avr/4.3.5/avr6/libgcc.a(_unpack_sf.o)
                0x000000000000be18                __unpack_f
 .text          0x000000000000bf08       0xb2 /usr/lib/gcc/avr/4.3.5/avr6/libgcc.a(_fpcmp_parts_sf.o)
                0x000000000000bf08                __fpcmp_parts_f
 .text          0x000000000000bfba        0x0 /usr/lib/gcc/avr/4.3.5/avr6/libgcc.a(_clz.o)
 .text          0x000000000000bfba        0x0 /usr/lib/gcc/avr/4.3.5/../../../avr/lib/avr6/libc.a(dtostrf.o)
 .text          0x000000000000bfba        0x0 /usr/lib/gcc/avr/4.3.5/../../../avr/lib/avr6/libc.a(malloc.o)
 .text          0x000000000000bfba        0x0 /usr/lib/gcc/avr/4.3.5/../../../avr/lib/avr6/libc.a(random.o)
 .text          0x000000000000bfba        0x0 /usr/lib/gcc/avr/4.3.5/../../../avr/lib/avr6/libc.a(realloc.o)
 .text          0x000000000000bfba        0x0 /usr/lib/gcc/avr/4.3.5/../../../avr/lib/avr6/libc.a(atoi.o)
 .text          0x000000000000bfba        0x0 /usr/lib/gcc/avr/4.3.5/../../../avr/lib/avr6/libc.a(atol.o)
 .text          0x000000000000bfba        0x0 /usr/lib/gcc/avr/4.3.5/../../../avr/lib/avr6/libc.a(isspace.o)
 .text          0x000000000000bfba        0x0 /usr/lib/gcc/avr/4.3.5/../../../avr/lib/avr6/libc.a(tolower.o)
 .text          0x000000000000bfba        0x0 /usr/lib/gcc/avr/4.3.5/../../../avr/lib/avr6/libc.a(toupper.o)
 .text          0x000000000000bfba        0x0 /usr/lib/gcc/avr/4.3.5/../../../avr/lib/avr6/libc.a(strtok.o)
 .text          0x000000000000bfba        0x0 /usr/lib/gcc/avr/4.3.5/../../../avr/lib/avr6/libc.a(memcmp.o)
 .text          0x000000000000bfba        0x0 /usr/lib/gcc/avr/4.3.5/../../../avr/lib/avr6/libc.a(memcpy.o)
 .text          0x000000000000bfba        0x0 /usr/lib/gcc/avr/4.3.5/../../../avr/lib/avr6/libc.a(memmove.o)
 .text          0x000000000000bfba        0x0 /usr/lib/gcc/avr/4.3.5/../../../avr/lib/avr6/libc.a(memset.o)
 .text          0x000000000000bfba        0x0 /usr/lib/gcc/avr/4.3.5/../../../avr/lib/avr6/libc.a(strchr.o)
 .text          0x000000000000bfba        0x0 /usr/lib/gcc/avr/4.3.5/../../../avr/lib/avr6/libc.a(strcmp.o)
 .text          0x000000000000bfba        0x0 /usr/lib/gcc/avr/4.3.5/../../../avr/lib/avr6/libc.a(strcpy.o)
 .text          0x000000000000bfba        0x0 /usr/lib/gcc/avr/4.3.5/../../../avr/lib/avr6/libc.a(strncmp.o)
 .text          0x000000000000bfba        0x0 /usr/lib/gcc/avr/4.3.5/../../../avr/lib/avr6/libc.a(strncpy.o)
 .text          0x000000000000bfba        0x0 /usr/lib/gcc/avr/4.3.5/../../../avr/lib/avr6/libc.a(strrchr.o)
 .text          0x000000000000bfba        0x0 /usr/lib/gcc/avr/4.3.5/../../../avr/lib/avr6/libc.a(strstr.o)
 .text          0x000000000000bfba        0x0 /usr/lib/gcc/avr/4.3.5/../../../avr/lib/avr6/libc.a(strtok_r.o)
 .text          0x000000000000bfba        0x0 /usr/lib/gcc/avr/4.3.5/../../../avr/lib/avr6/libc.a(itoa.o)
 .text          0x000000000000bfba        0x0 /usr/lib/gcc/avr/4.3.5/../../../avr/lib/avr6/libc.a(ltoa.o)
 .text          0x000000000000bfba        0x0 /usr/lib/gcc/avr/4.3.5/../../../avr/lib/avr6/libc.a(mulsi10.o)
 .text          0x000000000000bfba        0x0 /usr/lib/gcc/avr/4.3.5/../../../avr/lib/avr6/libc.a(mul10.o)
 .text          0x000000000000bfba        0x0 /usr/lib/gcc/avr/4.3.5/../../../avr/lib/avr6/libc.a(ultoa.o)
 .text          0x000000000000bfba        0x0 /usr/lib/gcc/avr/4.3.5/../../../avr/lib/avr6/libc.a(utoa.o)
 .text          0x000000000000bfba        0x0 /usr/lib/gcc/avr/4.3.5/../../../avr/lib/avr6/libc.a(sprintf.o)
 .text          0x000000000000bfba        0x0 /usr/lib/gcc/avr/4.3.5/../../../avr/lib/avr6/libc.a(vfprintf_std.o)
 .text          0x000000000000bfba        0x0 /usr/lib/gcc/avr/4.3.5/../../../avr/lib/avr6/libc.a(eerd_byte_atmega2560.o)
 .text          0x000000000000bfba        0x0 /usr/lib/gcc/avr/4.3.5/../../../avr/lib/avr6/libc.a(eewr_byte_atmega2560.o)
 .text          0x000000000000bfba        0x0 /usr/lib/gcc/avr/4.3.5/../../../avr/lib/avr6/libc.a(dtoa_prf.o)
 .text          0x000000000000bfba        0x0 /usr/lib/gcc/avr/4.3.5/../../../avr/lib/avr6/libc.a(ftoa_engine.o)
 .text          0x000000000000bfba        0x0 /usr/lib/gcc/avr/4.3.5/../../../avr/lib/avr6/libc.a(cty_isfalse.o)
 .text          0x000000000000bfba        0x0 /usr/lib/gcc/avr/4.3.5/../../../avr/lib/avr6/libc.a(strnlen_P.o)
 .text          0x000000000000bfba        0x0 /usr/lib/gcc/avr/4.3.5/../../../avr/lib/avr6/libc.a(strnlen.o)
 .text          0x000000000000bfba        0x0 /usr/lib/gcc/avr/4.3.5/../../../avr/lib/avr6/libc.a(strrev.o)
 .text          0x000000000000bfba        0x0 /usr/lib/gcc/avr/4.3.5/../../../avr/lib/avr6/libc.a(fputc.o)
 .text          0x000000000000bfba        0x0 /usr/lib/gcc/avr/4.3.5/../../../avr/lib/avr6/libc.a(ultoa_invert.o)
 .text          0x000000000000bfba        0x0 /usr/lib/gcc/avr/4.3.5/avr6/libgcc.a(_udivmodhi4.o)
                0x000000000000bfba                . = ALIGN (0x2)
 *(.text.*)
 .text._ZN9IPAddressC2Ehhhh
                0x000000000000bfba       0x18 /storage/apps/eclipse-avr/workspace/ArduinoCore-1.0/Mega2560/libArduinoCore-1.0.a(IPAddress.o)
                0x000000000000bfba                IPAddress::IPAddress(unsigned char, unsigned char, unsigned char, unsigned char)
 .text._ZN9IPAddressC1Ehhhh
                0x000000000000bfd2       0x18 /storage/apps/eclipse-avr/workspace/ArduinoCore-1.0/Mega2560/libArduinoCore-1.0.a(IPAddress.o)
                0x000000000000bfd2                IPAddress::IPAddress(unsigned char, unsigned char, unsigned char, unsigned char)
 .text._GLOBAL__I__ZN9IPAddressC2Ev
                0x000000000000bfea       0x1e /storage/apps/eclipse-avr/workspace/ArduinoCore-1.0/Mega2560/libArduinoCore-1.0.a(IPAddress.o)
 .text._ZNK9IPAddress7printToER5Print
                0x000000000000c008       0x84 /storage/apps/eclipse-avr/workspace/ArduinoCore-1.0/Mega2560/libArduinoCore-1.0.a(IPAddress.o)
                0x000000000000c008                IPAddress::printTo(Print&) const
 .text._ZN9IPAddresseqEPKh
                0x000000000000c08c       0x1e /storage/apps/eclipse-avr/workspace/ArduinoCore-1.0/Mega2560/libArduinoCore-1.0.a(IPAddress.o)
                0x000000000000c08c                IPAddress::operator==(unsigned char const*)
 .text._ZN9IPAddressaSEm
                0x000000000000c0aa       0x24 /storage/apps/eclipse-avr/workspace/ArduinoCore-1.0/Mega2560/libArduinoCore-1.0.a(IPAddress.o)
                0x000000000000c0aa                IPAddress::operator=(unsigned long)
 .text._ZN9IPAddressaSEPKh
                0x000000000000c0ce       0x1a /storage/apps/eclipse-avr/workspace/ArduinoCore-1.0/Mega2560/libArduinoCore-1.0.a(IPAddress.o)
                0x000000000000c0ce                IPAddress::operator=(unsigned char const*)
 .text._ZN9IPAddressC1EPKh
                0x000000000000c0e8       0x22 /storage/apps/eclipse-avr/workspace/ArduinoCore-1.0/Mega2560/libArduinoCore-1.0.a(IPAddress.o)
                0x000000000000c0e8                IPAddress::IPAddress(unsigned char const*)
 .text._ZN9IPAddressC2EPKh
                0x000000000000c10a       0x22 /storage/apps/eclipse-avr/workspace/ArduinoCore-1.0/Mega2560/libArduinoCore-1.0.a(IPAddress.o)
                0x000000000000c10a                IPAddress::IPAddress(unsigned char const*)
 .text._ZN9IPAddressC1Em
                0x000000000000c12c       0x2c /storage/apps/eclipse-avr/workspace/ArduinoCore-1.0/Mega2560/libArduinoCore-1.0.a(IPAddress.o)
                0x000000000000c12c                IPAddress::IPAddress(unsigned long)
 .text._ZN9IPAddressC2Em
                0x000000000000c158       0x2c /storage/apps/eclipse-avr/workspace/ArduinoCore-1.0/Mega2560/libArduinoCore-1.0.a(IPAddress.o)
                0x000000000000c158                IPAddress::IPAddress(unsigned long)
 .text._ZN9IPAddressC1Ev
                0x000000000000c184       0x14 /storage/apps/eclipse-avr/workspace/ArduinoCore-1.0/Mega2560/libArduinoCore-1.0.a(IPAddress.o)
                0x000000000000c184                IPAddress::IPAddress()
 .text._ZN9IPAddressC2Ev
                0x000000000000c198       0x14 /storage/apps/eclipse-avr/workspace/ArduinoCore-1.0/Mega2560/libArduinoCore-1.0.a(IPAddress.o)
                0x000000000000c198                IPAddress::IPAddress()
 .text._ZN5Print5writeEPKhj
                0x000000000000c1ac       0x54 /storage/apps/eclipse-avr/workspace/ArduinoCore-1.0/Mega2560/libArduinoCore-1.0.a(Print.o)
                0x000000000000c1ac                Print::write(unsigned char const*, unsigned int)
 .text._ZN5Print5printEPK19__FlashStringHelper
                0x000000000000c200       0x46 /storage/apps/eclipse-avr/workspace/ArduinoCore-1.0/Mega2560/libArduinoCore-1.0.a(Print.o)
                0x000000000000c200                Print::print(__FlashStringHelper const*)
 .text._ZN5Print5printEc
                0x000000000000c246       0x10 /storage/apps/eclipse-avr/workspace/ArduinoCore-1.0/Mega2560/libArduinoCore-1.0.a(Print.o)
                0x000000000000c246                Print::print(char)
 .text._ZN5Print5printERK9Printable
                0x000000000000c256       0x16 /storage/apps/eclipse-avr/workspace/ArduinoCore-1.0/Mega2560/libArduinoCore-1.0.a(Print.o)
                0x000000000000c256                Print::print(Printable const&)
 .text._ZN5Print7printlnEv
                0x000000000000c26c       0x40 /storage/apps/eclipse-avr/workspace/ArduinoCore-1.0/Mega2560/libArduinoCore-1.0.a(Print.o)
                0x000000000000c26c                Print::println()
 .text._ZN5Print7printlnEPK19__FlashStringHelper
                0x000000000000c2ac       0x28 /storage/apps/eclipse-avr/workspace/ArduinoCore-1.0/Mega2560/libArduinoCore-1.0.a(Print.o)
                0x000000000000c2ac                Print::println(__FlashStringHelper const*)
 .text._ZN5Print7printlnEc
                0x000000000000c2d4       0x30 /storage/apps/eclipse-avr/workspace/ArduinoCore-1.0/Mega2560/libArduinoCore-1.0.a(Print.o)
                0x000000000000c2d4                Print::println(char)
 .text._ZN5Print7printlnERK9Printable
                0x000000000000c304       0x34 /storage/apps/eclipse-avr/workspace/ArduinoCore-1.0/Mega2560/libArduinoCore-1.0.a(Print.o)
                0x000000000000c304                Print::println(Printable const&)
 .text._ZN5Print5writeEPKc
                0x000000000000c338       0x28 /storage/apps/eclipse-avr/workspace/ArduinoCore-1.0/Mega2560/libArduinoCore-1.0.a(Print.o)
                0x000000000000c338                Print::write(char const*)
 .text._ZN5Print11printNumberEmh
                0x000000000000c360       0xc8 /storage/apps/eclipse-avr/workspace/ArduinoCore-1.0/Mega2560/libArduinoCore-1.0.a(Print.o)
                0x000000000000c360                Print::printNumber(unsigned long, unsigned char)
 .text._ZN5Print5printEmi
                0x000000000000c428       0x1e /storage/apps/eclipse-avr/workspace/ArduinoCore-1.0/Mega2560/libArduinoCore-1.0.a(Print.o)
                0x000000000000c428                Print::print(unsigned long, int)
 .text._ZN5Print7printlnEmi
                0x000000000000c446       0x28 /storage/apps/eclipse-avr/workspace/ArduinoCore-1.0/Mega2560/libArduinoCore-1.0.a(Print.o)
                0x000000000000c446                Print::println(unsigned long, int)
 .text._ZN5Print5printEji
                0x000000000000c46e       0x22 /storage/apps/eclipse-avr/workspace/ArduinoCore-1.0/Mega2560/libArduinoCore-1.0.a(Print.o)
                0x000000000000c46e                Print::print(unsigned int, int)
 .text._ZN5Print7printlnEji
                0x000000000000c490       0x3a /storage/apps/eclipse-avr/workspace/ArduinoCore-1.0/Mega2560/libArduinoCore-1.0.a(Print.o)
                0x000000000000c490                Print::println(unsigned int, int)
 .text._ZN5Print5printEhi
                0x000000000000c4ca       0x24 /storage/apps/eclipse-avr/workspace/ArduinoCore-1.0/Mega2560/libArduinoCore-1.0.a(Print.o)
                0x000000000000c4ca                Print::print(unsigned char, int)
 .text._ZN5Print7printlnEhi
                0x000000000000c4ee       0x3c /storage/apps/eclipse-avr/workspace/ArduinoCore-1.0/Mega2560/libArduinoCore-1.0.a(Print.o)
                0x000000000000c4ee                Print::println(unsigned char, int)
 .text._ZN5Print5printEli
                0x000000000000c52a       0x80 /storage/apps/eclipse-avr/workspace/ArduinoCore-1.0/Mega2560/libArduinoCore-1.0.a(Print.o)
                0x000000000000c52a                Print::print(long, int)
 .text._ZN5Print7printlnEli
                0x000000000000c5aa       0x28 /storage/apps/eclipse-avr/workspace/ArduinoCore-1.0/Mega2560/libArduinoCore-1.0.a(Print.o)
                0x000000000000c5aa                Print::println(long, int)
 .text._ZN5Print5printEii
                0x000000000000c5d2       0x26 /storage/apps/eclipse-avr/workspace/ArduinoCore-1.0/Mega2560/libArduinoCore-1.0.a(Print.o)
                0x000000000000c5d2                Print::print(int, int)
 .text._ZN5Print7printlnEii
                0x000000000000c5f8       0x3e /storage/apps/eclipse-avr/workspace/ArduinoCore-1.0/Mega2560/libArduinoCore-1.0.a(Print.o)
                0x000000000000c5f8                Print::println(int, int)
 .text._ZN5Print5printEPKc
                0x000000000000c636        0x6 /storage/apps/eclipse-avr/workspace/ArduinoCore-1.0/Mega2560/libArduinoCore-1.0.a(Print.o)
                0x000000000000c636                Print::print(char const*)
 .text._ZN5Print10printFloatEdh
                0x000000000000c63c      0x136 /storage/apps/eclipse-avr/workspace/ArduinoCore-1.0/Mega2560/libArduinoCore-1.0.a(Print.o)
                0x000000000000c63c                Print::printFloat(double, unsigned char)
 .text._ZN5Print5printEdi
                0x000000000000c772        0x6 /storage/apps/eclipse-avr/workspace/ArduinoCore-1.0/Mega2560/libArduinoCore-1.0.a(Print.o)
                0x000000000000c772                Print::print(double, int)
 .text._ZN5Print7printlnEdi
                0x000000000000c778       0x26 /storage/apps/eclipse-avr/workspace/ArduinoCore-1.0/Mega2560/libArduinoCore-1.0.a(Print.o)
                0x000000000000c778                Print::println(double, int)
 .text._ZN5Print7printlnEPKc
                0x000000000000c79e       0x26 /storage/apps/eclipse-avr/workspace/ArduinoCore-1.0/Mega2560/libArduinoCore-1.0.a(Print.o)
                0x000000000000c79e                Print::println(char const*)
 .text._ZN5Print5printERK6String
                0x000000000000c7c4       0x66 /storage/apps/eclipse-avr/workspace/ArduinoCore-1.0/Mega2560/libArduinoCore-1.0.a(Print.o)
                0x000000000000c7c4                Print::print(String const&)
 .text._ZN5Print7printlnERK6String
                0x000000000000c82a       0x28 /storage/apps/eclipse-avr/workspace/ArduinoCore-1.0/Mega2560/libArduinoCore-1.0.a(Print.o)
                0x000000000000c82a                Print::println(String const&)
 .text._Z3maplllll
                0x000000000000c852       0x92 /storage/apps/eclipse-avr/workspace/ArduinoCore-1.0/Mega2560/libArduinoCore-1.0.a(WMath.o)
                0x000000000000c852                map(long, long, long, long, long)
 .text._Z8makeWordj
                0x000000000000c8e4        0x2 /storage/apps/eclipse-avr/workspace/ArduinoCore-1.0/Mega2560/libArduinoCore-1.0.a(WMath.o)
                0x000000000000c8e4                makeWord(unsigned int)
 .text._Z8makeWordhh
                0x000000000000c8e6        0xe /storage/apps/eclipse-avr/workspace/ArduinoCore-1.0/Mega2560/libArduinoCore-1.0.a(WMath.o)
                0x000000000000c8e6                makeWord(unsigned char, unsigned char)
 .text._Z6randoml
                0x000000000000c8f4       0x44 /storage/apps/eclipse-avr/workspace/ArduinoCore-1.0/Mega2560/libArduinoCore-1.0.a(WMath.o)
                0x000000000000c8f4                random(long)
 .text._Z6randomll
                0x000000000000c938       0x3c /storage/apps/eclipse-avr/workspace/ArduinoCore-1.0/Mega2560/libArduinoCore-1.0.a(WMath.o)
                0x000000000000c938                random(long, long)
 .text._Z10randomSeedj
                0x000000000000c974       0x10 /storage/apps/eclipse-avr/workspace/ArduinoCore-1.0/Mega2560/libArduinoCore-1.0.a(WMath.o)
                0x000000000000c974                randomSeed(unsigned int)
 .text._ZNK6String6charAtEj
                0x000000000000c984       0x22 /storage/apps/eclipse-avr/workspace/ArduinoCore-1.0/Mega2560/libArduinoCore-1.0.a(WString.o)
                0x000000000000c984                String::charAt(unsigned int) const
 .text._ZN6String9setCharAtEjc
                0x000000000000c9a6       0x1a /storage/apps/eclipse-avr/workspace/ArduinoCore-1.0/Mega2560/libArduinoCore-1.0.a(WString.o)
                0x000000000000c9a6                String::setCharAt(unsigned int, char)
 .text._ZN6StringixEj
                0x000000000000c9c0       0x2a /storage/apps/eclipse-avr/workspace/ArduinoCore-1.0/Mega2560/libArduinoCore-1.0.a(WString.o)
                0x000000000000c9c0                String::operator[](unsigned int)
 .text._ZNK6StringixEj
                0x000000000000c9ea       0x22 /storage/apps/eclipse-avr/workspace/ArduinoCore-1.0/Mega2560/libArduinoCore-1.0.a(WString.o)
                0x000000000000c9ea                String::operator[](unsigned int) const
 .text._ZN6String7replaceEcc
                0x000000000000ca0c       0x1e /storage/apps/eclipse-avr/workspace/ArduinoCore-1.0/Mega2560/libArduinoCore-1.0.a(WString.o)
                0x000000000000ca0c                String::replace(char, char)
 .text._ZNK6String5toIntEv
                0x000000000000ca2a       0x22 /storage/apps/eclipse-avr/workspace/ArduinoCore-1.0/Mega2560/libArduinoCore-1.0.a(WString.o)
                0x000000000000ca2a                String::toInt() const
 .text._ZN6String4trimEv
                0x000000000000ca4c       0xb6 /storage/apps/eclipse-avr/workspace/ArduinoCore-1.0/Mega2560/libArduinoCore-1.0.a(WString.o)
                0x000000000000ca4c                String::trim()
 .text._ZN6String11toUpperCaseEv
                0x000000000000cb02       0x28 /storage/apps/eclipse-avr/workspace/ArduinoCore-1.0/Mega2560/libArduinoCore-1.0.a(WString.o)
                0x000000000000cb02                String::toUpperCase()
 .text._ZN6String11toLowerCaseEv
                0x000000000000cb2a       0x28 /storage/apps/eclipse-avr/workspace/ArduinoCore-1.0/Mega2560/libArduinoCore-1.0.a(WString.o)
                0x000000000000cb2a                String::toLowerCase()
 .text._ZNK6String16equalsIgnoreCaseERKS_
                0x000000000000cb52       0x78 /storage/apps/eclipse-avr/workspace/ArduinoCore-1.0/Mega2560/libArduinoCore-1.0.a(WString.o)
                0x000000000000cb52                String::equalsIgnoreCase(String const&) const
 .text._ZNK6String11lastIndexOfERKS_j
                0x000000000000cbca       0x9c /storage/apps/eclipse-avr/workspace/ArduinoCore-1.0/Mega2560/libArduinoCore-1.0.a(WString.o)
                0x000000000000cbca                String::lastIndexOf(String const&, unsigned int) const
 .text._ZNK6String11lastIndexOfERKS_
                0x000000000000cc66       0x1c /storage/apps/eclipse-avr/workspace/ArduinoCore-1.0/Mega2560/libArduinoCore-1.0.a(WString.o)
                0x000000000000cc66                String::lastIndexOf(String const&) const
 .text._ZNK6String7indexOfERKS_j
                0x000000000000cc82       0x3c /storage/apps/eclipse-avr/workspace/ArduinoCore-1.0/Mega2560/libArduinoCore-1.0.a(WString.o)
                0x000000000000cc82                String::indexOf(String const&, unsigned int) const
 .text._ZNK6String7indexOfERKS_
                0x000000000000ccbe        0xa /storage/apps/eclipse-avr/workspace/ArduinoCore-1.0/Mega2560/libArduinoCore-1.0.a(WString.o)
                0x000000000000ccbe                String::indexOf(String const&) const
 .text._ZNK6String11lastIndexOfEcj
                0x000000000000ccc8       0x6e /storage/apps/eclipse-avr/workspace/ArduinoCore-1.0/Mega2560/libArduinoCore-1.0.a(WString.o)
                0x000000000000ccc8                String::lastIndexOf(char, unsigned int) const
 .text._ZNK6String11lastIndexOfEc
                0x000000000000cd36       0x10 /storage/apps/eclipse-avr/workspace/ArduinoCore-1.0/Mega2560/libArduinoCore-1.0.a(WString.o)
                0x000000000000cd36                String::lastIndexOf(char) const
 .text._ZNK6String7indexOfEcj
                0x000000000000cd46       0x3c /storage/apps/eclipse-avr/workspace/ArduinoCore-1.0/Mega2560/libArduinoCore-1.0.a(WString.o)
                0x000000000000cd46                String::indexOf(char, unsigned int) const
 .text._ZNK6String7indexOfEc
                0x000000000000cd82        0xa /storage/apps/eclipse-avr/workspace/ArduinoCore-1.0/Mega2560/libArduinoCore-1.0.a(WString.o)
                0x000000000000cd82                String::indexOf(char) const
 .text._ZNK6String8getBytesEPhjj
                0x000000000000cd8c       0x5a /storage/apps/eclipse-avr/workspace/ArduinoCore-1.0/Mega2560/libArduinoCore-1.0.a(WString.o)
                0x000000000000cd8c                String::getBytes(unsigned char*, unsigned int, unsigned int) const
 .text._ZNK6String8endsWithERKS_
                0x000000000000cde6       0x44 /storage/apps/eclipse-avr/workspace/ArduinoCore-1.0/Mega2560/libArduinoCore-1.0.a(WString.o)
                0x000000000000cde6                String::endsWith(String const&) const
 .text._ZNK6String6equalsEPKc
                0x000000000000ce2a       0x46 /storage/apps/eclipse-avr/workspace/ArduinoCore-1.0/Mega2560/libArduinoCore-1.0.a(WString.o)
                0x000000000000ce2a                String::equals(char const*) const
 .text._ZNK6String9compareToERKS_
                0x000000000000ce70       0x66 /storage/apps/eclipse-avr/workspace/ArduinoCore-1.0/Mega2560/libArduinoCore-1.0.a(WString.o)
                0x000000000000ce70                String::compareTo(String const&) const
 .text._ZNK6StringgeERKS_
                0x000000000000ced6       0x10 /storage/apps/eclipse-avr/workspace/ArduinoCore-1.0/Mega2560/libArduinoCore-1.0.a(WString.o)
                0x000000000000ced6                String::operator>=(String const&) const
 .text._ZNK6StringleERKS_
                0x000000000000cee6       0x12 /storage/apps/eclipse-avr/workspace/ArduinoCore-1.0/Mega2560/libArduinoCore-1.0.a(WString.o)
                0x000000000000cee6                String::operator<=(String const&) const
 .text._ZNK6StringgtERKS_
                0x000000000000cef8       0x12 /storage/apps/eclipse-avr/workspace/ArduinoCore-1.0/Mega2560/libArduinoCore-1.0.a(WString.o)
                0x000000000000cef8                String::operator>(String const&) const
 .text._ZNK6StringltERKS_
                0x000000000000cf0a        0xe /storage/apps/eclipse-avr/workspace/ArduinoCore-1.0/Mega2560/libArduinoCore-1.0.a(WString.o)
                0x000000000000cf0a                String::operator<(String const&) const
 .text._ZNK6String6equalsERKS_
                0x000000000000cf18       0x2c /storage/apps/eclipse-avr/workspace/ArduinoCore-1.0/Mega2560/libArduinoCore-1.0.a(WString.o)
                0x000000000000cf18                String::equals(String const&) const
 .text._ZNK6String10startsWithERKS_j
                0x000000000000cf44       0x46 /storage/apps/eclipse-avr/workspace/ArduinoCore-1.0/Mega2560/libArduinoCore-1.0.a(WString.o)
                0x000000000000cf44                String::startsWith(String const&, unsigned int) const
 .text._ZNK6String10startsWithERKS_
                0x000000000000cf8a       0x26 /storage/apps/eclipse-avr/workspace/ArduinoCore-1.0/Mega2560/libArduinoCore-1.0.a(WString.o)
                0x000000000000cf8a                String::startsWith(String const&) const
 .text._ZN6String12changeBufferEj
                0x000000000000cfb0       0x34 /storage/apps/eclipse-avr/workspace/ArduinoCore-1.0/Mega2560/libArduinoCore-1.0.a(WString.o)
                0x000000000000cfb0                String::changeBuffer(unsigned int)
 .text._ZN6String7replaceERKS_S1_
                0x000000000000cfe4      0x20a /storage/apps/eclipse-avr/workspace/ArduinoCore-1.0/Mega2560/libArduinoCore-1.0.a(WString.o)
                0x000000000000cfe4                String::replace(String const&, String const&)
 .text._ZN6String7reserveEj
                0x000000000000d1ee       0x38 /storage/apps/eclipse-avr/workspace/ArduinoCore-1.0/Mega2560/libArduinoCore-1.0.a(WString.o)
                0x000000000000d1ee                String::reserve(unsigned int)
 .text._ZN6String6concatEPKcj
                0x000000000000d226       0x5a /storage/apps/eclipse-avr/workspace/ArduinoCore-1.0/Mega2560/libArduinoCore-1.0.a(WString.o)
                0x000000000000d226                String::concat(char const*, unsigned int)
 .text._ZN6String6concatEm
                0x000000000000d280       0x64 /storage/apps/eclipse-avr/workspace/ArduinoCore-1.0/Mega2560/libArduinoCore-1.0.a(WString.o)
                0x000000000000d280                String::concat(unsigned long)
 .text._ZN6String6concatEl
                0x000000000000d2e4       0x64 /storage/apps/eclipse-avr/workspace/ArduinoCore-1.0/Mega2560/libArduinoCore-1.0.a(WString.o)
                0x000000000000d2e4                String::concat(long)
 .text._ZN6String6concatEj
                0x000000000000d348       0x5a /storage/apps/eclipse-avr/workspace/ArduinoCore-1.0/Mega2560/libArduinoCore-1.0.a(WString.o)
                0x000000000000d348                String::concat(unsigned int)
 .text._ZN6String6concatEi
                0x000000000000d3a2       0x62 /storage/apps/eclipse-avr/workspace/ArduinoCore-1.0/Mega2560/libArduinoCore-1.0.a(WString.o)
                0x000000000000d3a2                String::concat(int)
 .text._ZN6String6concatEh
                0x000000000000d404       0x58 /storage/apps/eclipse-avr/workspace/ArduinoCore-1.0/Mega2560/libArduinoCore-1.0.a(WString.o)
                0x000000000000d404                String::concat(unsigned char)
 .text._ZN6String6concatEc
                0x000000000000d45c       0x28 /storage/apps/eclipse-avr/workspace/ArduinoCore-1.0/Mega2560/libArduinoCore-1.0.a(WString.o)
                0x000000000000d45c                String::concat(char)
 .text._ZN6String6concatEPKc
                0x000000000000d484       0x20 /storage/apps/eclipse-avr/workspace/ArduinoCore-1.0/Mega2560/libArduinoCore-1.0.a(WString.o)
                0x000000000000d484                String::concat(char const*)
 .text._ZN6String6concatERKS_
                0x000000000000d4a4       0x10 /storage/apps/eclipse-avr/workspace/ArduinoCore-1.0/Mega2560/libArduinoCore-1.0.a(WString.o)
                0x000000000000d4a4                String::concat(String const&)
 .text._ZN6String10invalidateEv
                0x000000000000d4b4       0x24 /storage/apps/eclipse-avr/workspace/ArduinoCore-1.0/Mega2560/libArduinoCore-1.0.a(WString.o)
                0x000000000000d4b4                String::invalidate()
 .text._ZplRK15StringSumHelperm
                0x000000000000d4d8       0x22 /storage/apps/eclipse-avr/workspace/ArduinoCore-1.0/Mega2560/libArduinoCore-1.0.a(WString.o)
                0x000000000000d4d8                operator+(StringSumHelper const&, unsigned long)
 .text._ZplRK15StringSumHelperl
                0x000000000000d4fa       0x22 /storage/apps/eclipse-avr/workspace/ArduinoCore-1.0/Mega2560/libArduinoCore-1.0.a(WString.o)
                0x000000000000d4fa                operator+(StringSumHelper const&, long)
 .text._ZplRK15StringSumHelperj
                0x000000000000d51c       0x22 /storage/apps/eclipse-avr/workspace/ArduinoCore-1.0/Mega2560/libArduinoCore-1.0.a(WString.o)
                0x000000000000d51c                operator+(StringSumHelper const&, unsigned int)
 .text._ZplRK15StringSumHelperi
                0x000000000000d53e       0x22 /storage/apps/eclipse-avr/workspace/ArduinoCore-1.0/Mega2560/libArduinoCore-1.0.a(WString.o)
                0x000000000000d53e                operator+(StringSumHelper const&, int)
 .text._ZplRK15StringSumHelperh
                0x000000000000d560       0x22 /storage/apps/eclipse-avr/workspace/ArduinoCore-1.0/Mega2560/libArduinoCore-1.0.a(WString.o)
                0x000000000000d560                operator+(StringSumHelper const&, unsigned char)
 .text._ZplRK15StringSumHelperc
                0x000000000000d582       0x22 /storage/apps/eclipse-avr/workspace/ArduinoCore-1.0/Mega2560/libArduinoCore-1.0.a(WString.o)
                0x000000000000d582                operator+(StringSumHelper const&, char)
 .text._ZplRK15StringSumHelperPKc
                0x000000000000d5a4       0x38 /storage/apps/eclipse-avr/workspace/ArduinoCore-1.0/Mega2560/libArduinoCore-1.0.a(WString.o)
                0x000000000000d5a4                operator+(StringSumHelper const&, char const*)
 .text._ZplRK15StringSumHelperRK6String
                0x000000000000d5dc       0x2c /storage/apps/eclipse-avr/workspace/ArduinoCore-1.0/Mega2560/libArduinoCore-1.0.a(WString.o)
                0x000000000000d5dc                operator+(StringSumHelper const&, String const&)
 .text._ZN6String4copyEPKcj
                0x000000000000d608       0x42 /storage/apps/eclipse-avr/workspace/ArduinoCore-1.0/Mega2560/libArduinoCore-1.0.a(WString.o)
                0x000000000000d608                String::copy(char const*, unsigned int)
 .text._ZN6StringC1EPKc
                0x000000000000d64a       0x34 /storage/apps/eclipse-avr/workspace/ArduinoCore-1.0/Mega2560/libArduinoCore-1.0.a(WString.o)
                0x000000000000d64a                String::String(char const*)
 .text._ZN6StringC2EPKc
                0x000000000000d67e       0x34 /storage/apps/eclipse-avr/workspace/ArduinoCore-1.0/Mega2560/libArduinoCore-1.0.a(WString.o)
                0x000000000000d67e                String::String(char const*)
 .text._ZN6StringaSEPKc
                0x000000000000d6b2       0x32 /storage/apps/eclipse-avr/workspace/ArduinoCore-1.0/Mega2560/libArduinoCore-1.0.a(WString.o)
                0x000000000000d6b2                String::operator=(char const*)
 .text._ZN6StringC1Emh
                0x000000000000d6e4       0x64 /storage/apps/eclipse-avr/workspace/ArduinoCore-1.0/Mega2560/libArduinoCore-1.0.a(WString.o)
                0x000000000000d6e4                String::String(unsigned long, unsigned char)
 .text._ZN6StringC2Emh
                0x000000000000d748       0x64 /storage/apps/eclipse-avr/workspace/ArduinoCore-1.0/Mega2560/libArduinoCore-1.0.a(WString.o)
                0x000000000000d748                String::String(unsigned long, unsigned char)
 .text._ZN6StringC1Elh
                0x000000000000d7ac       0x64 /storage/apps/eclipse-avr/workspace/ArduinoCore-1.0/Mega2560/libArduinoCore-1.0.a(WString.o)
                0x000000000000d7ac                String::String(long, unsigned char)
 .text._ZN6StringC2Elh
                0x000000000000d810       0x64 /storage/apps/eclipse-avr/workspace/ArduinoCore-1.0/Mega2560/libArduinoCore-1.0.a(WString.o)
                0x000000000000d810                String::String(long, unsigned char)
 .text._ZN6StringC1Ejh
                0x000000000000d874       0x62 /storage/apps/eclipse-avr/workspace/ArduinoCore-1.0/Mega2560/libArduinoCore-1.0.a(WString.o)
                0x000000000000d874                String::String(unsigned int, unsigned char)
 .text._ZN6StringC2Ejh
                0x000000000000d8d6       0x62 /storage/apps/eclipse-avr/workspace/ArduinoCore-1.0/Mega2560/libArduinoCore-1.0.a(WString.o)
                0x000000000000d8d6                String::String(unsigned int, unsigned char)
 .text._ZN6StringC1Eih
                0x000000000000d938       0x62 /storage/apps/eclipse-avr/workspace/ArduinoCore-1.0/Mega2560/libArduinoCore-1.0.a(WString.o)
                0x000000000000d938                String::String(int, unsigned char)
 .text._ZN6StringC2Eih
                0x000000000000d99a       0x62 /storage/apps/eclipse-avr/workspace/ArduinoCore-1.0/Mega2560/libArduinoCore-1.0.a(WString.o)
                0x000000000000d99a                String::String(int, unsigned char)
 .text._ZN6StringC1Ehh
                0x000000000000d9fc       0x64 /storage/apps/eclipse-avr/workspace/ArduinoCore-1.0/Mega2560/libArduinoCore-1.0.a(WString.o)
                0x000000000000d9fc                String::String(unsigned char, unsigned char)
 .text._ZN6StringC2Ehh
                0x000000000000da60       0x64 /storage/apps/eclipse-avr/workspace/ArduinoCore-1.0/Mega2560/libArduinoCore-1.0.a(WString.o)
                0x000000000000da60                String::String(unsigned char, unsigned char)
 .text._ZN6StringC1Ec
                0x000000000000dac4       0x34 /storage/apps/eclipse-avr/workspace/ArduinoCore-1.0/Mega2560/libArduinoCore-1.0.a(WString.o)
                0x000000000000dac4                String::String(char)
 .text._ZN6StringC2Ec
                0x000000000000daf8       0x34 /storage/apps/eclipse-avr/workspace/ArduinoCore-1.0/Mega2560/libArduinoCore-1.0.a(WString.o)
                0x000000000000daf8                String::String(char)
 .text._ZNK6String9substringEjj
                0x000000000000db2c       0x8e /storage/apps/eclipse-avr/workspace/ArduinoCore-1.0/Mega2560/libArduinoCore-1.0.a(WString.o)
                0x000000000000db2c                String::substring(unsigned int, unsigned int) const
 .text._ZNK6String9substringEj
                0x000000000000dbba       0x18 /storage/apps/eclipse-avr/workspace/ArduinoCore-1.0/Mega2560/libArduinoCore-1.0.a(WString.o)
                0x000000000000dbba                String::substring(unsigned int) const
 .text._ZN6StringaSERKS_
                0x000000000000dbd2       0x2e /storage/apps/eclipse-avr/workspace/ArduinoCore-1.0/Mega2560/libArduinoCore-1.0.a(WString.o)
                0x000000000000dbd2                String::operator=(String const&)
 .text._ZN6StringC1ERKS_
                0x000000000000dc00       0x16 /storage/apps/eclipse-avr/workspace/ArduinoCore-1.0/Mega2560/libArduinoCore-1.0.a(WString.o)
                0x000000000000dc00                String::String(String const&)
 .text._ZN6StringC2ERKS_
                0x000000000000dc16       0x16 /storage/apps/eclipse-avr/workspace/ArduinoCore-1.0/Mega2560/libArduinoCore-1.0.a(WString.o)
                0x000000000000dc16                String::String(String const&)
 .text._ZN6StringD1Ev
                0x000000000000dc2c        0xc /storage/apps/eclipse-avr/workspace/ArduinoCore-1.0/Mega2560/libArduinoCore-1.0.a(WString.o)
                0x000000000000dc2c                String::~String()
 .text._ZN6StringD2Ev
                0x000000000000dc38        0xc /storage/apps/eclipse-avr/workspace/ArduinoCore-1.0/Mega2560/libArduinoCore-1.0.a(WString.o)
                0x000000000000dc38                String::~String()
 .text.__cxa_guard_acquire
                0x000000000000dc44       0x14 /storage/apps/eclipse-avr/workspace/ArduinoCore-1.0/Mega2560/libArduinoCore-1.0.a(new.o)
                0x000000000000dc44                __cxa_guard_acquire
 .text.__cxa_guard_release
                0x000000000000dc58        0x8 /storage/apps/eclipse-avr/workspace/ArduinoCore-1.0/Mega2560/libArduinoCore-1.0.a(new.o)
                0x000000000000dc58                __cxa_guard_release
 .text.__cxa_guard_abort
                0x000000000000dc60        0x2 /storage/apps/eclipse-avr/workspace/ArduinoCore-1.0/Mega2560/libArduinoCore-1.0.a(new.o)
                0x000000000000dc60                __cxa_guard_abort
 .text.__cxa_pure_virtual
                0x000000000000dc62        0x2 /storage/apps/eclipse-avr/workspace/ArduinoCore-1.0/Mega2560/libArduinoCore-1.0.a(new.o)
                0x000000000000dc62                __cxa_pure_virtual
 .text._ZdlPv   0x000000000000dc64        0x6 /storage/apps/eclipse-avr/workspace/ArduinoCore-1.0/Mega2560/libArduinoCore-1.0.a(new.o)
                0x000000000000dc64                operator delete(void*)
 .text._Znwj    0x000000000000dc6a        0x6 /storage/apps/eclipse-avr/workspace/ArduinoCore-1.0/Mega2560/libArduinoCore-1.0.a(new.o)
                0x000000000000dc6a                operator new(unsigned int)
 .text.__vector_23
                0x000000000000dc70       0xa8 /storage/apps/eclipse-avr/workspace/ArduinoCore-1.0/Mega2560/libArduinoCore-1.0.a(wiring.o)
                0x000000000000dc70                __vector_23
 .text.millis   0x000000000000dd18       0x1c /storage/apps/eclipse-avr/workspace/ArduinoCore-1.0/Mega2560/libArduinoCore-1.0.a(wiring.o)
                0x000000000000dd18                millis
 .text.micros   0x000000000000dd34       0x4c /storage/apps/eclipse-avr/workspace/ArduinoCore-1.0/Mega2560/libArduinoCore-1.0.a(wiring.o)
                0x000000000000dd34                micros
 .text.delay    0x000000000000dd80       0x4c /storage/apps/eclipse-avr/workspace/ArduinoCore-1.0/Mega2560/libArduinoCore-1.0.a(wiring.o)
                0x000000000000dd80                delay
 .text.delayMicroseconds
                0x000000000000ddcc       0x14 /storage/apps/eclipse-avr/workspace/ArduinoCore-1.0/Mega2560/libArduinoCore-1.0.a(wiring.o)
                0x000000000000ddcc                delayMicroseconds
 .text.init     0x000000000000dde0       0xbe /storage/apps/eclipse-avr/workspace/ArduinoCore-1.0/Mega2560/libArduinoCore-1.0.a(wiring.o)
                0x000000000000dde0                init
 .text.analogReference
                0x000000000000de9e        0x6 /storage/apps/eclipse-avr/workspace/ArduinoCore-1.0/Mega2560/libArduinoCore-1.0.a(wiring_analog.o)
                0x000000000000de9e                analogReference
 .text.analogRead
                0x000000000000dea4       0x68 /storage/apps/eclipse-avr/workspace/ArduinoCore-1.0/Mega2560/libArduinoCore-1.0.a(wiring_analog.o)
                0x000000000000dea4                analogRead
 .text.analogWrite
                0x000000000000df0c      0x1b6 /storage/apps/eclipse-avr/workspace/ArduinoCore-1.0/Mega2560/libArduinoCore-1.0.a(wiring_analog.o)
                0x000000000000df0c                analogWrite
 .text.pinMode  0x000000000000e0c2       0x4c /storage/apps/eclipse-avr/workspace/ArduinoCore-1.0/Mega2560/libArduinoCore-1.0.a(wiring_digital.o)
                0x000000000000e0c2                pinMode
 .text.turnOffPWM
                0x000000000000e10e       0xe8 /storage/apps/eclipse-avr/workspace/ArduinoCore-1.0/Mega2560/libArduinoCore-1.0.a(wiring_digital.o)
 .text.digitalWrite
                0x000000000000e1f6       0x66 /storage/apps/eclipse-avr/workspace/ArduinoCore-1.0/Mega2560/libArduinoCore-1.0.a(wiring_digital.o)
                0x000000000000e1f6                digitalWrite
 .text.digitalRead
                0x000000000000e25c       0x60 /storage/apps/eclipse-avr/workspace/ArduinoCore-1.0/Mega2560/libArduinoCore-1.0.a(wiring_digital.o)
                0x000000000000e25c                digitalRead
 .text.libgcc   0x000000000000e2bc       0x3e /usr/lib/gcc/avr/4.3.5/avr6/libgcc.a(_mulsi3.o)
                0x000000000000e2bc                __mulsi3
 .text.libgcc   0x000000000000e2fa       0x44 /usr/lib/gcc/avr/4.3.5/avr6/libgcc.a(_udivmodsi4.o)
                0x000000000000e2fa                __udivmodsi4
 .text.libgcc   0x000000000000e33e       0x36 /usr/lib/gcc/avr/4.3.5/avr6/libgcc.a(_divmodsi4.o)
                0x000000000000e33e                __divmodsi4
 .text.libgcc   0x000000000000e374        0x0 /usr/lib/gcc/avr/4.3.5/avr6/libgcc.a(_exit.o)
 .text.libgcc   0x000000000000e374        0x0 /usr/lib/gcc/avr/4.3.5/avr6/libgcc.a(_clear_bss.o)
 .text.libgcc   0x000000000000e374        0x0 /usr/lib/gcc/avr/4.3.5/avr6/libgcc.a(_ctors.o)
 .text.libgcc   0x000000000000e374        0x0 /usr/lib/gcc/avr/4.3.5/avr6/libgcc.a(_dtors.o)
 .text.libgcc   0x000000000000e374       0x38 /usr/lib/gcc/avr/4.3.5/avr6/libgcc.a(_prologue.o)
                0x000000000000e374                __prologue_saves__
 .text.libgcc   0x000000000000e3ac       0x36 /usr/lib/gcc/avr/4.3.5/avr6/libgcc.a(_epilogue.o)
                0x000000000000e3ac                __epilogue_restores__
 .text.libgcc   0x000000000000e3e2        0xc /usr/lib/gcc/avr/4.3.5/avr6/libgcc.a(_tablejump.o)
                0x000000000000e3e2                __tablejump2__
                0x000000000000e3e6                __tablejump__
 .text.avr-libc
                0x000000000000e3ee       0x42 /usr/lib/gcc/avr/4.3.5/../../../avr/lib/avr6/libc.a(dtostrf.o)
                0x000000000000e3ee                dtostrf
 .text.avr-libc
                0x000000000000e430      0x20a /usr/lib/gcc/avr/4.3.5/../../../avr/lib/avr6/libc.a(malloc.o)
                0x000000000000e430                malloc
                0x000000000000e58a                free
 .text.avr-libc
                0x000000000000e63a       0xd6 /usr/lib/gcc/avr/4.3.5/../../../avr/lib/avr6/libc.a(random.o)
                0x000000000000e6ee                random_r
                0x000000000000e6f4                random
                0x000000000000e6fe                srandom
 .text.avr-libc
                0x000000000000e710      0x1b8 /usr/lib/gcc/avr/4.3.5/../../../avr/lib/avr6/libc.a(realloc.o)
                0x000000000000e710                realloc
 .text.avr-libc
                0x000000000000e8c8       0x3c /usr/lib/gcc/avr/4.3.5/../../../avr/lib/avr6/libc.a(atoi.o)
                0x000000000000e8c8                atoi
 .text.avr-libc
                0x000000000000e904       0x4e /usr/lib/gcc/avr/4.3.5/../../../avr/lib/avr6/libc.a(atol.o)
                0x000000000000e904                atol
 .text.avr-libc
                0x000000000000e952       0x10 /usr/lib/gcc/avr/4.3.5/../../../avr/lib/avr6/libc.a(isspace.o)
                0x000000000000e952                isspace
 .text.avr-libc
                0x000000000000e962       0x10 /usr/lib/gcc/avr/4.3.5/../../../avr/lib/avr6/libc.a(tolower.o)
                0x000000000000e962                tolower
 .text.avr-libc
                0x000000000000e972       0x10 /usr/lib/gcc/avr/4.3.5/../../../avr/lib/avr6/libc.a(toupper.o)
                0x000000000000e972                toupper
 .text.avr-libc
                0x000000000000e982        0xa /usr/lib/gcc/avr/4.3.5/../../../avr/lib/avr6/libc.a(strtok.o)
                0x000000000000e982                strtok
 .text.avr-libc
                0x000000000000e98c       0x1a /usr/lib/gcc/avr/4.3.5/../../../avr/lib/avr6/libc.a(memcmp.o)
                0x000000000000e98c                memcmp
 .text.avr-libc
                0x000000000000e9a6       0x12 /usr/lib/gcc/avr/4.3.5/../../../avr/lib/avr6/libc.a(memcpy.o)
                0x000000000000e9a6                memcpy
 .text.avr-libc
                0x000000000000e9b8       0x24 /usr/lib/gcc/avr/4.3.5/../../../avr/lib/avr6/libc.a(memmove.o)
                0x000000000000e9b8                memmove
 .text.avr-libc
                0x000000000000e9dc        0xe /usr/lib/gcc/avr/4.3.5/../../../avr/lib/avr6/libc.a(memset.o)
                0x000000000000e9dc                memset
 .text.avr-libc
                0x000000000000e9ea       0x16 /usr/lib/gcc/avr/4.3.5/../../../avr/lib/avr6/libc.a(strchr.o)
                0x000000000000e9ea                strchr
 .text.avr-libc
                0x000000000000ea00       0x12 /usr/lib/gcc/avr/4.3.5/../../../avr/lib/avr6/libc.a(strcmp.o)
                0x000000000000ea00                strcmp
 .text.avr-libc
                0x000000000000ea12        0xe /usr/lib/gcc/avr/4.3.5/../../../avr/lib/avr6/libc.a(strcpy.o)
                0x000000000000ea12                strcpy
 .text.avr-libc
                0x000000000000ea20       0x1c /usr/lib/gcc/avr/4.3.5/../../../avr/lib/avr6/libc.a(strncmp.o)
                0x000000000000ea20                strncmp
 .text.avr-libc
                0x000000000000ea3c       0x1e /usr/lib/gcc/avr/4.3.5/../../../avr/lib/avr6/libc.a(strncpy.o)
                0x000000000000ea3c                strncpy
 .text.avr-libc
                0x000000000000ea5a       0x16 /usr/lib/gcc/avr/4.3.5/../../../avr/lib/avr6/libc.a(strrchr.o)
                0x000000000000ea5a                strrchr
 .text.avr-libc
                0x000000000000ea70       0x34 /usr/lib/gcc/avr/4.3.5/../../../avr/lib/avr6/libc.a(strstr.o)
                0x000000000000ea70                strstr
 .text.avr-libc
                0x000000000000eaa4       0x4e /usr/lib/gcc/avr/4.3.5/../../../avr/lib/avr6/libc.a(strtok_r.o)
                0x000000000000eaa4                strtok_r
 .text.avr-libc
                0x000000000000eaf2       0x42 /usr/lib/gcc/avr/4.3.5/../../../avr/lib/avr6/libc.a(itoa.o)
                0x000000000000eaf2                itoa
 .text.avr-libc
                0x000000000000eb34       0x68 /usr/lib/gcc/avr/4.3.5/../../../avr/lib/avr6/libc.a(ltoa.o)
                0x000000000000eb34                ltoa
 .text.avr-libc
                0x000000000000eb9c       0x2a /usr/lib/gcc/avr/4.3.5/../../../avr/lib/avr6/libc.a(mulsi10.o)
                0x000000000000eb9c                __mulsi_const_10
 .text.avr-libc
                0x000000000000ebc6       0x10 /usr/lib/gcc/avr/4.3.5/../../../avr/lib/avr6/libc.a(mul10.o)
                0x000000000000ebc6                __mulhi_const_10
 .text.avr-libc
                0x000000000000ebd6       0x4a /usr/lib/gcc/avr/4.3.5/../../../avr/lib/avr6/libc.a(ultoa.o)
                0x000000000000ebd6                ultoa
 .text.avr-libc
                0x000000000000ec20       0x2c /usr/lib/gcc/avr/4.3.5/../../../avr/lib/avr6/libc.a(utoa.o)
                0x000000000000ec20                utoa
 .text.avr-libc
                0x000000000000ec4c       0x62 /usr/lib/gcc/avr/4.3.5/../../../avr/lib/avr6/libc.a(sprintf.o)
                0x000000000000ec4c                sprintf
 .text.avr-libc
                0x000000000000ecae      0x40c /usr/lib/gcc/avr/4.3.5/../../../avr/lib/avr6/libc.a(vfprintf_std.o)
                0x000000000000ecae                vfprintf
 .text.avr-libc
                0x000000000000f0ba       0x10 /usr/lib/gcc/avr/4.3.5/../../../avr/lib/avr6/libc.a(eerd_byte_atmega2560.o)
                0x000000000000f0ba                __eerd_byte_m2560
 .text.avr-libc
                0x000000000000f0ca       0x1c /usr/lib/gcc/avr/4.3.5/../../../avr/lib/avr6/libc.a(eewr_byte_atmega2560.o)
                0x000000000000f0ca                __eewr_byte_m2560
                0x000000000000f0cc                __eewr_r18_m2560
 .text.avr-libc
                0x000000000000f0e6      0x304 /usr/lib/gcc/avr/4.3.5/../../../avr/lib/avr6/libc.a(dtoa_prf.o)
                0x000000000000f0e6                dtoa_prf
 .text.avr-libc
                0x000000000000f3ea      0x1b0 /usr/lib/gcc/avr/4.3.5/../../../avr/lib/avr6/libc.a(ftoa_engine.o)
                0x000000000000f3ea                __ftoa_engine
 .text.avr-libc
                0x000000000000f59a        0x6 /usr/lib/gcc/avr/4.3.5/../../../avr/lib/avr6/libc.a(cty_isfalse.o)
                0x000000000000f59a                __ctype_isfalse
                0x000000000000f59e                __ctype_istrue
 .text.avr-libc
                0x000000000000f5a0       0x16 /usr/lib/gcc/avr/4.3.5/../../../avr/lib/avr6/libc.a(strnlen_P.o)
                0x000000000000f5a0                strnlen_P
 .text.avr-libc
                0x000000000000f5b6       0x16 /usr/lib/gcc/avr/4.3.5/../../../avr/lib/avr6/libc.a(strnlen.o)
                0x000000000000f5b6                strnlen
 .text.avr-libc
                0x000000000000f5cc       0x20 /usr/lib/gcc/avr/4.3.5/../../../avr/lib/avr6/libc.a(strrev.o)
                0x000000000000f5cc                strrev
 .text.avr-libc
                0x000000000000f5ec       0x58 /usr/lib/gcc/avr/4.3.5/../../../avr/lib/avr6/libc.a(fputc.o)
                0x000000000000f5ec                fputc
 .text.avr-libc
                0x000000000000f644       0xbc /usr/lib/gcc/avr/4.3.5/../../../avr/lib/avr6/libc.a(ultoa_invert.o)
                0x000000000000f644                __ultoa_invert
 .text.libgcc   0x000000000000f700       0x28 /usr/lib/gcc/avr/4.3.5/avr6/libgcc.a(_udivmodhi4.o)
                0x000000000000f700                __udivmodhi4
                0x000000000000f728                . = ALIGN (0x2)
 *(.fini9)
 .fini9         0x000000000000f728        0x0 /usr/lib/gcc/avr/4.3.5/avr6/libgcc.a(_exit.o)
                0x000000000000f728                exit
                0x000000000000f728                _exit
 *(.fini9)
 *(.fini8)
 *(.fini8)
 *(.fini7)
 *(.fini7)
 *(.fini6)
 .fini6         0x000000000000f728       0x16 /usr/lib/gcc/avr/4.3.5/avr6/libgcc.a(_dtors.o)
                0x000000000000f728                __do_global_dtors
 *(.fini6)
 *(.fini5)
 *(.fini5)
 *(.fini4)
 *(.fini4)
 *(.fini3)
 *(.fini3)
 *(.fini2)
 *(.fini2)
 *(.fini1)
 *(.fini1)
 *(.fini0)
 .fini0         0x000000000000f73e        0x4 /usr/lib/gcc/avr/4.3.5/avr6/libgcc.a(_exit.o)
 *(.fini0)
                0x000000000000f742                _etext = .

.data           0x0000000000800200      0x632 load address 0x000000000000f742
                0x0000000000800200                PROVIDE (__data_start, .)
 *(.data)
 .data          0x0000000000800200        0x0 /usr/lib/gcc/avr/4.3.5/../../../avr/lib/avr6/crtm2560.o
 .data          0x0000000000800200        0x0 ./src/Configuration.o
 .data          0x0000000000800200        0x2 ./src/IpAddress.o
 .data          0x0000000000800202      0x3ef ./src/main.o
                0x00000000008005c1                debounceDelay
                0x00000000008005c5                sdcardPin
                0x00000000008005c7                ethernetPin
                0x00000000008005c9                outlet1
                0x00000000008005cb                outlet2
                0x00000000008005cd                outlet3
                0x00000000008005cf                outlet4
                0x00000000008005d1                outlet5
                0x00000000008005d3                outlet6
                0x00000000008005d5                outlet7
                0x00000000008005d7                outlet8
                0x00000000008005d9                rodiAquariumSolenoid
                0x00000000008005db                rodiReservoirSolenoid
                0x00000000008005dd                aquariumDrainSolenoid
                0x00000000008005df                upperFloatValve
                0x00000000008005e1                lowerFloatValve
                0x00000000008005e3                reservoirTemp
                0x00000000008005eb                mac
 .data          0x00000000008005f1        0x0 ./lib/DallasTemperature.o
 .data          0x00000000008005f1       0x10 ./lib/OneWire.o
 .data          0x0000000000800601        0x0 ./lib/SimpleTimer.o
 .data          0x0000000000800601        0x0 ./arduinolib/SPI/SPI.o
 .data          0x0000000000800601        0x0 ./arduinolib/Ethernet/utility/socket.o
 .data          0x0000000000800601        0x0 ./arduinolib/Ethernet/utility/w5100.o
 .data          0x0000000000800601        0xd ./arduinolib/Ethernet/Dhcp.o
                0x0000000000800608                vtable for Printable
 .data          0x000000000080060e        0x6 ./arduinolib/Ethernet/Dns.o
 .data          0x0000000000800614        0x6 ./arduinolib/Ethernet/Ethernet.o
 .data          0x000000000080061a       0x50 ./arduinolib/Ethernet/EthernetClient.o
                0x000000000080061a                EthernetClient::_srcport
                0x000000000080061c                vtable for EthernetClient
                0x000000000080063e                vtable for Client
                0x000000000080065a                vtable for Stream
 .data          0x000000000080066a       0x40 ./arduinolib/Ethernet/EthernetServer.o
                0x000000000080066a                vtable for EthernetServer
                0x00000000008006a0                vtable for Server
 .data          0x00000000008006aa       0x5e ./arduinolib/Ethernet/EthernetUdp.o
                0x00000000008006aa                vtable for EthernetUDP
                0x00000000008006d4                vtable for UDP
 .data          0x0000000000800708        0x0 ./arduinolib/EEPROM/EEPROM.o
 .data          0x0000000000800708        0x0 /storage/apps/eclipse-avr/workspace/ArduinoCore-1.0/Mega2560/libArduinoCore-1.0.a(IPAddress.o)
 .data          0x0000000000800708        0x2 /storage/apps/eclipse-avr/workspace/ArduinoCore-1.0/Mega2560/libArduinoCore-1.0.a(Print.o)
 .data          0x000000000080070a        0x0 /storage/apps/eclipse-avr/workspace/ArduinoCore-1.0/Mega2560/libArduinoCore-1.0.a(WMath.o)
 .data          0x000000000080070a        0x1 /storage/apps/eclipse-avr/workspace/ArduinoCore-1.0/Mega2560/libArduinoCore-1.0.a(WString.o)
 .data          0x000000000080070b        0x0 /storage/apps/eclipse-avr/workspace/ArduinoCore-1.0/Mega2560/libArduinoCore-1.0.a(new.o)
 .data          0x000000000080070b        0x0 /storage/apps/eclipse-avr/workspace/ArduinoCore-1.0/Mega2560/libArduinoCore-1.0.a(wiring.o)
 .data          0x000000000080070b        0x0 /storage/apps/eclipse-avr/workspace/ArduinoCore-1.0/Mega2560/libArduinoCore-1.0.a(wiring_analog.o)
 .data          0x000000000080070b        0x0 /storage/apps/eclipse-avr/workspace/ArduinoCore-1.0/Mega2560/libArduinoCore-1.0.a(wiring_digital.o)
 .data          0x000000000080070b        0x0 /usr/lib/gcc/avr/4.3.5/avr6/libgcc.a(_mulsi3.o)
 .data          0x000000000080070b        0x0 /usr/lib/gcc/avr/4.3.5/avr6/libgcc.a(_udivmodsi4.o)
 .data          0x000000000080070b        0x0 /usr/lib/gcc/avr/4.3.5/avr6/libgcc.a(_divmodsi4.o)
 .data          0x000000000080070b        0x0 /usr/lib/gcc/avr/4.3.5/avr6/libgcc.a(_exit.o)
 .data          0x000000000080070b        0x0 /usr/lib/gcc/avr/4.3.5/avr6/libgcc.a(_clear_bss.o)
 .data          0x000000000080070b        0x0 /usr/lib/gcc/avr/4.3.5/avr6/libgcc.a(_ctors.o)
 .data          0x000000000080070b        0x0 /usr/lib/gcc/avr/4.3.5/avr6/libgcc.a(_dtors.o)
 .data          0x000000000080070b        0x0 /usr/lib/gcc/avr/4.3.5/avr6/libgcc.a(_fixunssfsi.o)
 .data          0x000000000080070b        0x0 /usr/lib/gcc/avr/4.3.5/avr6/libgcc.a(_addsub_sf.o)
 .data          0x000000000080070b        0x0 /usr/lib/gcc/avr/4.3.5/avr6/libgcc.a(_mul_sf.o)
 .data          0x000000000080070b        0x0 /usr/lib/gcc/avr/4.3.5/avr6/libgcc.a(_div_sf.o)
 .data          0x000000000080070b        0x0 /usr/lib/gcc/avr/4.3.5/avr6/libgcc.a(_ge_sf.o)
 .data          0x000000000080070b        0x0 /usr/lib/gcc/avr/4.3.5/avr6/libgcc.a(_lt_sf.o)
 .data          0x000000000080070b        0x0 /usr/lib/gcc/avr/4.3.5/avr6/libgcc.a(_si_to_sf.o)
 .data          0x000000000080070b        0x0 /usr/lib/gcc/avr/4.3.5/avr6/libgcc.a(_sf_to_si.o)
 .data          0x000000000080070b        0x8 /usr/lib/gcc/avr/4.3.5/avr6/libgcc.a(_thenan_sf.o)
                0x000000000080070b                __thenan_sf
 .data          0x0000000000800713        0x0 /usr/lib/gcc/avr/4.3.5/avr6/libgcc.a(_usi_to_sf.o)
 .data          0x0000000000800713        0x0 /usr/lib/gcc/avr/4.3.5/avr6/libgcc.a(_prologue.o)
 .data          0x0000000000800713        0x0 /usr/lib/gcc/avr/4.3.5/avr6/libgcc.a(_epilogue.o)
 .data          0x0000000000800713        0x0 /usr/lib/gcc/avr/4.3.5/avr6/libgcc.a(_tablejump.o)
 .data          0x0000000000800713        0x0 /usr/lib/gcc/avr/4.3.5/avr6/libgcc.a(_clzsi2.o)
 .data          0x0000000000800713        0x0 /usr/lib/gcc/avr/4.3.5/avr6/libgcc.a(_pack_sf.o)