Archive member included because of file (symbol)

/storage/apps/eclipse-avr/workspace/ArduinoCore-1.0/Mega2560/libArduinoCore-1.0.a(HardwareSerial.o)
                              ./src/main.o (Serial)
/storage/apps/eclipse-avr/workspace/ArduinoCore-1.0/Mega2560/libArduinoCore-1.0.a(IPAddress.o)
                              ./arduinolib/Ethernet/Dhcp.o (vtable for IPAddress)
/storage/apps/eclipse-avr/workspace/ArduinoCore-1.0/Mega2560/libArduinoCore-1.0.a(Print.o)
                              ./arduinolib/Ethernet/EthernetClient.o (Print::write(unsigned char const*, unsigned int))
/storage/apps/eclipse-avr/workspace/ArduinoCore-1.0/Mega2560/libArduinoCore-1.0.a(WMath.o)
                              ./arduinolib/Ethernet/Dhcp.o (random(long, long))
/storage/apps/eclipse-avr/workspace/ArduinoCore-1.0/Mega2560/libArduinoCore-1.0.a(WString.o)
                              /storage/apps/eclipse-avr/workspace/ArduinoCore-1.0/Mega2560/libArduinoCore-1.0.a(Print.o) (String::operator[](unsigned int) const)
/storage/apps/eclipse-avr/workspace/ArduinoCore-1.0/Mega2560/libArduinoCore-1.0.a(new.o)
                              ./arduinolib/Ethernet/Dhcp.o (__cxa_pure_virtual)
/storage/apps/eclipse-avr/workspace/ArduinoCore-1.0/Mega2560/libArduinoCore-1.0.a(wiring.o)
                              ./src/DallasTemperature.o (millis)
/storage/apps/eclipse-avr/workspace/ArduinoCore-1.0/Mega2560/libArduinoCore-1.0.a(wiring_analog.o)
                              ./src/main.o (analogRead)
/storage/apps/eclipse-avr/workspace/ArduinoCore-1.0/Mega2560/libArduinoCore-1.0.a(wiring_digital.o)
                              ./src/OneWire.o (pinMode)
/usr/lib/gcc/avr/4.3.5/avr6/libgcc.a(_mulsi3.o)
                              /storage/apps/eclipse-avr/workspace/ArduinoCore-1.0/Mega2560/libArduinoCore-1.0.a(Print.o) (__mulsi3)
/usr/lib/gcc/avr/4.3.5/avr6/libgcc.a(_divmodhi4.o)
                              /storage/apps/eclipse-avr/workspace/ArduinoCore-1.0/Mega2560/libArduinoCore-1.0.a(HardwareSerial.o) (__divmodhi4)
/usr/lib/gcc/avr/4.3.5/avr6/libgcc.a(_udivmodsi4.o)
                              ./arduinolib/Ethernet/Dhcp.o (__udivmodsi4)
/usr/lib/gcc/avr/4.3.5/avr6/libgcc.a(_divmodsi4.o)
                              /storage/apps/eclipse-avr/workspace/ArduinoCore-1.0/Mega2560/libArduinoCore-1.0.a(WMath.o) (__divmodsi4)
/usr/lib/gcc/avr/4.3.5/avr6/libgcc.a(_exit.o)
                              /usr/lib/gcc/avr/4.3.5/../../../avr/lib/avr6/crtm2560.o (exit)
/usr/lib/gcc/avr/4.3.5/avr6/libgcc.a(_clear_bss.o)
                              ./src/main.o (__do_clear_bss)
/usr/lib/gcc/avr/4.3.5/avr6/libgcc.a(_ctors.o)
                              ./src/main.o (__do_global_ctors)
/usr/lib/gcc/avr/4.3.5/avr6/libgcc.a(_dtors.o)
                              ./src/main.o (__do_global_dtors)
/usr/lib/gcc/avr/4.3.5/avr6/libgcc.a(_fixunssfsi.o)
                              ./src/DallasTemperature.o (__fixunssfsi)
/usr/lib/gcc/avr/4.3.5/avr6/libgcc.a(_addsub_sf.o)
                              ./src/DallasTemperature.o (__subsf3)
/usr/lib/gcc/avr/4.3.5/avr6/libgcc.a(_mul_sf.o)
                              ./src/DallasTemperature.o (__mulsf3)
/usr/lib/gcc/avr/4.3.5/avr6/libgcc.a(_div_sf.o)
                              ./src/DallasTemperature.o (__divsf3)
/usr/lib/gcc/avr/4.3.5/avr6/libgcc.a(_ge_sf.o)
                              /usr/lib/gcc/avr/4.3.5/avr6/libgcc.a(_fixunssfsi.o) (__gesf2)
/usr/lib/gcc/avr/4.3.5/avr6/libgcc.a(_lt_sf.o)
                              /storage/apps/eclipse-avr/workspace/ArduinoCore-1.0/Mega2560/libArduinoCore-1.0.a(Print.o) (__ltsf2)
/usr/lib/gcc/avr/4.3.5/avr6/libgcc.a(_si_to_sf.o)
                              ./src/DallasTemperature.o (__floatsisf)
/usr/lib/gcc/avr/4.3.5/avr6/libgcc.a(_sf_to_si.o)
                              /storage/apps/eclipse-avr/workspace/ArduinoCore-1.0/Mega2560/libArduinoCore-1.0.a(Print.o) (__fixsfsi)
/usr/lib/gcc/avr/4.3.5/avr6/libgcc.a(_thenan_sf.o)
                              /usr/lib/gcc/avr/4.3.5/avr6/libgcc.a(_addsub_sf.o) (__thenan_sf)
/usr/lib/gcc/avr/4.3.5/avr6/libgcc.a(_usi_to_sf.o)
                              ./src/DallasTemperature.o (__floatunsisf)
/usr/lib/gcc/avr/4.3.5/avr6/libgcc.a(_udivmodhi4.o)
                              /usr/lib/gcc/avr/4.3.5/avr6/libgcc.a(_divmodhi4.o) (__udivmodhi4)
/usr/lib/gcc/avr/4.3.5/avr6/libgcc.a(_prologue.o)
                              /usr/lib/gcc/avr/4.3.5/avr6/libgcc.a(_addsub_sf.o) (__prologue_saves__)
/usr/lib/gcc/avr/4.3.5/avr6/libgcc.a(_epilogue.o)
                              /usr/lib/gcc/avr/4.3.5/avr6/libgcc.a(_addsub_sf.o) (__epilogue_restores__)
/usr/lib/gcc/avr/4.3.5/avr6/libgcc.a(_tablejump.o)
                              /usr/lib/gcc/avr/4.3.5/avr6/libgcc.a(_ctors.o) (__tablejump__)
/usr/lib/gcc/avr/4.3.5/avr6/libgcc.a(_clzsi2.o)
                              /usr/lib/gcc/avr/4.3.5/avr6/libgcc.a(_si_to_sf.o) (__clzsi2)
/usr/lib/gcc/avr/4.3.5/avr6/libgcc.a(_pack_sf.o)
[...]
Memory Configuration

Name             Origin             Length             Attributes
text             0x0000000000000000 0x0000000000100000 xr
data             0x0000000000800200 0x000000000000fe00 rw !x
eeprom           0x0000000000810000 0x0000000000010000 rw !x
fuse             0x0000000000820000 0x0000000000000400 rw !x
lock             0x0000000000830000 0x0000000000000400 rw !x
signature        0x0000000000840000 0x0000000000000400 rw !x
*default*        0x0000000000000000 0xffffffffffffffff

Linker script and memory map

Address of section .data set to 0x800200
LOAD /usr/lib/gcc/avr/4.3.5/../../../avr/lib/avr6/crtm2560.o
LOAD ./src/DallasTemperature.o
LOAD ./src/OneWire.o
LOAD ./src/main.o
LOAD ./arduinolib/SPI/SPI.o
LOAD ./arduinolib/Ethernet/utility/socket.o
LOAD ./arduinolib/Ethernet/utility/w5100.o
LOAD ./arduinolib/Ethernet/Dhcp.o
LOAD ./arduinolib/Ethernet/Dns.o
LOAD ./arduinolib/Ethernet/Ethernet.o
LOAD ./arduinolib/Ethernet/EthernetClient.o
LOAD ./arduinolib/Ethernet/EthernetServer.o
LOAD ./arduinolib/Ethernet/EthernetUdp.o
LOAD /storage/apps/eclipse-avr/workspace/ArduinoCore-1.0/Mega2560/libArduinoCore-1.0.a
LOAD /usr/lib/gcc/avr/4.3.5/avr6/libgcc.a
LOAD /usr/lib/gcc/avr/4.3.5/../../../avr/lib/avr6/libm.a
LOAD /usr/lib/gcc/avr/4.3.5/avr6/libgcc.a
LOAD /usr/lib/gcc/avr/4.3.5/../../../avr/lib/avr6/libc.a
LOAD /usr/lib/gcc/avr/4.3.5/avr6/libgcc.a

.hash
 *(.hash)

.dynsym
 *(.dynsym)

.dynstr
 *(.dynstr)

.gnu.version
 *(.gnu.version)

.gnu.version_d
 *(.gnu.version_d)

.gnu.version_r
 *(.gnu.version_r)

.rel.init
 *(.rel.init)

.rela.init
 *(.rela.init)

.rel.text
 *(.rel.text)
 *(.rel.text.*)
 *(.rel.gnu.linkonce.t*)

.rela.text
 *(.rela.text)
 *(.rela.text.*)
 *(.rela.gnu.linkonce.t*)

.rel.fini
 *(.rel.fini)

.rela.fini
 *(.rela.fini)

.rel.rodata
 *(.rel.rodata)
 *(.rel.rodata.*)
 *(.rel.gnu.linkonce.r*)

.rela.rodata
 *(.rela.rodata)
 *(.rela.rodata.*)
 *(.rela.gnu.linkonce.r*)

.rel.data
 *(.rel.data)
 *(.rel.data.*)
 *(.rel.gnu.linkonce.d*)

.rela.data
 *(.rela.data)
 *(.rela.data.*)
 *(.rela.gnu.linkonce.d*)

.rel.ctors
 *(.rel.ctors)

.rela.ctors
 *(.rela.ctors)

.rel.dtors
 *(.rel.dtors)

.rela.dtors
 *(.rela.dtors)

.rel.got
 *(.rel.got)

.rela.got
 *(.rela.got)

.rel.bss
 *(.rel.bss)

.rela.bss
 *(.rela.bss)

.rel.plt
 *(.rel.plt)

.rela.plt
 *(.rela.plt)

.text           0x0000000000000000     0xcfca
 *(.vectors)
 .vectors       0x0000000000000000       0xe4 /usr/lib/gcc/avr/4.3.5/../../../avr/lib/avr6/crtm2560.o
                0x0000000000000000                __vectors
                0x0000000000000000                __vector_default
 *(.vectors)
 *(.progmem.gcc*)
 *(.progmem*)
 .progmem.data  0x00000000000000e4      0x100 ./src/OneWire.o
 .progmem.data  0x00000000000001e4      0x120 /storage/apps/eclipse-avr/workspace/ArduinoCore-1.0/Mega2560/libArduinoCore-1.0.a(wiring_digital.o)
                0x00000000000001e4                port_to_mode_PGM
                0x00000000000001fe                port_to_output_PGM
                0x0000000000000218                port_to_input_PGM
                0x0000000000000232                digital_pin_to_port_PGM
                0x0000000000000278                digital_pin_to_bit_mask_PGM
                0x00000000000002be                digital_pin_to_timer_PGM
                0x0000000000000304                . = ALIGN (0x2)
                0x0000000000000304                __trampolines_start = .
 *(.trampolines)
 .trampolines   0x0000000000000304        0x0 linker stubs
 *(.trampolines*)
                0x0000000000000304                __trampolines_end = .
 *(.jumptables)
 *(.jumptables*)
 *(.lowtext)
 *(.lowtext*)
                0x0000000000000304                __ctors_start = .
 *(.ctors)
 .ctors         0x0000000000000304        0x2 ./src/main.o
 .ctors         0x0000000000000306        0x2 ./arduinolib/Ethernet/Dhcp.o
 .ctors         0x0000000000000308        0x2 ./arduinolib/Ethernet/Dns.o
 .ctors         0x000000000000030a        0x2 ./arduinolib/Ethernet/Ethernet.o
 .ctors         0x000000000000030c        0x2 ./arduinolib/Ethernet/EthernetClient.o
 .ctors         0x000000000000030e        0x2 ./arduinolib/Ethernet/EthernetServer.o
 .ctors         0x0000000000000310        0x2 ./arduinolib/Ethernet/EthernetUdp.o
 .ctors         0x0000000000000312        0x2 /storage/apps/eclipse-avr/workspace/ArduinoCore-1.0/Mega2560/libArduinoCore-1.0.a(HardwareSerial.o)
 .ctors         0x0000000000000314        0x2 /storage/apps/eclipse-avr/workspace/ArduinoCore-1.0/Mega2560/libArduinoCore-1.0.a(IPAddress.o)
                0x0000000000000316                __ctors_end = .
                0x0000000000000316                __dtors_start = .
 *(.dtors)
 .dtors         0x0000000000000316        0x2 ./src/main.o
                0x0000000000000318                __dtors_end = .
 SORT(*)(.ctors)
 SORT(*)(.dtors)
 *(.init0)
 .init0         0x0000000000000318        0x0 /usr/lib/gcc/avr/4.3.5/../../../avr/lib/avr6/crtm2560.o
                0x0000000000000318                __init
 *(.init0)
 *(.init1)
 *(.init1)
 *(.init2)
 .init2         0x0000000000000318       0x10 /usr/lib/gcc/avr/4.3.5/../../../avr/lib/avr6/crtm2560.o
 *(.init2)
 *(.init3)
 *(.init3)
 *(.init4)
 .init4         0x0000000000000328       0x1a /usr/lib/gcc/avr/4.3.5/../../../avr/lib/avr6/crtm2560.o
                0x0000000000000328                __do_copy_data
 .init4         0x0000000000000342       0x10 /usr/lib/gcc/avr/4.3.5/avr6/libgcc.a(_clear_bss.o)
                0x0000000000000342                __do_clear_bss
 *(.init4)
 *(.init5)
 *(.init5)
 *(.init6)
 .init6         0x0000000000000352       0x16 /usr/lib/gcc/avr/4.3.5/avr6/libgcc.a(_ctors.o)
                0x0000000000000352                __do_global_ctors
 *(.init6)
 *(.init7)
 *(.init7)
 *(.init8)
 *(.init8)
 *(.init9)
 .init9         0x0000000000000368        0x8 /usr/lib/gcc/avr/4.3.5/../../../avr/lib/avr6/crtm2560.o
 *(.init9)
 *(.text)
 .text          0x0000000000000370        0x4 /usr/lib/gcc/avr/4.3.5/../../../avr/lib/avr6/crtm2560.o
                0x0000000000000370                __vector_38
                0x0000000000000370                __vector_22
                0x0000000000000370                __vector_28
                0x0000000000000370                __vector_1
                0x0000000000000370                __vector_32
                0x0000000000000370                __vector_34
                0x0000000000000370                __vector_24
                0x0000000000000370                __vector_12
                0x0000000000000370                __vector_46
                0x0000000000000370                __bad_interrupt
                0x0000000000000370                __vector_6
                0x0000000000000370                __vector_31
                0x0000000000000370                __vector_35
                0x0000000000000370                __vector_39
                0x0000000000000370                __vector_3
                0x0000000000000370                __vector_30
                0x0000000000000370                __vector_45
                0x0000000000000370                __vector_11
                0x0000000000000370                __vector_13
                0x0000000000000370                __vector_17
                0x0000000000000370                __vector_19
                0x0000000000000370                __vector_56
                0x0000000000000370                __vector_7
                0x0000000000000370                __vector_49
                0x0000000000000370                __vector_41
                0x0000000000000370                __vector_43
                0x0000000000000370                __vector_27
                0x0000000000000370                __vector_5
                0x0000000000000370                __vector_33
                0x0000000000000370                __vector_47
                0x0000000000000370                __vector_4
                0x0000000000000370                __vector_44
                0x0000000000000370                __vector_9
                0x0000000000000370                __vector_2
                0x0000000000000370                __vector_21
                0x0000000000000370                __vector_15
                0x0000000000000370                __vector_29
                0x0000000000000370                __vector_40
                0x0000000000000370                __vector_8
                0x0000000000000370                __vector_48
                0x0000000000000370                __vector_14
                0x0000000000000370                __vector_53
                0x0000000000000370                __vector_10
                0x0000000000000370                __vector_50
                0x0000000000000370                __vector_16
                0x0000000000000370                __vector_18
                0x0000000000000370                __vector_20
                0x0000000000000370                __vector_42
 .text          0x0000000000000374     0x1658 ./src/DallasTemperature.o
                0x0000000000000374                DallasTemperature::DallasTemperature(OneWire*)
                0x00000000000003d2                DallasTemperature::DallasTemperature(OneWire*)
                0x0000000000000430                DallasTemperature::getDeviceCount()
                0x0000000000000450                DallasTemperature::getResolution()
                0x0000000000000470                DallasTemperature::setWaitForConversion(bool)
                0x0000000000000494                DallasTemperature::getWaitForConversion()
                0x00000000000004b4                DallasTemperature::setCheckForConversion(bool)
                0x00000000000004d8                DallasTemperature::getCheckForConversion()
                0x00000000000004f8                DallasTemperature::calculateTemperature(unsigned char*, unsigned char*)
                0x00000000000007a4                DallasTemperature::isParasitePowerMode()
                0x00000000000007c4                DallasTemperature::resetAlarmSearch()
                0x0000000000000810                DallasTemperature::setAlarmHandler(void (*)(unsigned char*))
                0x000000000000083e                DallasTemperature::defaultAlarmHandler(unsigned char*)
                0x0000000000000858                DallasTemperature::toFahrenheit(float)
                0x00000000000008aa                DallasTemperature::toCelsius(float)
                0x00000000000008fc                DallasTemperature::alarmSearch(unsigned char*)
                0x0000000000000b0a                DallasTemperature::hasAlarm()
                0x0000000000000b4c                DallasTemperature::readPowerSupply(unsigned char*)
                0x0000000000000bd0                DallasTemperature::writeScratchPad(unsigned char*, unsigned char const*)
                0x0000000000000ccc                DallasTemperature::readScratchPad(unsigned char*, unsigned char*)
                0x0000000000000e1a                DallasTemperature::isConversionAvailable(unsigned char*)
                0x0000000000000e6e                DallasTemperature::blockTillConversionComplete(unsigned char*, unsigned char*)
                0x0000000000000f8e                DallasTemperature::requestTemperatures()
                0x0000000000000ffe                DallasTemperature::isConnected(unsigned char*, unsigned char*)
                0x0000000000001064                DallasTemperature::hasAlarm(unsigned char*)
                0x000000000000110a                DallasTemperature::getLowAlarmTemp(unsigned char*)
                0x000000000000115e                DallasTemperature::getHighAlarmTemp(unsigned char*)
                0x00000000000011b2                DallasTemperature::setLowAlarmTemp(unsigned char*, char)
                0x0000000000001220                DallasTemperature::setHighAlarmTemp(unsigned char*, char)
                0x000000000000128e                DallasTemperature::getTempC(unsigned char*)
                0x0000000000001316                DallasTemperature::getTempF(unsigned char*)
                0x000000000000135a                DallasTemperature::getResolution(unsigned char*)
                0x000000000000140c                DallasTemperature::requestTemperaturesByAddress(unsigned char*)
                0x00000000000014d2                DallasTemperature::setResolution(unsigned char*, unsigned char)
                0x000000000000158e                DallasTemperature::isConnected(unsigned char*)
                0x00000000000015d2                DallasTemperature::validAddress(unsigned char*)
                0x000000000000161a                DallasTemperature::processAlarms()
                0x0000000000001686                DallasTemperature::getAddress(unsigned char*, unsigned char)
                0x0000000000001730                DallasTemperature::getTempCByIndex(unsigned char)
                0x0000000000001786                DallasTemperature::getTempFByIndex(unsigned char)
                0x00000000000017c0                DallasTemperature::requestTemperaturesByIndex(unsigned char)
                0x000000000000180e                DallasTemperature::setResolution(unsigned char)
                0x00000000000018a8                DallasTemperature::begin()
 .text          0x00000000000019cc      0xc26 ./src/OneWire.o
                0x00000000000019cc                OneWire::depower()
                0x0000000000001a12                OneWire::reset_search()
                0x0000000000001a70                OneWire::crc8(unsigned char*, unsigned char)
                0x0000000000001aee                OneWire::crc16(unsigned char*, unsigned int)
                0x0000000000001c00                OneWire::check_crc16(unsigned char*, unsigned int, unsigned char*)
                0x0000000000001c86                OneWire::read_bit()
                0x0000000000001d56                OneWire::read()
                0x0000000000001db0                OneWire::read_bytes(unsigned char*, unsigned int)
                0x0000000000001e22                OneWire::write_bit(unsigned char)
                0x0000000000001f2a                OneWire::write(unsigned char, unsigned char)
                0x0000000000001fe2                OneWire::skip()
                0x0000000000002008                OneWire::select(unsigned char*)
                0x0000000000002070                OneWire::write_bytes(unsigned char const*, unsigned int, bool)
                0x000000000000213c                OneWire::reset()
                0x000000000000227a                OneWire::search(unsigned char*)
                0x00000000000024b2                OneWire::OneWire(unsigned char)
                0x0000000000002552                OneWire::OneWire(unsigned char)
 .text          0x00000000000025f2      0x95c ./src/main.o
                0x00000000000025f2                Print::operator=(Print const&)
                0x0000000000002628                Stream::operator=(Stream const&)
                0x000000000000268c                Client::operator=(Client const&)
                0x00000000000026c0                EthernetClient::operator=(EthernetClient const&)
                0x00000000000027be                sendHtmlHeader()
                0x00000000000027da                send404()
                0x000000000000282c                String::toCharArray(char*, unsigned int, unsigned int) const
                0x000000000000287a                String::operator+=(char const*)
                0x00000000000028ae                loop
                0x0000000000002e52                sendRaw(int, String, String)
                0x0000000000002eee                setup
                0x0000000000002f38                main
 .text          0x0000000000002f4e      0x122 ./arduinolib/SPI/SPI.o
                0x0000000000002f4e                SPIClass::end()
                0x0000000000002f6a                SPIClass::setBitOrder(unsigned char)
                0x0000000000002fa2                SPIClass::setDataMode(unsigned char)
                0x0000000000002fca                SPIClass::setClockDivider(unsigned char)
                0x0000000000003016                SPIClass::begin()
 .text          0x0000000000003070      0xd32 ./arduinolib/Ethernet/utility/socket.o
                0x0000000000003070                disconnect(unsigned char)
                0x0000000000003090                W5100Class::readSn(unsigned char, unsigned int)
                0x00000000000030c4                W5100Class::readSnIR(unsigned char)
                0x00000000000030e2                W5100Class::readSnSR(unsigned char)
                0x0000000000003100                listen(unsigned char)
                0x0000000000003144                W5100Class::readSnRX_RD(unsigned char)
                0x0000000000003198                W5100Class::readSnMR(unsigned char)
                0x00000000000031b6                W5100Class::writeSn(unsigned char, unsigned int, unsigned char)
                0x00000000000031f2                W5100Class::writeSnIR(unsigned char, unsigned char)
                0x0000000000003218                sendUDP(unsigned char)
                0x00000000000032a4                close(unsigned char)
                0x00000000000032cc                W5100Class::writeSnDPORT(unsigned char, unsigned int)
                0x000000000000330c                W5100Class::writeSnRX_RD(unsigned char, unsigned int)
                0x000000000000334c                W5100Class::writeSnMR(unsigned char, unsigned char)
                0x0000000000003372                W5100Class::writeSnPORT(unsigned char, unsigned int)
                0x00000000000033b2                socket(unsigned char, unsigned char, unsigned int, unsigned char)
                0x000000000000345a                W5100Class::writeSn(unsigned char, unsigned int, unsigned char*, unsigned int)
                0x00000000000034b0                W5100Class::writeSnDIPR(unsigned char, unsigned char*)
                0x00000000000034e0                startUDP(unsigned char, unsigned char*, unsigned int)
                0x0000000000003576                connect(unsigned char, unsigned char*, unsigned int)
                0x000000000000363c                bufferData(unsigned char, unsigned int, unsigned char const*, unsigned int)
                0x00000000000036d6                igmpsend(unsigned char, unsigned char const*, unsigned int)
                0x00000000000037c0                sendto(unsigned char, unsigned char const*, unsigned int, unsigned char*, unsigned int)
                0x0000000000003906                send(unsigned char, unsigned char const*, unsigned int)
                0x0000000000003a0c                recvfrom(unsigned char, unsigned char*, unsigned int, unsigned char*, unsigned int*)
                0x0000000000003cae                peek(unsigned char, unsigned char*)
                0x0000000000003ce8                recv(unsigned char, unsigned char*, unsigned int)
 .text          0x0000000000003da2      0x9ee ./arduinolib/Ethernet/utility/w5100.o
                0x0000000000003da2                SPIClass::transfer(unsigned char)
                0x0000000000003dde                W5100Class::initSS()
                0x0000000000003dfa                W5100Class::setSS()
                0x0000000000003e16                W5100Class::resetSS()
                0x0000000000003e32                W5100Class::write(unsigned int, unsigned char)
                0x0000000000003eb2                W5100Class::writeSnCR(unsigned char, unsigned char)
                0x0000000000003f18                W5100Class::writeSnTX_WR(unsigned char, unsigned int)
                0x0000000000003f58                W5100Class::writeMR(unsigned char)
                0x0000000000003f76                W5100Class::writeTMSR(unsigned char)
                0x0000000000003f94                W5100Class::writeRMSR(unsigned char)
                0x0000000000003fb2                W5100Class::write(unsigned int, unsigned char const*, unsigned int)
                0x0000000000004044                W5100Class::read(unsigned int)
                0x00000000000040bc                W5100Class::readSnCR(unsigned char)
                0x000000000000412e                W5100Class::readSnTX_WR(unsigned char)
                0x0000000000004182                W5100Class::send_data_processing_offset(unsigned char, unsigned int, unsigned char const*, unsigned int)
                0x00000000000042b0                W5100Class::send_data_processing(unsigned char, unsigned char const*, unsigned int)
                0x0000000000004304                W5100Class::readSnRX_RSR(unsigned char)
                0x0000000000004358                W5100Class::getRXReceivedSize(unsigned char)
                0x00000000000043ba                W5100Class::readSnTX_FSR(unsigned char)
                0x000000000000440e                W5100Class::getTXFreeSize(unsigned char)
                0x0000000000004470                W5100Class::read(unsigned int, unsigned char*, unsigned int)
                0x000000000000450e                W5100Class::read_data(unsigned char, unsigned char volatile*, unsigned char volatile*, unsigned int)
                0x0000000000004610                W5100Class::recv_data_processing(unsigned char, unsigned char*, unsigned int, unsigned char)
                0x0000000000004696                W5100Class::execCmdSn(unsigned char, SockCMD)
                0x00000000000046dc                W5100Class::init()
 .text          0x0000000000004790      0xe1c ./arduinolib/Ethernet/Dhcp.o
                0x0000000000004790                IPAddress::operator==(IPAddress const&)
                0x00000000000047e8                Printable::Printable(Printable const&)
                0x0000000000004816                IPAddress::IPAddress(IPAddress const&)
                0x000000000000486a                EthernetUDP::remoteIP()
                0x00000000000048a6                EthernetUDP::remotePort()
                0x00000000000048c8                DhcpClass::presend_DHCP()
                0x0000000000004948                DhcpClass::getDnsServerIp()
                0x0000000000004984                DhcpClass::getDhcpServerIp()
                0x00000000000049c0                DhcpClass::getGatewayIp()
                0x00000000000049fc                DhcpClass::getSubnetMask()
                0x0000000000004a38                DhcpClass::getLocalIp()
                0x0000000000004a74                DhcpClass::parseDHCPResponse(unsigned long, unsigned long&)
                0x0000000000004fc6                DhcpClass::send_DHCP_MESSAGE(unsigned char, unsigned int)
                0x00000000000052fc                DhcpClass::beginWithDHCP(unsigned char*, unsigned long, unsigned long)
 .text          0x00000000000055ac      0xc5e ./arduinolib/Ethernet/Dns.o
                0x00000000000055ac                IPAddress::raw_address()
                0x00000000000055cc                IPAddress::operator unsigned long()
                0x0000000000005652                IPAddress::operator[](int)
                0x0000000000005766                Printable::operator=(Printable const&)
                0x000000000000578c                IPAddress::operator=(IPAddress const&)
                0x00000000000057d8                DNSClient::begin(IPAddress const&)
                0x0000000000005810                DNSClient::inet_aton(char const*, IPAddress&)
                0x00000000000059d0                DNSClient::ProcessResponse(unsigned int, IPAddress&)
                0x0000000000005e98                DNSClient::BuildRequest(char const*)
                0x0000000000006080                DNSClient::getHostByName(char const*, IPAddress&)
 .text          0x000000000000620a      0x984 ./arduinolib/Ethernet/Ethernet.o
                0x0000000000006352                EthernetClass::dnsServerIP()
                0x0000000000006386                EthernetClass::EthernetClass()
                0x0000000000006416                W5100Class::readGAR(unsigned char*)
                0x0000000000006442                W5100Class::getGatewayIp(unsigned char*)
                0x000000000000646c                EthernetClass::gatewayIP()
                0x00000000000064bc                W5100Class::readSUBR(unsigned char*)
                0x00000000000064e8                W5100Class::getSubnetMask(unsigned char*)
                0x0000000000006512                EthernetClass::subnetMask()
                0x0000000000006562                W5100Class::readSIPR(unsigned char*)
                0x000000000000658e                W5100Class::getIPAddress(unsigned char*)
                0x00000000000065b8                EthernetClass::localIP()
                0x0000000000006608                W5100Class::writeSHAR(unsigned char*)
                0x0000000000006634                W5100Class::setMACAddress(unsigned char*)
                0x000000000000665e                W5100Class::writeSIPR(unsigned char*)
                0x000000000000668a                W5100Class::setIPAddress(unsigned char*)
                0x00000000000066b4                W5100Class::writeGAR(unsigned char*)
                0x00000000000066e0                W5100Class::setGatewayIp(unsigned char*)
                0x000000000000670a                W5100Class::writeSUBR(unsigned char*)
                0x0000000000006736                W5100Class::setSubnetMask(unsigned char*)
                0x0000000000006760                EthernetClass::begin(unsigned char*, IPAddress, IPAddress, IPAddress, IPAddress)
                0x000000000000680e                EthernetClass::begin(unsigned char*, IPAddress, IPAddress, IPAddress)
                0x00000000000068c8                EthernetClass::begin(unsigned char*, IPAddress, IPAddress)
                0x0000000000006972                EthernetClass::begin(unsigned char*, IPAddress)
                0x00000000000069fc                DhcpClass::DhcpClass()
                0x0000000000006a20                EthernetClass::begin(unsigned char*)
 .text          0x0000000000006b8e      0x9d8 ./arduinolib/Ethernet/EthernetClient.o
                0x0000000000006b8e                Print::setWriteError(int)
                0x0000000000006bbc                Print::Print()
                0x0000000000006bea                Stream::Stream()
                0x0000000000006c4c                Client::rawIPAddress(IPAddress&)
                0x0000000000006cf8                Client::Client()
                0x0000000000006d26                EthernetClient::EthernetClient()
                0x0000000000006d5c                EthernetClient::EthernetClient()
                0x0000000000006d92                EthernetClient::EthernetClient(unsigned char)
                0x0000000000006dca                EthernetClient::EthernetClient(unsigned char)
                0x0000000000006e02                EthernetClient::write(unsigned char)
                0x0000000000006e42                EthernetClient::flush()
                0x0000000000006e9e                EthernetClient::operator bool()
                0x0000000000006f82                EthernetClient::status()
                0x0000000000006fb8                EthernetClient::connected()
                0x0000000000007034                EthernetClient::stop()
                0x0000000000007118                EthernetClient::peek()
                0x000000000000718c                EthernetClient::read(unsigned char*, unsigned int)
                0x00000000000071ca                EthernetClient::read()
                0x000000000000722a                EthernetClient::available()
                0x0000000000007270                EthernetClient::write(unsigned char const*, unsigned int)
                0x0000000000007300                EthernetClient::connect(IPAddress, unsigned int)
                0x0000000000007466                DNSClient::DNSClient()
                0x0000000000007492                EthernetClient::connect(char const*, unsigned int)
 .text          0x0000000000007566      0x5da ./arduinolib/Ethernet/EthernetServer.o
                0x0000000000007594                Server::Server()
                0x00000000000075c2                EthernetServer::EthernetServer(unsigned int)
                0x0000000000007604                EthernetServer::EthernetServer(unsigned int)
                0x0000000000007646                Print::Print(Print const&)
                0x0000000000007684                Stream::Stream(Stream const&)
                0x00000000000076f0                Client::Client(Client const&)
                0x000000000000772c                EthernetClient::EthernetClient(EthernetClient const&)
                0x0000000000007774                EthernetServer::write(unsigned char)
                0x000000000000781a                EthernetServer::accept()
                0x0000000000007900                EthernetServer::write(unsigned char const*, unsigned int)
                0x00000000000079c2                EthernetServer::available()
                0x0000000000007aa2                EthernetServer::begin()
 .text          0x0000000000007b40      0x8f4 ./arduinolib/Ethernet/EthernetUdp.o
                0x0000000000007bd0                UDP::rawIPAddress(IPAddress&)
                0x0000000000007bfa                EthernetUDP::read(char*, unsigned int)
                0x0000000000007d26                UDP::UDP()
                0x0000000000007d54                EthernetUDP::write(unsigned char)
                0x0000000000007d94                EthernetUDP::flush()
                0x0000000000007e56                EthernetUDP::peek()
                0x0000000000007eca                EthernetUDP::read(unsigned char*, unsigned int)
                0x0000000000007f08                EthernetUDP::read()
                0x0000000000007f68                EthernetUDP::parsePacket()
                0x0000000000008052                EthernetUDP::write(unsigned char const*, unsigned int)
                0x00000000000080c2                EthernetUDP::endPacket()
                0x00000000000080e6                EthernetUDP::beginPacket(IPAddress, unsigned int)
                0x000000000000813e                EthernetUDP::EthernetUDP()
                0x00000000000081aa                EthernetUDP::EthernetUDP()
                0x00000000000081ea                EthernetUDP::beginPacket(char const*, unsigned int)
                0x00000000000082be                EthernetUDP::stop()
                0x000000000000830c                EthernetUDP::available()
                0x0000000000008388                EthernetUDP::begin(unsigned int)
 .text          0x0000000000008434        0x0 /storage/apps/eclipse-avr/workspace/ArduinoCore-1.0/Mega2560/libArduinoCore-1.0.a(HardwareSerial.o)
 .text          0x0000000000008434        0x0 /storage/apps/eclipse-avr/workspace/ArduinoCore-1.0/Mega2560/libArduinoCore-1.0.a(IPAddress.o)
 .text          0x0000000000008434        0x0 /storage/apps/eclipse-avr/workspace/ArduinoCore-1.0/Mega2560/libArduinoCore-1.0.a(Print.o)
 .text          0x0000000000008434        0x0 /storage/apps/eclipse-avr/workspace/ArduinoCore-1.0/Mega2560/libArduinoCore-1.0.a(WMath.o)
 .text          0x0000000000008434        0x0 /storage/apps/eclipse-avr/workspace/ArduinoCore-1.0/Mega2560/libArduinoCore-1.0.a(WString.o)
 .text          0x0000000000008434        0x0 /storage/apps/eclipse-avr/workspace/ArduinoCore-1.0/Mega2560/libArduinoCore-1.0.a(new.o)
 .text          0x0000000000008434        0x0 /storage/apps/eclipse-avr/workspace/ArduinoCore-1.0/Mega2560/libArduinoCore-1.0.a(wiring.o)
 .text          0x0000000000008434        0x0 /storage/apps/eclipse-avr/workspace/ArduinoCore-1.0/Mega2560/libArduinoCore-1.0.a(wiring_analog.o)
 .text          0x0000000000008434        0x0 /storage/apps/eclipse-avr/workspace/ArduinoCore-1.0/Mega2560/libArduinoCore-1.0.a(wiring_digital.o)
 .text          0x0000000000008434        0x0 /usr/lib/gcc/avr/4.3.5/avr6/libgcc.a(_mulsi3.o)
 .text          0x0000000000008434        0x0 /usr/lib/gcc/avr/4.3.5/avr6/libgcc.a(_divmodhi4.o)
 .text          0x0000000000008434        0x0 /usr/lib/gcc/avr/4.3.5/avr6/libgcc.a(_udivmodsi4.o)
 .text          0x0000000000008434        0x0 /usr/lib/gcc/avr/4.3.5/avr6/libgcc.a(_divmodsi4.o)
 .text          0x0000000000008434        0x0 /usr/lib/gcc/avr/4.3.5/avr6/libgcc.a(_exit.o)
 .text          0x0000000000008434        0x0 /usr/lib/gcc/avr/4.3.5/avr6/libgcc.a(_clear_bss.o)
 .text          0x0000000000008434        0x0 /usr/lib/gcc/avr/4.3.5/avr6/libgcc.a(_ctors.o)
 .text          0x0000000000008434        0x0 /usr/lib/gcc/avr/4.3.5/avr6/libgcc.a(_dtors.o)
 .text          0x0000000000008434       0x58 /usr/lib/gcc/avr/4.3.5/avr6/libgcc.a(_fixunssfsi.o)
                0x0000000000008434                __fixunssfsi
 .text          0x000000000000848c      0x354 /usr/lib/gcc/avr/4.3.5/avr6/libgcc.a(_addsub_sf.o)
                0x0000000000008724                __subsf3
                0x0000000000008786                __addsf3
 .text          0x00000000000087e0      0x1f4 /usr/lib/gcc/avr/4.3.5/avr6/libgcc.a(_mul_sf.o)
                0x00000000000087e0                __mulsf3
 .text          0x00000000000089d4      0x158 /usr/lib/gcc/avr/4.3.5/avr6/libgcc.a(_div_sf.o)
                0x00000000000089d4                __divsf3
 .text          0x0000000000008b2c       0x60 /usr/lib/gcc/avr/4.3.5/avr6/libgcc.a(_ge_sf.o)
                0x0000000000008b2c                __gesf2
 .text          0x0000000000008b8c       0x60 /usr/lib/gcc/avr/4.3.5/avr6/libgcc.a(_lt_sf.o)
                0x0000000000008b8c                __ltsf2
 .text          0x0000000000008bec       0xbc /usr/lib/gcc/avr/4.3.5/avr6/libgcc.a(_si_to_sf.o)
                0x0000000000008bec                __floatsisf
 .text          0x0000000000008ca8       0xa8 /usr/lib/gcc/avr/4.3.5/avr6/libgcc.a(_sf_to_si.o)
                0x0000000000008ca8                __fixsfsi
 .text          0x0000000000008d50        0x0 /usr/lib/gcc/avr/4.3.5/avr6/libgcc.a(_thenan_sf.o)
 .text          0x0000000000008d50       0xf2 /usr/lib/gcc/avr/4.3.5/avr6/libgcc.a(_usi_to_sf.o)
                0x0000000000008d50                __floatunsisf
 .text          0x0000000000008e42        0x0 /usr/lib/gcc/avr/4.3.5/avr6/libgcc.a(_udivmodhi4.o)
 .text          0x0000000000008e42        0x0 /usr/lib/gcc/avr/4.3.5/avr6/libgcc.a(_prologue.o)
 .text          0x0000000000008e42        0x0 /usr/lib/gcc/avr/4.3.5/avr6/libgcc.a(_epilogue.o)
 .text          0x0000000000008e42        0x0 /usr/lib/gcc/avr/4.3.5/avr6/libgcc.a(_tablejump.o)
 .text          0x0000000000008e42       0x9e /usr/lib/gcc/avr/4.3.5/avr6/libgcc.a(_clzsi2.o)
                0x0000000000008e42                __clzsi2
 .text          0x0000000000008ee0      0x1ac /usr/lib/gcc/avr/4.3.5/avr6/libgcc.a(_pack_sf.o)
                0x0000000000008ee0                __pack_f
 .text          0x000000000000908c       0xf0 /usr/lib/gcc/avr/4.3.5/avr6/libgcc.a(_unpack_sf.o)
                0x000000000000908c                __unpack_f
 .text          0x000000000000917c       0xb2 /usr/lib/gcc/avr/4.3.5/avr6/libgcc.a(_fpcmp_parts_sf.o)
                0x000000000000917c                __fpcmp_parts_f
 .text          0x000000000000922e        0x0 /usr/lib/gcc/avr/4.3.5/avr6/libgcc.a(_clz.o)
 .text          0x000000000000922e        0x0 /usr/lib/gcc/avr/4.3.5/../../../avr/lib/avr6/libc.a(malloc.o)
 .text          0x000000000000922e        0x0 /usr/lib/gcc/avr/4.3.5/../../../avr/lib/avr6/libc.a(random.o)
 .text          0x000000000000922e        0x0 /usr/lib/gcc/avr/4.3.5/../../../avr/lib/avr6/libc.a(realloc.o)
 .text          0x000000000000922e        0x0 /usr/lib/gcc/avr/4.3.5/../../../avr/lib/avr6/libc.a(atoi.o)
 .text          0x000000000000922e        0x0 /usr/lib/gcc/avr/4.3.5/../../../avr/lib/avr6/libc.a(atol.o)
 .text          0x000000000000922e        0x0 /usr/lib/gcc/avr/4.3.5/../../../avr/lib/avr6/libc.a(isspace.o)
 .text          0x000000000000922e        0x0 /usr/lib/gcc/avr/4.3.5/../../../avr/lib/avr6/libc.a(tolower.o)
 .text          0x000000000000922e        0x0 /usr/lib/gcc/avr/4.3.5/../../../avr/lib/avr6/libc.a(toupper.o)
 .text          0x000000000000922e        0x0 /usr/lib/gcc/avr/4.3.5/../../../avr/lib/avr6/libc.a(strtok.o)
 .text          0x000000000000922e        0x0 /usr/lib/gcc/avr/4.3.5/../../../avr/lib/avr6/libc.a(memcmp.o)
 .text          0x000000000000922e        0x0 /usr/lib/gcc/avr/4.3.5/../../../avr/lib/avr6/libc.a(memcpy.o)
 .text          0x000000000000922e        0x0 /usr/lib/gcc/avr/4.3.5/../../../avr/lib/avr6/libc.a(memmove.o)
 .text          0x000000000000922e        0x0 /usr/lib/gcc/avr/4.3.5/../../../avr/lib/avr6/libc.a(memset.o)
 .text          0x000000000000922e        0x0 /usr/lib/gcc/avr/4.3.5/../../../avr/lib/avr6/libc.a(strchr.o)
 .text          0x000000000000922e        0x0 /usr/lib/gcc/avr/4.3.5/../../../avr/lib/avr6/libc.a(strcmp.o)
 .text          0x000000000000922e        0x0 /usr/lib/gcc/avr/4.3.5/../../../avr/lib/avr6/libc.a(strcpy.o)
 .text          0x000000000000922e        0x0 /usr/lib/gcc/avr/4.3.5/../../../avr/lib/avr6/libc.a(strncmp.o)
 .text          0x000000000000922e        0x0 /usr/lib/gcc/avr/4.3.5/../../../avr/lib/avr6/libc.a(strncpy.o)
 .text          0x000000000000922e        0x0 /usr/lib/gcc/avr/4.3.5/../../../avr/lib/avr6/libc.a(strrchr.o)
 .text          0x000000000000922e        0x0 /usr/lib/gcc/avr/4.3.5/../../../avr/lib/avr6/libc.a(strstr.o)
 .text          0x000000000000922e        0x0 /usr/lib/gcc/avr/4.3.5/../../../avr/lib/avr6/libc.a(strtok_r.o)
 .text          0x000000000000922e        0x0 /usr/lib/gcc/avr/4.3.5/../../../avr/lib/avr6/libc.a(itoa.o)
 .text          0x000000000000922e        0x0 /usr/lib/gcc/avr/4.3.5/../../../avr/lib/avr6/libc.a(ltoa.o)
 .text          0x000000000000922e        0x0 /usr/lib/gcc/avr/4.3.5/../../../avr/lib/avr6/libc.a(mulsi10.o)
 .text          0x000000000000922e        0x0 /usr/lib/gcc/avr/4.3.5/../../../avr/lib/avr6/libc.a(mul10.o)
 .text          0x000000000000922e        0x0 /usr/lib/gcc/avr/4.3.5/../../../avr/lib/avr6/libc.a(ultoa.o)
 .text          0x000000000000922e        0x0 /usr/lib/gcc/avr/4.3.5/../../../avr/lib/avr6/libc.a(utoa.o)
 .text          0x000000000000922e        0x0 /usr/lib/gcc/avr/4.3.5/../../../avr/lib/avr6/libc.a(sprintf.o)
 .text          0x000000000000922e        0x0 /usr/lib/gcc/avr/4.3.5/../../../avr/lib/avr6/libc.a(vfprintf_std.o)
 .text          0x000000000000922e        0x0 /usr/lib/gcc/avr/4.3.5/../../../avr/lib/avr6/libc.a(cty_isfalse.o)
 .text          0x000000000000922e        0x0 /usr/lib/gcc/avr/4.3.5/../../../avr/lib/avr6/libc.a(strnlen_P.o)
 .text          0x000000000000922e        0x0 /usr/lib/gcc/avr/4.3.5/../../../avr/lib/avr6/libc.a(strnlen.o)
 .text          0x000000000000922e        0x0 /usr/lib/gcc/avr/4.3.5/../../../avr/lib/avr6/libc.a(strrev.o)
 .text          0x000000000000922e        0x0 /usr/lib/gcc/avr/4.3.5/../../../avr/lib/avr6/libc.a(fputc.o)
 .text          0x000000000000922e        0x0 /usr/lib/gcc/avr/4.3.5/../../../avr/lib/avr6/libc.a(ultoa_invert.o)
                0x000000000000922e                . = ALIGN (0x2)
 *(.text.*)
 .text._Z11serialEventv
                0x000000000000922e        0x2 /storage/apps/eclipse-avr/workspace/ArduinoCore-1.0/Mega2560/libArduinoCore-1.0.a(HardwareSerial.o)
                0x000000000000922e                serialEvent()
 .text.__vector_25
                0x0000000000009230       0x70 /storage/apps/eclipse-avr/workspace/ArduinoCore-1.0/Mega2560/libArduinoCore-1.0.a(HardwareSerial.o)
                0x0000000000009230                __vector_25
 .text._Z12serialEvent1v
                0x00000000000092a0        0x2 /storage/apps/eclipse-avr/workspace/ArduinoCore-1.0/Mega2560/libArduinoCore-1.0.a(HardwareSerial.o)
                0x00000000000092a0                serialEvent1()
 .text.__vector_36
                0x00000000000092a2       0x70 /storage/apps/eclipse-avr/workspace/ArduinoCore-1.0/Mega2560/libArduinoCore-1.0.a(HardwareSerial.o)
                0x00000000000092a2                __vector_36
 .text._Z12serialEvent2v
                0x0000000000009312        0x2 /storage/apps/eclipse-avr/workspace/ArduinoCore-1.0/Mega2560/libArduinoCore-1.0.a(HardwareSerial.o)
                0x0000000000009312                serialEvent2()
 .text.__vector_51
                0x0000000000009314       0x70 /storage/apps/eclipse-avr/workspace/ArduinoCore-1.0/Mega2560/libArduinoCore-1.0.a(HardwareSerial.o)
                0x0000000000009314                __vector_51
 .text._Z12serialEvent3v
                0x0000000000009384        0x2 /storage/apps/eclipse-avr/workspace/ArduinoCore-1.0/Mega2560/libArduinoCore-1.0.a(HardwareSerial.o)
                0x0000000000009384                serialEvent3()
 .text.__vector_54
                0x0000000000009386       0x70 /storage/apps/eclipse-avr/workspace/ArduinoCore-1.0/Mega2560/libArduinoCore-1.0.a(HardwareSerial.o)
                0x0000000000009386                __vector_54
 .text._Z14serialEventRunv
                0x00000000000093f6       0x92 /storage/apps/eclipse-avr/workspace/ArduinoCore-1.0/Mega2560/libArduinoCore-1.0.a(HardwareSerial.o)
                0x00000000000093f6                serialEventRun()
 .text.__vector_26
                0x0000000000009488       0x9a /storage/apps/eclipse-avr/workspace/ArduinoCore-1.0/Mega2560/libArduinoCore-1.0.a(HardwareSerial.o)
                0x0000000000009488                __vector_26
 .text.__vector_37
                0x0000000000009522       0x9a /storage/apps/eclipse-avr/workspace/ArduinoCore-1.0/Mega2560/libArduinoCore-1.0.a(HardwareSerial.o)
                0x0000000000009522                __vector_37
 .text.__vector_52
                0x00000000000095bc       0x9a /storage/apps/eclipse-avr/workspace/ArduinoCore-1.0/Mega2560/libArduinoCore-1.0.a(HardwareSerial.o)
                0x00000000000095bc                __vector_52
 .text.__vector_55
                0x0000000000009656       0x9a /storage/apps/eclipse-avr/workspace/ArduinoCore-1.0/Mega2560/libArduinoCore-1.0.a(HardwareSerial.o)
                0x0000000000009656                __vector_55
 .text._ZN14HardwareSerialC2EP11ring_bufferS1_PVhS3_S3_S3_S3_hhhhh
                0x00000000000096f0       0x7e /storage/apps/eclipse-avr/workspace/ArduinoCore-1.0/Mega2560/libArduinoCore-1.0.a(HardwareSerial.o)
                0x00000000000096f0                HardwareSerial::HardwareSerial(ring_buffer*, ring_buffer*, unsigned char volatile*, unsigned char volatile*, unsigned char volatile*, unsigned char volatile*, unsigned char volatile*, unsigned char, unsigned char, unsigned char, unsigned char, unsigned char)
 .text._ZN14HardwareSerialC1EP11ring_bufferS1_PVhS3_S3_S3_S3_hhhhh
                0x000000000000976e       0x7e /storage/apps/eclipse-avr/workspace/ArduinoCore-1.0/Mega2560/libArduinoCore-1.0.a(HardwareSerial.o)
                0x000000000000976e                HardwareSerial::HardwareSerial(ring_buffer*, ring_buffer*, unsigned char volatile*, unsigned char volatile*, unsigned char volatile*, unsigned char volatile*, unsigned char volatile*, unsigned char, unsigned char, unsigned char, unsigned char, unsigned char)
 .text._ZN14HardwareSerial5beginEm
                0x00000000000097ec       0xfa /storage/apps/eclipse-avr/workspace/ArduinoCore-1.0/Mega2560/libArduinoCore-1.0.a(HardwareSerial.o)
                0x00000000000097ec                HardwareSerial::begin(unsigned long)
 .text._ZN14HardwareSerial3endEv
                0x00000000000098e6       0xcc /storage/apps/eclipse-avr/workspace/ArduinoCore-1.0/Mega2560/libArduinoCore-1.0.a(HardwareSerial.o)
                0x00000000000098e6                HardwareSerial::end()
 .text._ZN14HardwareSerial9availableEv
                0x00000000000099b2       0x22 /storage/apps/eclipse-avr/workspace/ArduinoCore-1.0/Mega2560/libArduinoCore-1.0.a(HardwareSerial.o)
                0x00000000000099b2                HardwareSerial::available()
 .text._ZN14HardwareSerial4peekEv
                0x00000000000099d4       0x40 /storage/apps/eclipse-avr/workspace/ArduinoCore-1.0/Mega2560/libArduinoCore-1.0.a(HardwareSerial.o)
                0x00000000000099d4                HardwareSerial::peek()
 .text._ZN14HardwareSerial4readEv
                0x0000000000009a14       0x52 /storage/apps/eclipse-avr/workspace/ArduinoCore-1.0/Mega2560/libArduinoCore-1.0.a(HardwareSerial.o)
                0x0000000000009a14                HardwareSerial::read()
 .text._ZN14HardwareSerial5flushEv
                0x0000000000009a66       0x24 /storage/apps/eclipse-avr/workspace/ArduinoCore-1.0/Mega2560/libArduinoCore-1.0.a(HardwareSerial.o)
                0x0000000000009a66                HardwareSerial::flush()
 .text._ZN14HardwareSerial5writeEh
                0x0000000000009a8a       0x78 /storage/apps/eclipse-avr/workspace/ArduinoCore-1.0/Mega2560/libArduinoCore-1.0.a(HardwareSerial.o)
                0x0000000000009a8a                HardwareSerial::write(unsigned char)
 .text._GLOBAL__I_rx_buffer
                0x0000000000009b02      0x23c /storage/apps/eclipse-avr/workspace/ArduinoCore-1.0/Mega2560/libArduinoCore-1.0.a(HardwareSerial.o)
 .text._ZN9IPAddressC2Ehhhh
                0x0000000000009d3e       0x18 /storage/apps/eclipse-avr/workspace/ArduinoCore-1.0/Mega2560/libArduinoCore-1.0.a(IPAddress.o)
                0x0000000000009d3e                IPAddress::IPAddress(unsigned char, unsigned char, unsigned char, unsigned char)
 .text._ZN9IPAddressC1Ehhhh
                0x0000000000009d56       0x18 /storage/apps/eclipse-avr/workspace/ArduinoCore-1.0/Mega2560/libArduinoCore-1.0.a(IPAddress.o)
                0x0000000000009d56                IPAddress::IPAddress(unsigned char, unsigned char, unsigned char, unsigned char)
 .text._GLOBAL__I__ZN9IPAddressC2Ev
                0x0000000000009d6e       0x1e /storage/apps/eclipse-avr/workspace/ArduinoCore-1.0/Mega2560/libArduinoCore-1.0.a(IPAddress.o)
 .text._ZNK9IPAddress7printToER5Print
                0x0000000000009d8c       0x84 /storage/apps/eclipse-avr/workspace/ArduinoCore-1.0/Mega2560/libArduinoCore-1.0.a(IPAddress.o)
                0x0000000000009d8c                IPAddress::printTo(Print&) const
 .text._ZN9IPAddresseqEPKh
                0x0000000000009e10       0x1e /storage/apps/eclipse-avr/workspace/ArduinoCore-1.0/Mega2560/libArduinoCore-1.0.a(IPAddress.o)
                0x0000000000009e10                IPAddress::operator==(unsigned char const*)
 .text._ZN9IPAddressaSEm
                0x0000000000009e2e       0x24 /storage/apps/eclipse-avr/workspace/ArduinoCore-1.0/Mega2560/libArduinoCore-1.0.a(IPAddress.o)
                0x0000000000009e2e                IPAddress::operator=(unsigned long)
 .text._ZN9IPAddressaSEPKh
                0x0000000000009e52       0x1a /storage/apps/eclipse-avr/workspace/ArduinoCore-1.0/Mega2560/libArduinoCore-1.0.a(IPAddress.o)
                0x0000000000009e52                IPAddress::operator=(unsigned char const*)
 .text._ZN9IPAddressC1EPKh
                0x0000000000009e6c       0x22 /storage/apps/eclipse-avr/workspace/ArduinoCore-1.0/Mega2560/libArduinoCore-1.0.a(IPAddress.o)
                0x0000000000009e6c                IPAddress::IPAddress(unsigned char const*)
 .text._ZN9IPAddressC2EPKh
                0x0000000000009e8e       0x22 /storage/apps/eclipse-avr/workspace/ArduinoCore-1.0/Mega2560/libArduinoCore-1.0.a(IPAddress.o)
                0x0000000000009e8e                IPAddress::IPAddress(unsigned char const*)
 .text._ZN9IPAddressC1Em
                0x0000000000009eb0       0x2c /storage/apps/eclipse-avr/workspace/ArduinoCore-1.0/Mega2560/libArduinoCore-1.0.a(IPAddress.o)
                0x0000000000009eb0                IPAddress::IPAddress(unsigned long)
 .text._ZN9IPAddressC2Em
                0x0000000000009edc       0x2c /storage/apps/eclipse-avr/workspace/ArduinoCore-1.0/Mega2560/libArduinoCore-1.0.a(IPAddress.o)
                0x0000000000009edc                IPAddress::IPAddress(unsigned long)
 .text._ZN9IPAddressC1Ev
                0x0000000000009f08       0x14 /storage/apps/eclipse-avr/workspace/ArduinoCore-1.0/Mega2560/libArduinoCore-1.0.a(IPAddress.o)
                0x0000000000009f08                IPAddress::IPAddress()
 .text._ZN9IPAddressC2Ev
                0x0000000000009f1c       0x14 /storage/apps/eclipse-avr/workspace/ArduinoCore-1.0/Mega2560/libArduinoCore-1.0.a(IPAddress.o)
                0x0000000000009f1c                IPAddress::IPAddress()
 .text._ZN5Print5writeEPKhj
                0x0000000000009f30       0x54 /storage/apps/eclipse-avr/workspace/ArduinoCore-1.0/Mega2560/libArduinoCore-1.0.a(Print.o)
                0x0000000000009f30                Print::write(unsigned char const*, unsigned int)
 .text._ZN5Print5printEPK19__FlashStringHelper
                0x0000000000009f84       0x46 /storage/apps/eclipse-avr/workspace/ArduinoCore-1.0/Mega2560/libArduinoCore-1.0.a(Print.o)
                0x0000000000009f84                Print::print(__FlashStringHelper const*)
 .text._ZN5Print5printEc
                0x0000000000009fca       0x10 /storage/apps/eclipse-avr/workspace/ArduinoCore-1.0/Mega2560/libArduinoCore-1.0.a(Print.o)
                0x0000000000009fca                Print::print(char)
 .text._ZN5Print5printERK9Printable
                0x0000000000009fda       0x16 /storage/apps/eclipse-avr/workspace/ArduinoCore-1.0/Mega2560/libArduinoCore-1.0.a(Print.o)
                0x0000000000009fda                Print::print(Printable const&)
 .text._ZN5Print7printlnEv
                0x0000000000009ff0       0x40 /storage/apps/eclipse-avr/workspace/ArduinoCore-1.0/Mega2560/libArduinoCore-1.0.a(Print.o)
                0x0000000000009ff0                Print::println()
 .text._ZN5Print7printlnEPK19__FlashStringHelper
                0x000000000000a030       0x28 /storage/apps/eclipse-avr/workspace/ArduinoCore-1.0/Mega2560/libArduinoCore-1.0.a(Print.o)
                0x000000000000a030                Print::println(__FlashStringHelper const*)
 .text._ZN5Print7printlnEc
                0x000000000000a058       0x30 /storage/apps/eclipse-avr/workspace/ArduinoCore-1.0/Mega2560/libArduinoCore-1.0.a(Print.o)
                0x000000000000a058                Print::println(char)
 .text._ZN5Print7printlnERK9Printable
                0x000000000000a088       0x34 /storage/apps/eclipse-avr/workspace/ArduinoCore-1.0/Mega2560/libArduinoCore-1.0.a(Print.o)
                0x000000000000a088                Print::println(Printable const&)
 .text._ZN5Print5writeEPKc
                0x000000000000a0bc       0x28 /storage/apps/eclipse-avr/workspace/ArduinoCore-1.0/Mega2560/libArduinoCore-1.0.a(Print.o)
                0x000000000000a0bc                Print::write(char const*)
 .text._ZN5Print11printNumberEmh
                0x000000000000a0e4       0xc8 /storage/apps/eclipse-avr/workspace/ArduinoCore-1.0/Mega2560/libArduinoCore-1.0.a(Print.o)
                0x000000000000a0e4                Print::printNumber(unsigned long, unsigned char)
 .text._ZN5Print5printEmi
                0x000000000000a1ac       0x1e /storage/apps/eclipse-avr/workspace/ArduinoCore-1.0/Mega2560/libArduinoCore-1.0.a(Print.o)
                0x000000000000a1ac                Print::print(unsigned long, int)
 .text._ZN5Print7printlnEmi
                0x000000000000a1ca       0x28 /storage/apps/eclipse-avr/workspace/ArduinoCore-1.0/Mega2560/libArduinoCore-1.0.a(Print.o)
                0x000000000000a1ca                Print::println(unsigned long, int)
 .text._ZN5Print5printEji
                0x000000000000a1f2       0x22 /storage/apps/eclipse-avr/workspace/ArduinoCore-1.0/Mega2560/libArduinoCore-1.0.a(Print.o)
                0x000000000000a1f2                Print::print(unsigned int, int)
 .text._ZN5Print7printlnEji
                0x000000000000a214       0x3a /storage/apps/eclipse-avr/workspace/ArduinoCore-1.0/Mega2560/libArduinoCore-1.0.a(Print.o)
                0x000000000000a214                Print::println(unsigned int, int)
 .text._ZN5Print5printEhi
                0x000000000000a24e       0x24 /storage/apps/eclipse-avr/workspace/ArduinoCore-1.0/Mega2560/libArduinoCore-1.0.a(Print.o)
                0x000000000000a24e                Print::print(unsigned char, int)
 .text._ZN5Print7printlnEhi
                0x000000000000a272       0x3c /storage/apps/eclipse-avr/workspace/ArduinoCore-1.0/Mega2560/libArduinoCore-1.0.a(Print.o)
                0x000000000000a272                Print::println(unsigned char, int)
 .text._ZN5Print5printEli
                0x000000000000a2ae       0x80 /storage/apps/eclipse-avr/workspace/ArduinoCore-1.0/Mega2560/libArduinoCore-1.0.a(Print.o)
                0x000000000000a2ae                Print::print(long, int)
 .text._ZN5Print7printlnEli
                0x000000000000a32e       0x28 /storage/apps/eclipse-avr/workspace/ArduinoCore-1.0/Mega2560/libArduinoCore-1.0.a(Print.o)
                0x000000000000a32e                Print::println(long, int)
 .text._ZN5Print5printEii
                0x000000000000a356       0x26 /storage/apps/eclipse-avr/workspace/ArduinoCore-1.0/Mega2560/libArduinoCore-1.0.a(Print.o)
                0x000000000000a356                Print::print(int, int)
 .text._ZN5Print7printlnEii
                0x000000000000a37c       0x3e /storage/apps/eclipse-avr/workspace/ArduinoCore-1.0/Mega2560/libArduinoCore-1.0.a(Print.o)
                0x000000000000a37c                Print::println(int, int)
 .text._ZN5Print5printEPKc
                0x000000000000a3ba        0x6 /storage/apps/eclipse-avr/workspace/ArduinoCore-1.0/Mega2560/libArduinoCore-1.0.a(Print.o)
                0x000000000000a3ba                Print::print(char const*)
 .text._ZN5Print10printFloatEdh
                0x000000000000a3c0      0x136 /storage/apps/eclipse-avr/workspace/ArduinoCore-1.0/Mega2560/libArduinoCore-1.0.a(Print.o)
                0x000000000000a3c0                Print::printFloat(double, unsigned char)
 .text._ZN5Print5printEdi
                0x000000000000a4f6        0x6 /storage/apps/eclipse-avr/workspace/ArduinoCore-1.0/Mega2560/libArduinoCore-1.0.a(Print.o)
                0x000000000000a4f6                Print::print(double, int)
 .text._ZN5Print7printlnEdi
                0x000000000000a4fc       0x26 /storage/apps/eclipse-avr/workspace/ArduinoCore-1.0/Mega2560/libArduinoCore-1.0.a(Print.o)
                0x000000000000a4fc                Print::println(double, int)
 .text._ZN5Print7printlnEPKc
                0x000000000000a522       0x26 /storage/apps/eclipse-avr/workspace/ArduinoCore-1.0/Mega2560/libArduinoCore-1.0.a(Print.o)
                0x000000000000a522                Print::println(char const*)
 .text._ZN5Print5printERK6String
                0x000000000000a548       0x66 /storage/apps/eclipse-avr/workspace/ArduinoCore-1.0/Mega2560/libArduinoCore-1.0.a(Print.o)
                0x000000000000a548                Print::print(String const&)
 .text._ZN5Print7printlnERK6String
                0x000000000000a5ae       0x28 /storage/apps/eclipse-avr/workspace/ArduinoCore-1.0/Mega2560/libArduinoCore-1.0.a(Print.o)
                0x000000000000a5ae                Print::println(String const&)
 .text._Z3maplllll
                0x000000000000a5d6       0x92 /storage/apps/eclipse-avr/workspace/ArduinoCore-1.0/Mega2560/libArduinoCore-1.0.a(WMath.o)
                0x000000000000a5d6                map(long, long, long, long, long)
 .text._Z8makeWordj
                0x000000000000a668        0x2 /storage/apps/eclipse-avr/workspace/ArduinoCore-1.0/Mega2560/libArduinoCore-1.0.a(WMath.o)
                0x000000000000a668                makeWord(unsigned int)
 .text._Z8makeWordhh
                0x000000000000a66a        0xe /storage/apps/eclipse-avr/workspace/ArduinoCore-1.0/Mega2560/libArduinoCore-1.0.a(WMath.o)
                0x000000000000a66a                makeWord(unsigned char, unsigned char)
 .text._Z6randoml
                0x000000000000a678       0x44 /storage/apps/eclipse-avr/workspace/ArduinoCore-1.0/Mega2560/libArduinoCore-1.0.a(WMath.o)
                0x000000000000a678                random(long)
 .text._Z6randomll
                0x000000000000a6bc       0x3c /storage/apps/eclipse-avr/workspace/ArduinoCore-1.0/Mega2560/libArduinoCore-1.0.a(WMath.o)
                0x000000000000a6bc                random(long, long)
 .text._Z10randomSeedj
                0x000000000000a6f8       0x10 /storage/apps/eclipse-avr/workspace/ArduinoCore-1.0/Mega2560/libArduinoCore-1.0.a(WMath.o)
                0x000000000000a6f8                randomSeed(unsigned int)
 .text._ZNK6String6charAtEj
                0x000000000000a708       0x22 /storage/apps/eclipse-avr/workspace/ArduinoCore-1.0/Mega2560/libArduinoCore-1.0.a(WString.o)
                0x000000000000a708                String::charAt(unsigned int) const
 .text._ZN6String9setCharAtEjc
                0x000000000000a72a       0x1a /storage/apps/eclipse-avr/workspace/ArduinoCore-1.0/Mega2560/libArduinoCore-1.0.a(WString.o)
                0x000000000000a72a                String::setCharAt(unsigned int, char)
 .text._ZN6StringixEj
                0x000000000000a744       0x2a /storage/apps/eclipse-avr/workspace/ArduinoCore-1.0/Mega2560/libArduinoCore-1.0.a(WString.o)
                0x000000000000a744                String::operator[](unsigned int)
 .text._ZNK6StringixEj
                0x000000000000a76e       0x22 /storage/apps/eclipse-avr/workspace/ArduinoCore-1.0/Mega2560/libArduinoCore-1.0.a(WString.o)
                0x000000000000a76e                String::operator[](unsigned int) const
 .text._ZN6String7replaceEcc
                0x000000000000a790       0x1e /storage/apps/eclipse-avr/workspace/ArduinoCore-1.0/Mega2560/libArduinoCore-1.0.a(WString.o)
                0x000000000000a790                String::replace(char, char)
 .text._ZNK6String5toIntEv
                0x000000000000a7ae       0x22 /storage/apps/eclipse-avr/workspace/ArduinoCore-1.0/Mega2560/libArduinoCore-1.0.a(WString.o)
                0x000000000000a7ae                String::toInt() const
 .text._ZN6String4trimEv
                0x000000000000a7d0       0xb6 /storage/apps/eclipse-avr/workspace/ArduinoCore-1.0/Mega2560/libArduinoCore-1.0.a(WString.o)
                0x000000000000a7d0                String::trim()
 .text._ZN6String11toUpperCaseEv
                0x000000000000a886       0x28 /storage/apps/eclipse-avr/workspace/ArduinoCore-1.0/Mega2560/libArduinoCore-1.0.a(WString.o)
                0x000000000000a886                String::toUpperCase()
 .text._ZN6String11toLowerCaseEv
                0x000000000000a8ae       0x28 /storage/apps/eclipse-avr/workspace/ArduinoCore-1.0/Mega2560/libArduinoCore-1.0.a(WString.o)
                0x000000000000a8ae                String::toLowerCase()
 .text._ZNK6String16equalsIgnoreCaseERKS_
                0x000000000000a8d6       0x78 /storage/apps/eclipse-avr/workspace/ArduinoCore-1.0/Mega2560/libArduinoCore-1.0.a(WString.o)
                0x000000000000a8d6                String::equalsIgnoreCase(String const&) const
 .text._ZNK6String11lastIndexOfERKS_j
                0x000000000000a94e       0x9c /storage/apps/eclipse-avr/workspace/ArduinoCore-1.0/Mega2560/libArduinoCore-1.0.a(WString.o)
                0x000000000000a94e                String::lastIndexOf(String const&, unsigned int) const
 .text._ZNK6String11lastIndexOfERKS_
                0x000000000000a9ea       0x1c /storage/apps/eclipse-avr/workspace/ArduinoCore-1.0/Mega2560/libArduinoCore-1.0.a(WString.o)
                0x000000000000a9ea                String::lastIndexOf(String const&) const
 .text._ZNK6String7indexOfERKS_j
                0x000000000000aa06       0x3c /storage/apps/eclipse-avr/workspace/ArduinoCore-1.0/Mega2560/libArduinoCore-1.0.a(WString.o)
                0x000000000000aa06                String::indexOf(String const&, unsigned int) const
 .text._ZNK6String7indexOfERKS_
                0x000000000000aa42        0xa /storage/apps/eclipse-avr/workspace/ArduinoCore-1.0/Mega2560/libArduinoCore-1.0.a(WString.o)
                0x000000000000aa42                String::indexOf(String const&) const
 .text._ZNK6String11lastIndexOfEcj
                0x000000000000aa4c       0x6e /storage/apps/eclipse-avr/workspace/ArduinoCore-1.0/Mega2560/libArduinoCore-1.0.a(WString.o)
                0x000000000000aa4c                String::lastIndexOf(char, unsigned int) const
 .text._ZNK6String11lastIndexOfEc
                0x000000000000aaba       0x10 /storage/apps/eclipse-avr/workspace/ArduinoCore-1.0/Mega2560/libArduinoCore-1.0.a(WString.o)
                0x000000000000aaba                String::lastIndexOf(char) const
 .text._ZNK6String7indexOfEcj
                0x000000000000aaca       0x3c /storage/apps/eclipse-avr/workspace/ArduinoCore-1.0/Mega2560/libArduinoCore-1.0.a(WString.o)
                0x000000000000aaca                String::indexOf(char, unsigned int) const
 .text._ZNK6String7indexOfEc
                0x000000000000ab06        0xa /storage/apps/eclipse-avr/workspace/ArduinoCore-1.0/Mega2560/libArduinoCore-1.0.a(WString.o)
                0x000000000000ab06                String::indexOf(char) const
 .text._ZNK6String8getBytesEPhjj
                0x000000000000ab10       0x5a /storage/apps/eclipse-avr/workspace/ArduinoCore-1.0/Mega2560/libArduinoCore-1.0.a(WString.o)
                0x000000000000ab10                String::getBytes(unsigned char*, unsigned int, unsigned int) const
 .text._ZNK6String8endsWithERKS_
                0x000000000000ab6a       0x44 /storage/apps/eclipse-avr/workspace/ArduinoCore-1.0/Mega2560/libArduinoCore-1.0.a(WString.o)
                0x000000000000ab6a                String::endsWith(String const&) const
 .text._ZNK6String6equalsEPKc
                0x000000000000abae       0x46 /storage/apps/eclipse-avr/workspace/ArduinoCore-1.0/Mega2560/libArduinoCore-1.0.a(WString.o)
                0x000000000000abae                String::equals(char const*) const
 .text._ZNK6String9compareToERKS_
                0x000000000000abf4       0x66 /storage/apps/eclipse-avr/workspace/ArduinoCore-1.0/Mega2560/libArduinoCore-1.0.a(WString.o)
                0x000000000000abf4                String::compareTo(String const&) const
 .text._ZNK6StringgeERKS_
                0x000000000000ac5a       0x10 /storage/apps/eclipse-avr/workspace/ArduinoCore-1.0/Mega2560/libArduinoCore-1.0.a(WString.o)
                0x000000000000ac5a                String::operator>=(String const&) const
 .text._ZNK6StringleERKS_
                0x000000000000ac6a       0x12 /storage/apps/eclipse-avr/workspace/ArduinoCore-1.0/Mega2560/libArduinoCore-1.0.a(WString.o)
                0x000000000000ac6a                String::operator<=(String const&) const
 .text._ZNK6StringgtERKS_
                0x000000000000ac7c       0x12 /storage/apps/eclipse-avr/workspace/ArduinoCore-1.0/Mega2560/libArduinoCore-1.0.a(WString.o)
                0x000000000000ac7c                String::operator>(String const&) const
 .text._ZNK6StringltERKS_
                0x000000000000ac8e        0xe /storage/apps/eclipse-avr/workspace/ArduinoCore-1.0/Mega2560/libArduinoCore-1.0.a(WString.o)
                0x000000000000ac8e                String::operator<(String const&) const
 .text._ZNK6String6equalsERKS_
                0x000000000000ac9c       0x2c /storage/apps/eclipse-avr/workspace/ArduinoCore-1.0/Mega2560/libArduinoCore-1.0.a(WString.o)
                0x000000000000ac9c                String::equals(String const&) const
 .text._ZNK6String10startsWithERKS_j
                0x000000000000acc8       0x46 /storage/apps/eclipse-avr/workspace/ArduinoCore-1.0/Mega2560/libArduinoCore-1.0.a(WString.o)
                0x000000000000acc8                String::startsWith(String const&, unsigned int) const
 .text._ZNK6String10startsWithERKS_
                0x000000000000ad0e       0x26 /storage/apps/eclipse-avr/workspace/ArduinoCore-1.0/Mega2560/libArduinoCore-1.0.a(WString.o)
                0x000000000000ad0e                String::startsWith(String const&) const
 .text._ZN6String12changeBufferEj
                0x000000000000ad34       0x34 /storage/apps/eclipse-avr/workspace/ArduinoCore-1.0/Mega2560/libArduinoCore-1.0.a(WString.o)
                0x000000000000ad34                String::changeBuffer(unsigned int)
 .text._ZN6String7replaceERKS_S1_
                0x000000000000ad68      0x20a /storage/apps/eclipse-avr/workspace/ArduinoCore-1.0/Mega2560/libArduinoCore-1.0.a(WString.o)
                0x000000000000ad68                String::replace(String const&, String const&)
 .text._ZN6String7reserveEj
                0x000000000000af72       0x38 /storage/apps/eclipse-avr/workspace/ArduinoCore-1.0/Mega2560/libArduinoCore-1.0.a(WString.o)
                0x000000000000af72                String::reserve(unsigned int)
 .text._ZN6String6concatEPKcj
                0x000000000000afaa       0x5a /storage/apps/eclipse-avr/workspace/ArduinoCore-1.0/Mega2560/libArduinoCore-1.0.a(WString.o)
                0x000000000000afaa                String::concat(char const*, unsigned int)
 .text._ZN6String6concatEm
                0x000000000000b004       0x64 /storage/apps/eclipse-avr/workspace/ArduinoCore-1.0/Mega2560/libArduinoCore-1.0.a(WString.o)
                0x000000000000b004                String::concat(unsigned long)
 .text._ZN6String6concatEl
                0x000000000000b068       0x64 /storage/apps/eclipse-avr/workspace/ArduinoCore-1.0/Mega2560/libArduinoCore-1.0.a(WString.o)
                0x000000000000b068                String::concat(long)
 .text._ZN6String6concatEj
                0x000000000000b0cc       0x5a /storage/apps/eclipse-avr/workspace/ArduinoCore-1.0/Mega2560/libArduinoCore-1.0.a(WString.o)
                0x000000000000b0cc                String::concat(unsigned int)
 .text._ZN6String6concatEi
                0x000000000000b126       0x62 /storage/apps/eclipse-avr/workspace/ArduinoCore-1.0/Mega2560/libArduinoCore-1.0.a(WString.o)
                0x000000000000b126                String::concat(int)
 .text._ZN6String6concatEh
                0x000000000000b188       0x58 /storage/apps/eclipse-avr/workspace/ArduinoCore-1.0/Mega2560/libArduinoCore-1.0.a(WString.o)
                0x000000000000b188                String::concat(unsigned char)
 .text._ZN6String6concatEc
                0x000000000000b1e0       0x28 /storage/apps/eclipse-avr/workspace/ArduinoCore-1.0/Mega2560/libArduinoCore-1.0.a(WString.o)
                0x000000000000b1e0                String::concat(char)
 .text._ZN6String6concatEPKc
                0x000000000000b208       0x20 /storage/apps/eclipse-avr/workspace/ArduinoCore-1.0/Mega2560/libArduinoCore-1.0.a(WString.o)
                0x000000000000b208                String::concat(char const*)
 .text._ZN6String6concatERKS_
                0x000000000000b228       0x10 /storage/apps/eclipse-avr/workspace/ArduinoCore-1.0/Mega2560/libArduinoCore-1.0.a(WString.o)
                0x000000000000b228                String::concat(String const&)
 .text._ZN6String10invalidateEv
                0x000000000000b238       0x24 /storage/apps/eclipse-avr/workspace/ArduinoCore-1.0/Mega2560/libArduinoCore-1.0.a(WString.o)
                0x000000000000b238                String::invalidate()
 .text._ZplRK15StringSumHelperm
                0x000000000000b25c       0x22 /storage/apps/eclipse-avr/workspace/ArduinoCore-1.0/Mega2560/libArduinoCore-1.0.a(WString.o)
                0x000000000000b25c                operator+(StringSumHelper const&, unsigned long)
 .text._ZplRK15StringSumHelperl
                0x000000000000b27e       0x22 /storage/apps/eclipse-avr/workspace/ArduinoCore-1.0/Mega2560/libArduinoCore-1.0.a(WString.o)
                0x000000000000b27e                operator+(StringSumHelper const&, long)
 .text._ZplRK15StringSumHelperj
                0x000000000000b2a0       0x22 /storage/apps/eclipse-avr/workspace/ArduinoCore-1.0/Mega2560/libArduinoCore-1.0.a(WString.o)
                0x000000000000b2a0                operator+(StringSumHelper const&, unsigned int)
 .text._ZplRK15StringSumHelperi
                0x000000000000b2c2       0x22 /storage/apps/eclipse-avr/workspace/ArduinoCore-1.0/Mega2560/libArduinoCore-1.0.a(WString.o)
                0x000000000000b2c2                operator+(StringSumHelper const&, int)
 .text._ZplRK15StringSumHelperh
                0x000000000000b2e4       0x22 /storage/apps/eclipse-avr/workspace/ArduinoCore-1.0/Mega2560/libArduinoCore-1.0.a(WString.o)
                0x000000000000b2e4                operator+(StringSumHelper const&, unsigned char)
 .text._ZplRK15StringSumHelperc
                0x000000000000b306       0x22 /storage/apps/eclipse-avr/workspace/ArduinoCore-1.0/Mega2560/libArduinoCore-1.0.a(WString.o)
                0x000000000000b306                operator+(StringSumHelper const&, char)
 .text._ZplRK15StringSumHelperPKc
                0x000000000000b328       0x38 /storage/apps/eclipse-avr/workspace/ArduinoCore-1.0/Mega2560/libArduinoCore-1.0.a(WString.o)
                0x000000000000b328                operator+(StringSumHelper const&, char const*)
 .text._ZplRK15StringSumHelperRK6String
                0x000000000000b360       0x2c /storage/apps/eclipse-avr/workspace/ArduinoCore-1.0/Mega2560/libArduinoCore-1.0.a(WString.o)
                0x000000000000b360                operator+(StringSumHelper const&, String const&)
 .text._ZN6String4copyEPKcj
                0x000000000000b38c       0x42 /storage/apps/eclipse-avr/workspace/ArduinoCore-1.0/Mega2560/libArduinoCore-1.0.a(WString.o)
                0x000000000000b38c                String::copy(char const*, unsigned int)
 .text._ZN6StringC1EPKc
                0x000000000000b3ce       0x34 /storage/apps/eclipse-avr/workspace/ArduinoCore-1.0/Mega2560/libArduinoCore-1.0.a(WString.o)
                0x000000000000b3ce                String::String(char const*)
 .text._ZN6StringC2EPKc
                0x000000000000b402       0x34 /storage/apps/eclipse-avr/workspace/ArduinoCore-1.0/Mega2560/libArduinoCore-1.0.a(WString.o)
                0x000000000000b402                String::String(char const*)
 .text._ZN6StringaSEPKc
                0x000000000000b436       0x32 /storage/apps/eclipse-avr/workspace/ArduinoCore-1.0/Mega2560/libArduinoCore-1.0.a(WString.o)
                0x000000000000b436                String::operator=(char const*)
 .text._ZN6StringC1Emh
                0x000000000000b468       0x64 /storage/apps/eclipse-avr/workspace/ArduinoCore-1.0/Mega2560/libArduinoCore-1.0.a(WString.o)
                0x000000000000b468                String::String(unsigned long, unsigned char)
 .text._ZN6StringC2Emh
                0x000000000000b4cc       0x64 /storage/apps/eclipse-avr/workspace/ArduinoCore-1.0/Mega2560/libArduinoCore-1.0.a(WString.o)
                0x000000000000b4cc                String::String(unsigned long, unsigned char)
 .text._ZN6StringC1Elh
                0x000000000000b530       0x64 /storage/apps/eclipse-avr/workspace/ArduinoCore-1.0/Mega2560/libArduinoCore-1.0.a(WString.o)
                0x000000000000b530                String::String(long, unsigned char)
 .text._ZN6StringC2Elh
                0x000000000000b594       0x64 /storage/apps/eclipse-avr/workspace/ArduinoCore-1.0/Mega2560/libArduinoCore-1.0.a(WString.o)
                0x000000000000b594                String::String(long, unsigned char)
 .text._ZN6StringC1Ejh
                0x000000000000b5f8       0x62 /storage/apps/eclipse-avr/workspace/ArduinoCore-1.0/Mega2560/libArduinoCore-1.0.a(WString.o)
                0x000000000000b5f8                String::String(unsigned int, unsigned char)
 .text._ZN6StringC2Ejh
                0x000000000000b65a       0x62 /storage/apps/eclipse-avr/workspace/ArduinoCore-1.0/Mega2560/libArduinoCore-1.0.a(WString.o)
                0x000000000000b65a                String::String(unsigned int, unsigned char)
 .text._ZN6StringC1Eih
                0x000000000000b6bc       0x62 /storage/apps/eclipse-avr/workspace/ArduinoCore-1.0/Mega2560/libArduinoCore-1.0.a(WString.o)
                0x000000000000b6bc                String::String(int, unsigned char)
 .text._ZN6StringC2Eih
                0x000000000000b71e       0x62 /storage/apps/eclipse-avr/workspace/ArduinoCore-1.0/Mega2560/libArduinoCore-1.0.a(WString.o)
                0x000000000000b71e                String::String(int, unsigned char)
 .text._ZN6StringC1Ehh
                0x000000000000b780       0x64 /storage/apps/eclipse-avr/workspace/ArduinoCore-1.0/Mega2560/libArduinoCore-1.0.a(WString.o)
                0x000000000000b780                String::String(unsigned char, unsigned char)
 .text._ZN6StringC2Ehh
                0x000000000000b7e4       0x64 /storage/apps/eclipse-avr/workspace/ArduinoCore-1.0/Mega2560/libArduinoCore-1.0.a(WString.o)
                0x000000000000b7e4                String::String(unsigned char, unsigned char)
 .text._ZN6StringC1Ec
                0x000000000000b848       0x34 /storage/apps/eclipse-avr/workspace/ArduinoCore-1.0/Mega2560/libArduinoCore-1.0.a(WString.o)
                0x000000000000b848                String::String(char)
 .text._ZN6StringC2Ec
                0x000000000000b87c       0x34 /storage/apps/eclipse-avr/workspace/ArduinoCore-1.0/Mega2560/libArduinoCore-1.0.a(WString.o)
                0x000000000000b87c                String::String(char)
 .text._ZNK6String9substringEjj
                0x000000000000b8b0       0x8e /storage/apps/eclipse-avr/workspace/ArduinoCore-1.0/Mega2560/libArduinoCore-1.0.a(WString.o)
                0x000000000000b8b0                String::substring(unsigned int, unsigned int) const
 .text._ZNK6String9substringEj
                0x000000000000b93e       0x18 /storage/apps/eclipse-avr/workspace/ArduinoCore-1.0/Mega2560/libArduinoCore-1.0.a(WString.o)
                0x000000000000b93e                String::substring(unsigned int) const
 .text._ZN6StringaSERKS_
                0x000000000000b956       0x2e /storage/apps/eclipse-avr/workspace/ArduinoCore-1.0/Mega2560/libArduinoCore-1.0.a(WString.o)
                0x000000000000b956                String::operator=(String const&)
 .text._ZN6StringC1ERKS_
                0x000000000000b984       0x16 /storage/apps/eclipse-avr/workspace/ArduinoCore-1.0/Mega2560/libArduinoCore-1.0.a(WString.o)
                0x000000000000b984                String::String(String const&)
 .text._ZN6StringC2ERKS_
                0x000000000000b99a       0x16 /storage/apps/eclipse-avr/workspace/ArduinoCore-1.0/Mega2560/libArduinoCore-1.0.a(WString.o)
                0x000000000000b99a                String::String(String const&)
 .text._ZN6StringD1Ev
                0x000000000000b9b0        0xc /storage/apps/eclipse-avr/workspace/ArduinoCore-1.0/Mega2560/libArduinoCore-1.0.a(WString.o)
                0x000000000000b9b0                String::~String()
 .text._ZN6StringD2Ev
                0x000000000000b9bc        0xc /storage/apps/eclipse-avr/workspace/ArduinoCore-1.0/Mega2560/libArduinoCore-1.0.a(WString.o)
                0x000000000000b9bc                String::~String()
 .text.__cxa_guard_acquire
                0x000000000000b9c8       0x14 /storage/apps/eclipse-avr/workspace/ArduinoCore-1.0/Mega2560/libArduinoCore-1.0.a(new.o)
                0x000000000000b9c8                __cxa_guard_acquire
 .text.__cxa_guard_release
                0x000000000000b9dc        0x8 /storage/apps/eclipse-avr/workspace/ArduinoCore-1.0/Mega2560/libArduinoCore-1.0.a(new.o)
                0x000000000000b9dc                __cxa_guard_release
 .text.__cxa_guard_abort
                0x000000000000b9e4        0x2 /storage/apps/eclipse-avr/workspace/ArduinoCore-1.0/Mega2560/libArduinoCore-1.0.a(new.o)
                0x000000000000b9e4                __cxa_guard_abort
 .text.__cxa_pure_virtual
                0x000000000000b9e6        0x2 /storage/apps/eclipse-avr/workspace/ArduinoCore-1.0/Mega2560/libArduinoCore-1.0.a(new.o)
                0x000000000000b9e6                __cxa_pure_virtual
 .text._ZdlPv   0x000000000000b9e8        0x6 /storage/apps/eclipse-avr/workspace/ArduinoCore-1.0/Mega2560/libArduinoCore-1.0.a(new.o)
                0x000000000000b9e8                operator delete(void*)
 .text._Znwj    0x000000000000b9ee        0x6 /storage/apps/eclipse-avr/workspace/ArduinoCore-1.0/Mega2560/libArduinoCore-1.0.a(new.o)
                0x000000000000b9ee                operator new(unsigned int)
 .text.__vector_23
                0x000000000000b9f4       0xa8 /storage/apps/eclipse-avr/workspace/ArduinoCore-1.0/Mega2560/libArduinoCore-1.0.a(wiring.o)
                0x000000000000b9f4                __vector_23
 .text.millis   0x000000000000ba9c       0x1c /storage/apps/eclipse-avr/workspace/ArduinoCore-1.0/Mega2560/libArduinoCore-1.0.a(wiring.o)
                0x000000000000ba9c                millis
 .text.micros   0x000000000000bab8       0x4c /storage/apps/eclipse-avr/workspace/ArduinoCore-1.0/Mega2560/libArduinoCore-1.0.a(wiring.o)
                0x000000000000bab8                micros
 .text.delay    0x000000000000bb04       0x4c /storage/apps/eclipse-avr/workspace/ArduinoCore-1.0/Mega2560/libArduinoCore-1.0.a(wiring.o)
                0x000000000000bb04                delay
 .text.delayMicroseconds
                0x000000000000bb50       0x14 /storage/apps/eclipse-avr/workspace/ArduinoCore-1.0/Mega2560/libArduinoCore-1.0.a(wiring.o)
                0x000000000000bb50                delayMicroseconds
 .text.init     0x000000000000bb64       0xbe /storage/apps/eclipse-avr/workspace/ArduinoCore-1.0/Mega2560/libArduinoCore-1.0.a(wiring.o)
                0x000000000000bb64                init
 .text.analogReference
                0x000000000000bc22        0x6 /storage/apps/eclipse-avr/workspace/ArduinoCore-1.0/Mega2560/libArduinoCore-1.0.a(wiring_analog.o)
                0x000000000000bc22                analogReference
 .text.analogRead
                0x000000000000bc28       0x68 /storage/apps/eclipse-avr/workspace/ArduinoCore-1.0/Mega2560/libArduinoCore-1.0.a(wiring_analog.o)
                0x000000000000bc28                analogRead
 .text.analogWrite
                0x000000000000bc90      0x1b6 /storage/apps/eclipse-avr/workspace/ArduinoCore-1.0/Mega2560/libArduinoCore-1.0.a(wiring_analog.o)
                0x000000000000bc90                analogWrite
 .text.pinMode  0x000000000000be46       0x4c /storage/apps/eclipse-avr/workspace/ArduinoCore-1.0/Mega2560/libArduinoCore-1.0.a(wiring_digital.o)
                0x000000000000be46                pinMode
 .text.turnOffPWM
                0x000000000000be92       0xe8 /storage/apps/eclipse-avr/workspace/ArduinoCore-1.0/Mega2560/libArduinoCore-1.0.a(wiring_digital.o)
 .text.digitalWrite
                0x000000000000bf7a       0x66 /storage/apps/eclipse-avr/workspace/ArduinoCore-1.0/Mega2560/libArduinoCore-1.0.a(wiring_digital.o)
                0x000000000000bf7a                digitalWrite
 .text.digitalRead
                0x000000000000bfe0       0x60 /storage/apps/eclipse-avr/workspace/ArduinoCore-1.0/Mega2560/libArduinoCore-1.0.a(wiring_digital.o)
                0x000000000000bfe0                digitalRead
 .text.libgcc   0x000000000000c040       0x3e /usr/lib/gcc/avr/4.3.5/avr6/libgcc.a(_mulsi3.o)
                0x000000000000c040                __mulsi3
 .text.libgcc   0x000000000000c07e       0x26 /usr/lib/gcc/avr/4.3.5/avr6/libgcc.a(_divmodhi4.o)
                0x000000000000c07e                __divmodhi4
                0x000000000000c07e                _div
 .text.libgcc   0x000000000000c0a4       0x44 /usr/lib/gcc/avr/4.3.5/avr6/libgcc.a(_udivmodsi4.o)
                0x000000000000c0a4                __udivmodsi4
 .text.libgcc   0x000000000000c0e8       0x36 /usr/lib/gcc/avr/4.3.5/avr6/libgcc.a(_divmodsi4.o)
                0x000000000000c0e8                __divmodsi4
 .text.libgcc   0x000000000000c11e        0x0 /usr/lib/gcc/avr/4.3.5/avr6/libgcc.a(_exit.o)
 .text.libgcc   0x000000000000c11e        0x0 /usr/lib/gcc/avr/4.3.5/avr6/libgcc.a(_clear_bss.o)
 .text.libgcc   0x000000000000c11e        0x0 /usr/lib/gcc/avr/4.3.5/avr6/libgcc.a(_ctors.o)
 .text.libgcc   0x000000000000c11e        0x0 /usr/lib/gcc/avr/4.3.5/avr6/libgcc.a(_dtors.o)
 .text.libgcc   0x000000000000c11e       0x28 /usr/lib/gcc/avr/4.3.5/avr6/libgcc.a(_udivmodhi4.o)
                0x000000000000c11e                __udivmodhi4
 .text.libgcc   0x000000000000c146       0x38 /usr/lib/gcc/avr/4.3.5/avr6/libgcc.a(_prologue.o)
                0x000000000000c146                __prologue_saves__
 .text.libgcc   0x000000000000c17e       0x36 /usr/lib/gcc/avr/4.3.5/avr6/libgcc.a(_epilogue.o)
                0x000000000000c17e                __epilogue_restores__
 .text.libgcc   0x000000000000c1b4        0xc /usr/lib/gcc/avr/4.3.5/avr6/libgcc.a(_tablejump.o)
                0x000000000000c1b4                __tablejump2__
                0x000000000000c1b8                __tablejump__
 .text.avr-libc
                0x000000000000c1c0      0x20a /usr/lib/gcc/avr/4.3.5/../../../avr/lib/avr6/libc.a(malloc.o)
                0x000000000000c1c0                malloc
                0x000000000000c31a                free
 .text.avr-libc
                0x000000000000c3ca       0xd6 /usr/lib/gcc/avr/4.3.5/../../../avr/lib/avr6/libc.a(random.o)
                0x000000000000c47e                random_r
                0x000000000000c484                random
                0x000000000000c48e                srandom
 .text.avr-libc
                0x000000000000c4a0      0x1b8 /usr/lib/gcc/avr/4.3.5/../../../avr/lib/avr6/libc.a(realloc.o)
                0x000000000000c4a0                realloc
 .text.avr-libc
                0x000000000000c658       0x3c /usr/lib/gcc/avr/4.3.5/../../../avr/lib/avr6/libc.a(atoi.o)
                0x000000000000c658                atoi
 .text.avr-libc
                0x000000000000c694       0x4e /usr/lib/gcc/avr/4.3.5/../../../avr/lib/avr6/libc.a(atol.o)
                0x000000000000c694                atol
 .text.avr-libc
                0x000000000000c6e2       0x10 /usr/lib/gcc/avr/4.3.5/../../../avr/lib/avr6/libc.a(isspace.o)
                0x000000000000c6e2                isspace
 .text.avr-libc
                0x000000000000c6f2       0x10 /usr/lib/gcc/avr/4.3.5/../../../avr/lib/avr6/libc.a(tolower.o)
                0x000000000000c6f2                tolower
 .text.avr-libc
                0x000000000000c702       0x10 /usr/lib/gcc/avr/4.3.5/../../../avr/lib/avr6/libc.a(toupper.o)
                0x000000000000c702                toupper
 .text.avr-libc
                0x000000000000c712        0xa /usr/lib/gcc/avr/4.3.5/../../../avr/lib/avr6/libc.a(strtok.o)
                0x000000000000c712                strtok
 .text.avr-libc
                0x000000000000c71c       0x1a /usr/lib/gcc/avr/4.3.5/../../../avr/lib/avr6/libc.a(memcmp.o)
                0x000000000000c71c                memcmp
 .text.avr-libc
                0x000000000000c736       0x12 /usr/lib/gcc/avr/4.3.5/../../../avr/lib/avr6/libc.a(memcpy.o)
                0x000000000000c736                memcpy
 .text.avr-libc
                0x000000000000c748       0x24 /usr/lib/gcc/avr/4.3.5/../../../avr/lib/avr6/libc.a(memmove.o)
                0x000000000000c748                memmove
 .text.avr-libc
                0x000000000000c76c        0xe /usr/lib/gcc/avr/4.3.5/../../../avr/lib/avr6/libc.a(memset.o)
                0x000000000000c76c                memset
 .text.avr-libc
                0x000000000000c77a       0x16 /usr/lib/gcc/avr/4.3.5/../../../avr/lib/avr6/libc.a(strchr.o)
                0x000000000000c77a                strchr
 .text.avr-libc
                0x000000000000c790       0x12 /usr/lib/gcc/avr/4.3.5/../../../avr/lib/avr6/libc.a(strcmp.o)
                0x000000000000c790                strcmp
 .text.avr-libc
                0x000000000000c7a2        0xe /usr/lib/gcc/avr/4.3.5/../../../avr/lib/avr6/libc.a(strcpy.o)
                0x000000000000c7a2                strcpy
 .text.avr-libc
                0x000000000000c7b0       0x1c /usr/lib/gcc/avr/4.3.5/../../../avr/lib/avr6/libc.a(strncmp.o)
                0x000000000000c7b0                strncmp
 .text.avr-libc
                0x000000000000c7cc       0x1e /usr/lib/gcc/avr/4.3.5/../../../avr/lib/avr6/libc.a(strncpy.o)
                0x000000000000c7cc                strncpy
 .text.avr-libc
                0x000000000000c7ea       0x16 /usr/lib/gcc/avr/4.3.5/../../../avr/lib/avr6/libc.a(strrchr.o)
                0x000000000000c7ea                strrchr
 .text.avr-libc
                0x000000000000c800       0x34 /usr/lib/gcc/avr/4.3.5/../../../avr/lib/avr6/libc.a(strstr.o)
                0x000000000000c800                strstr
 .text.avr-libc
                0x000000000000c834       0x4e /usr/lib/gcc/avr/4.3.5/../../../avr/lib/avr6/libc.a(strtok_r.o)
                0x000000000000c834                strtok_r
 .text.avr-libc
                0x000000000000c882       0x42 /usr/lib/gcc/avr/4.3.5/../../../avr/lib/avr6/libc.a(itoa.o)
                0x000000000000c882                itoa
 .text.avr-libc
                0x000000000000c8c4       0x68 /usr/lib/gcc/avr/4.3.5/../../../avr/lib/avr6/libc.a(ltoa.o)
                0x000000000000c8c4                ltoa
 .text.avr-libc
                0x000000000000c92c       0x2a /usr/lib/gcc/avr/4.3.5/../../../avr/lib/avr6/libc.a(mulsi10.o)
                0x000000000000c92c                __mulsi_const_10
 .text.avr-libc
                0x000000000000c956       0x10 /usr/lib/gcc/avr/4.3.5/../../../avr/lib/avr6/libc.a(mul10.o)
                0x000000000000c956                __mulhi_const_10
 .text.avr-libc
                0x000000000000c966       0x4a /usr/lib/gcc/avr/4.3.5/../../../avr/lib/avr6/libc.a(ultoa.o)
                0x000000000000c966                ultoa
 .text.avr-libc
                0x000000000000c9b0       0x2c /usr/lib/gcc/avr/4.3.5/../../../avr/lib/avr6/libc.a(utoa.o)
                0x000000000000c9b0                utoa
 .text.avr-libc
                0x000000000000c9dc       0x62 /usr/lib/gcc/avr/4.3.5/../../../avr/lib/avr6/libc.a(sprintf.o)
                0x000000000000c9dc                sprintf
 .text.avr-libc
                0x000000000000ca3e      0x40c /usr/lib/gcc/avr/4.3.5/../../../avr/lib/avr6/libc.a(vfprintf_std.o)
                0x000000000000ca3e                vfprintf
 .text.avr-libc
                0x000000000000ce4a        0x6 /usr/lib/gcc/avr/4.3.5/../../../avr/lib/avr6/libc.a(cty_isfalse.o)
                0x000000000000ce4a                __ctype_isfalse
                0x000000000000ce4e                __ctype_istrue
 .text.avr-libc
                0x000000000000ce50       0x16 /usr/lib/gcc/avr/4.3.5/../../../avr/lib/avr6/libc.a(strnlen_P.o)
                0x000000000000ce50                strnlen_P
 .text.avr-libc
                0x000000000000ce66       0x16 /usr/lib/gcc/avr/4.3.5/../../../avr/lib/avr6/libc.a(strnlen.o)
                0x000000000000ce66                strnlen
 .text.avr-libc
                0x000000000000ce7c       0x20 /usr/lib/gcc/avr/4.3.5/../../../avr/lib/avr6/libc.a(strrev.o)
                0x000000000000ce7c                strrev
 .text.avr-libc
                0x000000000000ce9c       0x58 /usr/lib/gcc/avr/4.3.5/../../../avr/lib/avr6/libc.a(fputc.o)
                0x000000000000ce9c                fputc
 .text.avr-libc
                0x000000000000cef4       0xbc /usr/lib/gcc/avr/4.3.5/../../../avr/lib/avr6/libc.a(ultoa_invert.o)
                0x000000000000cef4                __ultoa_invert
                0x000000000000cfb0                . = ALIGN (0x2)
 *(.fini9)
 .fini9         0x000000000000cfb0        0x0 /usr/lib/gcc/avr/4.3.5/avr6/libgcc.a(_exit.o)
                0x000000000000cfb0                exit
                0x000000000000cfb0                _exit
 *(.fini9)
 *(.fini8)
 *(.fini8)
 *(.fini7)
 *(.fini7)
 *(.fini6)
 .fini6         0x000000000000cfb0       0x16 /usr/lib/gcc/avr/4.3.5/avr6/libgcc.a(_dtors.o)
                0x000000000000cfb0                __do_global_dtors
 *(.fini6)
 *(.fini5)
 *(.fini5)
 *(.fini4)
 *(.fini4)
 *(.fini3)
 *(.fini3)
 *(.fini2)
 *(.fini2)
 *(.fini1)
 *(.fini1)
 *(.fini0)
 .fini0         0x000000000000cfc6        0x4 /usr/lib/gcc/avr/4.3.5/avr6/libgcc.a(_exit.o)
 *(.fini0)
                0x000000000000cfca                _etext = .

.data           0x0000000000800200      0x3aa load address 0x000000000000cfca
                0x0000000000800200                PROVIDE (__data_start, .)
 *(.data)
 .data          0x0000000000800200        0x0 /usr/lib/gcc/avr/4.3.5/../../../avr/lib/avr6/crtm2560.o
 .data          0x0000000000800200        0x0 ./src/DallasTemperature.o
 .data          0x0000000000800200       0x10 ./src/OneWire.o
 .data          0x0000000000800210      0x149 ./src/main.o
                0x0000000000800343                sdcardPin
                0x0000000000800345                ethernetPin
                0x0000000000800347                mac
                0x000000000080034d                ip
                0x0000000000800351                temp1
 .data          0x0000000000800359        0x0 ./arduinolib/SPI/SPI.o
 .data          0x0000000000800359        0x0 ./arduinolib/Ethernet/utility/socket.o
 .data          0x0000000000800359        0x0 ./arduinolib/Ethernet/utility/w5100.o
 .data          0x0000000000800359        0xd ./arduinolib/Ethernet/Dhcp.o
                0x0000000000800360                vtable for Printable
 .data          0x0000000000800366        0x6 ./arduinolib/Ethernet/Dns.o
 .data          0x000000000080036c        0x6 ./arduinolib/Ethernet/Ethernet.o
 .data          0x0000000000800372       0x50 ./arduinolib/Ethernet/EthernetClient.o
                0x0000000000800372                EthernetClient::_srcport
                0x0000000000800374                vtable for EthernetClient
                0x0000000000800396                vtable for Client
                0x00000000008003b2                vtable for Stream
 .data          0x00000000008003c2       0x40 ./arduinolib/Ethernet/EthernetServer.o
                0x00000000008003c2                vtable for EthernetServer
                0x00000000008003f8                vtable for Server
 .data          0x0000000000800402       0x5e ./arduinolib/Ethernet/EthernetUdp.o
                0x0000000000800402                vtable for EthernetUDP
                0x000000000080042c                vtable for UDP
 .data          0x0000000000800460        0x0 /storage/apps/eclipse-avr/workspace/ArduinoCore-1.0/Mega2560/libArduinoCore-1.0.a(HardwareSerial.o)
 .data          0x0000000000800460        0x0 /storage/apps/eclipse-avr/workspace/ArduinoCore-1.0/Mega2560/libArduinoCore-1.0.a(IPAddress.o)
 .data          0x0000000000800460        0x2 /storage/apps/eclipse-avr/workspace/ArduinoCore-1.0/Mega2560/libArduinoCore-1.0.a(Print.o)
 .data          0x0000000000800462        0x0 /storage/apps/eclipse-avr/workspace/ArduinoCore-1.0/Mega2560/libArduinoCore-1.0.a(WMath.o)
 .data          0x0000000000800462        0x1 /storage/apps/eclipse-avr/workspace/ArduinoCore-1.0/Mega2560/libArduinoCore-1.0.a(WString.o)
 .data          0x0000000000800463        0x0 /storage/apps/eclipse-avr/workspace/ArduinoCore-1.0/Mega2560/libArduinoCore-1.0.a(new.o)
 .data          0x0000000000800463        0x0 /storage/apps/eclipse-avr/workspace/ArduinoCore-1.0/Mega2560/libArduinoCore-1.0.a(wiring.o)
 .data          0x0000000000800463        0x0 /storage/apps/eclipse-avr/workspace/ArduinoCore-1.0/Mega2560/libArduinoCore-1.0.a(wiring_analog.o)
 .data          0x0000000000800463        0x0 /storage/apps/eclipse-avr/workspace/ArduinoCore-1.0/Mega2560/libArduinoCore-1.0.a(wiring_digital.o)
 .data          0x0000000000800463        0x0 /usr/lib/gcc/avr/4.3.5/avr6/libgcc.a(_mulsi3.o)
 .data          0x0000000000800463        0x0 /usr/lib/gcc/avr/4.3.5/avr6/libgcc.a(_divmodhi4.o)
 .data          0x0000000000800463        0x0 /usr/lib/gcc/avr/4.3.5/avr6/libgcc.a(_udivmodsi4.o)
 .data          0x0000000000800463        0x0 /usr/lib/gcc/avr/4.3.5/avr6/libgcc.a(_divmodsi4.o)
 .data          0x0000000000800463        0x0 /usr/lib/gcc/avr/4.3.5/avr6/libgcc.a(_exit.o)
 .data          0x0000000000800463        0x0 /usr/lib/gcc/avr/4.3.5/avr6/libgcc.a(_clear_bss.o)
 .data          0x0000000000800463        0x0 /usr/lib/gcc/avr/4.3.5/avr6/libgcc.a(_ctors.o)
 .data          0x0000000000800463        0x0 /usr/lib/gcc/avr/4.3.5/avr6/libgcc.a(_dtors.o)
 .data          0x0000000000800463        0x0 /usr/lib/gcc/avr/4.3.5/avr6/libgcc.a(_fixunssfsi.o)
 .data          0x0000000000800463        0x0 /usr/lib/gcc/avr/4.3.5/avr6/libgcc.a(_addsub_sf.o)
 .data          0x0000000000800463        0x0 /usr/lib/gcc/avr/4.3.5/avr6/libgcc.a(_mul_sf.o)
 .data          0x0000000000800463        0x0 /usr/lib/gcc/avr/4.3.5/avr6/libgcc.a(_div_sf.o)
 .data          0x0000000000800463        0x0 /usr/lib/gcc/avr/4.3.5/avr6/libgcc.a(_ge_sf.o)
 .data          0x0000000000800463        0x0 /usr/lib/gcc/avr/4.3.5/avr6/libgcc.a(_lt_sf.o)
 .data          0x0000000000800463        0x0 /usr/lib/gcc/avr/4.3.5/avr6/libgcc.a(_si_to_sf.o)
 .data          0x0000000000800463        0x0 /usr/lib/gcc/avr/4.3.5/avr6/libgcc.a(_sf_to_si.o)
 .data          0x0000000000800463        0x8 /usr/lib/gcc/avr/4.3.5/avr6/libgcc.a(_thenan_sf.o)
                0x0000000000800463                __thenan_sf
 .data          0x000000000080046b        0x0 /usr/lib/gcc/avr/4.3.5/avr6/libgcc.a(_usi_to_sf.o)
 .data          0x000000000080046b        0x0 /usr/lib/gcc/avr/4.3.5/avr6/libgcc.a(_udivmodhi4.o)
 .data          0x000000000080046b        0x0 /usr/lib/gcc/avr/4.3.5/avr6/libgcc.a(_prologue.o)
 .data          0x000000000080046b        0x0 /usr/lib/gcc/avr/4.3.5/avr6/libgcc.a(_epilogue.o)
 .data          0x000000000080046b        0x0 /usr/lib/gcc/avr/4.3.5/avr6/libgcc.a(_tablejump.o)
 .data          0x000000000080046b        0x0 /usr/lib/gcc/avr/4.3.5/avr6/libgcc.a(_clzsi2.o)
 .data          0x000000000080046b        0x0 /usr/lib/gcc/avr/4.3.5/avr6/libgcc.a(_pack_sf.o)
 .data          0x000000000080046b        0x0 /usr/lib/gcc/avr/4.3.5/avr6/libgcc.a(_unpack_sf.o)
 .data          0x000000000080046b        0x0 /usr/lib/gcc/avr/4.3.5/avr6/libgcc.a(_fpcmp_parts_sf.o)
 .data          0x000000000080046b      0x100 /usr/lib/gcc/avr/4.3.5/avr6/libgcc.a(_clz.o)
                0x000000000080046b                __clz_tab
 .data          0x000000000080056b        0x6 /usr/lib/gcc/avr/4.3.5/../../../avr/lib/avr6/libc.a(malloc.o)
                0x000000000080056b                __malloc_margin